Component: Arm Compiler for Embedded 6.19 Tool: armlink [5e73cb00]

==============================================================================

Section Cross References

    main.o(.text.main) refers to patch.o(_section_xip_code_) for init_config
    main.o(.text.main) refers to patch.o(i.ll_patch_slave) for ll_patch_slave
    main.o(.text.main) refers to patch.o(i.hal_rom_boot_init) for hal_rom_boot_init
    main.o(.text.main) refers to gpio.o(.text.hal_gpio_pull_set) for hal_gpio_pull_set
    main.o(.text.main) refers to pwrmgr.o(.text.hal_pwrmgr_RAM_retention) for hal_pwrmgr_RAM_retention
    main.o(.text.main) refers to pwrmgr.o(.text.hal_pwrmgr_RAM_retention_set) for hal_pwrmgr_RAM_retention_set
    main.o(.text.main) refers to pwrmgr.o(.text.hal_pwrmgr_LowCurrentLdo_enable) for hal_pwrmgr_LowCurrentLdo_enable
    main.o(.text.main) refers to clock.o(.text.hal_rtc_clock_config) for hal_rtc_clock_config
    main.o(.text.main) refers to pwrmgr.o(.text.hal_pwrmgr_init) for hal_pwrmgr_init
    main.o(.text.main) refers to flash.o(.text.hal_spif_cache_init) for hal_spif_cache_init
    main.o(.text.main) refers to gpio.o(.text.hal_gpio_init) for hal_gpio_init
    main.o(.text.main) refers to pwm.o(.text.hal_pwm_module_init) for hal_pwm_module_init
    main.o(.text.main) refers to fs.o(.text.hal_fs_init) for hal_fs_init
    main.o(.text.main) refers to my_printf.o(.text.dbg_printf) for dbg_printf
    main.o(.text.main) refers to findmy_main.o(.text.app_main) for app_main
    main.o(.text.main) refers to main.o(.bss.g_clk32K_config) for g_clk32K_config
    main.o(.text.main) refers to main.o(.bss.g_largeHeap) for g_largeHeap
    main.o(.text.main) refers to main.o(.bss.pConnContext) for pConnContext
    main.o(.text.main) refers to main.o(.bss.g_pConnectionBuffer) for g_pConnectionBuffer
    main.o(.text.main) refers to main.o(.rodata.str1.1) for [Anonymous Symbol]
    main.o(.ARM.exidx.text.main) refers to main.o(.text.main) for [Anonymous Symbol]
    uart.o(_section_sram_code_) refers to pwrmgr.o(.text.hal_pwrmgr_unlock) for hal_pwrmgr_unlock
    uart.o(_section_sram_code_) refers to uart.o(.bss.m_uartCtx) for [Anonymous Symbol]
    uart.o(_section_sram_code_) refers to uart.o(.rodata..L__const.irq_tx_empty_handler.evt) for [Anonymous Symbol]
    uart.o(.ARM.exidx_section_sram_code_) refers to uart.o(_section_sram_code_) for [Anonymous Symbol]
    uart.o(_section_sram_code_) refers to pwrmgr.o(.text.hal_pwrmgr_unlock) for hal_pwrmgr_unlock
    uart.o(_section_sram_code_) refers to uart.o(.bss.m_uartCtx) for [Anonymous Symbol]
    uart.o(_section_sram_code_) refers to uart.o(.rodata..L__const.irq_tx_empty_handler.evt) for [Anonymous Symbol]
    uart.o(.ARM.exidx_section_sram_code_) refers to uart.o(_section_sram_code_) for [Anonymous Symbol]
    uart.o(.text.hal_uart_init) refers to uart.o(.text.uart_hw_init) for uart_hw_init
    uart.o(.text.hal_uart_init) refers to pwrmgr.o(.text.hal_pwrmgr_register) for hal_pwrmgr_register
    uart.o(.text.hal_uart_init) refers to uart.o(.bss.m_uartCtx) for [Anonymous Symbol]
    uart.o(.text.hal_uart_init) refers to uart.o(.text.uart_wakeup_process_1) for uart_wakeup_process_1
    uart.o(.text.hal_uart_init) refers to uart.o(.text.uart_wakeup_process_0) for uart_wakeup_process_0
    uart.o(.ARM.exidx.text.hal_uart_init) refers to uart.o(.text.hal_uart_init) for [Anonymous Symbol]
    uart.o(.text.uart_hw_init) refers to gpio.o(.text.hal_gpio_fmux) for hal_gpio_fmux
    uart.o(.text.uart_hw_init) refers to clock.o(.text.hal_clk_reset) for hal_clk_reset
    uart.o(.text.uart_hw_init) refers to clock.o(.text.hal_clk_gate_disable) for hal_clk_gate_disable
    uart.o(.text.uart_hw_init) refers to clock.o(.text.hal_clk_gate_enable) for hal_clk_gate_enable
    uart.o(.text.uart_hw_init) refers to gpio.o(.text.hal_gpio_pull_set) for hal_gpio_pull_set
    uart.o(.text.uart_hw_init) refers to gpio.o(.text.hal_gpio_fmux_set) for hal_gpio_fmux_set
    uart.o(.text.uart_hw_init) refers to uart.o(.bss.m_uartCtx) for [Anonymous Symbol]
    uart.o(.text.uart_hw_init) refers to uart.o(_section_sram_code_) for hal_UART1_IRQHandler
    uart.o(.text.uart_hw_init) refers to uart.o(_section_sram_code_) for hal_UART0_IRQHandler
    uart.o(.ARM.exidx.text.uart_hw_init) refers to uart.o(.text.uart_hw_init) for [Anonymous Symbol]
    uart.o(.text.uart_wakeup_process_0) refers to uart.o(.text.uart_hw_init) for uart_hw_init
    uart.o(.ARM.exidx.text.uart_wakeup_process_0) refers to uart.o(.text.uart_wakeup_process_0) for [Anonymous Symbol]
    uart.o(.text.uart_wakeup_process_1) refers to uart.o(.text.uart_hw_init) for uart_hw_init
    uart.o(.ARM.exidx.text.uart_wakeup_process_1) refers to uart.o(.text.uart_wakeup_process_1) for [Anonymous Symbol]
    uart.o(.text.hal_uart_deinit) refers to gpio.o(.text.hal_gpio_fmux) for hal_gpio_fmux
    uart.o(.text.hal_uart_deinit) refers to clock.o(.text.hal_clk_reset) for hal_clk_reset
[...]
    ll_patch_slave                           0x1fff4df1   Thumb Code    38  patch.o(i.ll_patch_slave)
    ll_processBasicIRQ_SRX                   0x1fff4e3d   Thumb Code    20  patch.o(i.ll_processBasicIRQ_SRX)
    ll_processBasicIRQ_ScanTRX               0x1fff4e55   Thumb Code    20  patch.o(i.ll_processBasicIRQ_ScanTRX)
    ll_processBasicIRQ_secondaryAdvTRX       0x1fff4e6d   Thumb Code    20  patch.o(i.ll_processBasicIRQ_secondaryAdvTRX)
    ll_processBasicIRQ_secondaryInitSRX      0x1fff4e85   Thumb Code    20  patch.o(i.ll_processBasicIRQ_secondaryInitSRX)
    ll_processBasicIRQ_secondaryScanSRX      0x1fff4e9d   Thumb Code    20  patch.o(i.ll_processBasicIRQ_secondaryScanSRX)
    ll_scheduler2                            0x1fff4eb5   Thumb Code    56  patch.o(i.ll_scheduler2)
    malloc                                   0x1fff4efd   Thumb Code    92  malloc.o(i.malloc)
    rc32k_calibration                        0x1fff4f69   Thumb Code   112  rf_phy_driver.o(i.rc32k_calibration)
    rc32k_cap_cal                            0x1fff4fdd   Thumb Code    74  patch.o(i.rc32k_cap_cal)
    rf_calibrate1                            0x1fff5061   Thumb Code    32  rf_phy_driver.o(i.rf_calibrate1)
    rf_phy_ana_cfg                           0x1fff5091   Thumb Code   228  rf_phy_driver.o(i.rf_phy_ana_cfg)
    rf_phy_bb_cfg                            0x1fff51a9   Thumb Code   304  rf_phy_driver.o(i.rf_phy_bb_cfg)
    rf_phy_change_cfg0                       0x1fff534d   Thumb Code   138  rf_phy_driver.o(i.rf_phy_change_cfg0)
    rf_phy_ini                               0x1fff53f5   Thumb Code    42  rf_phy_driver.o(i.rf_phy_ini)
    rf_phy_set_txPower                       0x1fff5431   Thumb Code   108  rf_phy_driver.o(i.rf_phy_set_txPower)
    rf_rxDcoc_cfg                            0x1fff54a5   Thumb Code   236  rf_phy_driver.o(i.rf_rxDcoc_cfg)
    rf_tpCal_gen_cap_arrary                  0x1fff55c5   Thumb Code    60  rf_phy_driver.o(i.rf_tpCal_gen_cap_arrary)
    rf_tp_cal                                0x1fff5611   Thumb Code   236  rf_phy_driver.o(i.rf_tp_cal)
    wakeupProcess1                           0x1fff572d   Thumb Code   392  patch.o(i.wakeupProcess1)
    wakeup_init1                             0x1fff5909   Thumb Code   270  patch.o(i.wakeup_init1)
    ringProfileBuzzerEnableUUID              0x1fff5a68   Data           2  ringprofile.o(.rodata.ringProfileBuzzerEnableUUID)
    ringProfileCBs                           0x1fff5a6c   Data          12  ringprofile.o(.rodata.ringProfileCBs)
    ringProfileUUID                          0x1fff5a80   Data           2  ringprofile.o(.rodata.ringProfileUUID)
    tasksArr                                 0x1fff5b28   Data          40  osal_findmy.o(.rodata.tasksArr)
    tasksCnt                                 0x1fff5b50   Data           1  osal_findmy.o(.rodata.tasksCnt)
    Region$$Table$$Base                      0x1fff5b54   Number         0  anon$$obj.o(Region$$Table)
    Region$$Table$$Limit                     0x1fff5ba4   Number         0  anon$$obj.o(Region$$Table)
    CreateConn_Flag                          0x1fff5ba8   Data           1  patch.o(.data)
    g_lastSlaveLatency                       0x1fff5baa   Data           2  patch.o(.data)
    pGlobal_config                           0x1fff5bac   Data           4  patch.o(.data)
    g_t_llhwgo                               0x1fff5bb0   Data           4  patch.o(.data)
    g_xtal16M_tmp                            0x1fff5bb4   Data           4  patch.o(.data)
    g_xtal96M_temp                           0x1fff5bb8   Data           4  patch.o(.data)
    DLL_enable_num                           0x1fff5bbc   Data           4  patch.o(.data)
    tracking_cnt                             0x1fff5bc0   Data           4  patch.o(.data)
    sleep_total                              0x1fff5bc4   Data           4  patch.o(.data)
    g_ATT_MTU_SIZE_MAX                       0x1fff5bc8   Data           2  att_util.o(.data)
    g_ATT_MAX_NUM_HANDLES_INFO               0x1fff5bca   Data           2  att_util.o(.data)
    g_ATT_MAX_NUM_HANDLES                    0x1fff5bcc   Data           2  att_util.o(.data)
    gAttMtuSize                              0x1fff5bce   Data           2  att_util.o(.data)
    g_attMtuClientServer                     0x1fff5bd0   Data           4  att_util.o(.data)
    gapAppTaskID                             0x1fff5bd4   Data           1  gap_configmgr.o(.data)
    gapProfileRole                           0x1fff5bd5   Data           1  gap_configmgr.o(.data)
    gapDeviceAddrMode                        0x1fff5bd6   Data           1  gap_configmgr.o(.data)
    gapAutoAdvPrivateAddrChange              0x1fff5bd7   Data           1  gap_configmgr.o(.data)
    gapPrivateAddrChangeTimeout              0x1fff5bd8   Data           2  gap_configmgr.o(.data)
    pGapDiscReq                              0x1fff5c30   Data           4  gap_devmgr.o(.data)
    pGapAdvertState                          0x1fff5c34   Data           4  gap_devmgr.o(.data)
    pEstLink                                 0x1fff5c3c   Data           4  gap_linkmgr.o(.data)
    pAuthLink                                0x1fff5c40   Data           4  gap_linkmgr.o(.data)
    pfnCentralConnCBs                        0x1fff5c44   Data           4  gap_linkmgr.o(.data)
    gapUnwantedTaskID                        0x1fff5c64   Data           1  gap_task.o(.data)
    gapTaskID                                0x1fff5c65   Data           1  gap_task.o(.data)
    pfnPeripheralCBs                         0x1fff5c68   Data           4  gap_task.o(.data)
    reqTaskId                                0x1fff5c70   Data           1  gatt_server.o(.data)
    serverInfoTbl                            0x1fff5c78   Data           8  gatt_server.o(.data)
    gattTaskID                               0x1fff5c80   Data           1  gatt_task.o(.data)
    l2capTaskID                              0x1fff5c8d   Data           1  l2cap_task.o(.data)
    smTaskID                                 0x1fff5c9c   Data           1  sm_task.o(.data)
    s_company_id                             0x1fff5ca0   Data           4  phy_sec_ext.o(.data)
    g_ota_sec_key_valid                      0x1fff5ca4   Data           1  phy_sec_ext.o(.data)
    l2capExtendFragments                     0x1fff5ca6   Data           1  l2cap_util.o(.data)
    currSeqNum                               0x1fff5ca8   Data           2  l2cap_util.o(.data)
    pPairingParams                           0x1fff5cb0   Data           4  sm_pairing.o(.data)
    pfnResponderCBs                          0x1fff5cb4   Data           4  sm_pairing.o(.data)
    __microlib_freelist                      0x1fff5cbc   Data           4  mvars.o(.data)
    __microlib_freelist_initialised          0x1fff5cc0   Data           4  mvars.o(.data)
    s_config_swClk1                          0x1fff5cc4   Data           4  pwrmgr.o(.data..L_MergedGlobals)
    beepCount                                0x1fff5d74   Data           4  findmy.o(.data..L_MergedGlobals)
    SystemCoreClock                          0x1fff5dd4   Data           4  system_armcm0.o(.data.SystemCoreClock)
    appTaskID                                0x1fff5dd8   Data           1  gattservapp.o(.data.appTaskID)
    phy_flash                                0x1fff5e20   Data          12  flash.o(.data.phy_flash)
    pwroff_register_number                   0x1fff5fa9   Data           1  pwrmgr.o(_section_standby_var_)
    l2capFixedChannels                       0x1fff5fec   Data          16  l2cap_task.o(.bss)
    l2capChannels                            0x1fff5ffc   Data          30  l2cap_task.o(.bss)
    smState_CBTimer                          0x1fff6058   Data          15  sm_rsppairing.o(.bss)
    g_ota_sec_key                            0x1fff6068   Data          16  phy_sec_ext.o(.bss)
    l2capReassemblePkt                       0x1fff6078   Data          16  l2cap_util.o(.bss)
    l2capSegmentPkt                          0x1fff6088   Data          92  l2cap_util.o(.bss)
    g_sarDbgCnt                              0x1fff60e4   Data          52  l2cap_util.o(.bss)
    smTO_CBTimer                             0x1fff6118   Data          15  sm_mgr.o(.bss)
    GATTServApp_TaskID                       0x1fff618c   Data           1  gattservapp.o(.bss..L_MergedGlobals)
    s_gpio_wakeup_src_group1                 0x1fff61a8   Data           4  pwrmgr.o(.bss..L_MergedGlobals.1)
    s_gpio_wakeup_src_group2                 0x1fff61ac   Data           4  pwrmgr.o(.bss..L_MergedGlobals.1)
    taskId                                   0x1fff61cc   Data           1  findmy.o(.bss..L_MergedGlobals.12)
    devMacData                               0x1fff61cd   Data           6  findmy.o(.bss..L_MergedGlobals.12)
    pwmCh                                    0x1fff61d4   Data          10  findmy.o(.bss..L_MergedGlobals.12)
    gapRole_AdvEnabled                       0x1fff61e0   Data           1  peripheral.o(.bss..L_MergedGlobals.4)
    gapRole_AdvEventType                     0x1fff61e4   Data           1  peripheral.o(.bss..L_MergedGlobals.4)
    g_clk32K_config                          0x1fff634f   Data           1  main.o(.bss.g_clk32K_config)
    g_largeHeap                              0x1fff6350   Data        4096  main.o(.bss.g_largeHeap)
    g_pConnectionBuffer                      0x1fff7350   Data         480  main.o(.bss.g_pConnectionBuffer)
    key_state                                0x1fff7534   Data          20  key.o(.bss.key_state)
    pConnContext                             0x1fff772c   Data         644  main.o(.bss.pConnContext)
    tasksEvents                              0x1fff7bb0   Data           4  osal_findmy.o(.bss.tasksEvents)
    trap_c_callback                          0x1fff7bb4   Data           4  jump_table.o(.bss.trap_c_callback)
    __heap_base                              0x1fff7bb8   Data           0  startup_armcm0.o(HEAP)
    __heap_limit                             0x1fff7db8   Data           0  startup_armcm0.o(HEAP)
    __initial_sp                             0x1fff81b8   Data           0  startup_armcm0.o(STACK)



==============================================================================

Memory Map of the image

  Image Entry point : 0x1fff1841

  Load Region LR_IROM1 (Base: 0x1fff1838, Size: 0x00004778, Max: 0x0000e7c8, ABSOLUTE, COMPRESSED[0x000044d8])

    Execution Region ER_IROM1 (Exec base: 0x1fff1838, Load base: 0x1fff1838, Size: 0x00006980, Max: 0x0000e7c8, ABSOLUTE, COMPRESSED[0x00000168])

    Exec Addr    Load Addr    Size         Type   Attr      Idx    E Section Name        Object

    0x1fff1838   0x1fff1838   0x00000008   Data   RO          746    RESET               startup_armcm0.o
    0x1fff1840   0x1fff1840   0x00000000   Code   RO         1842  * .ARM.Collect$$$$00000000  mc_p.l(entry.o)
    0x1fff1840   0x1fff1840   0x00000004   Code   RO         1875    .ARM.Collect$$$$00000001  mc_p.l(entry2.o)
    0x1fff1844   0x1fff1844   0x00000004   Code   RO         1878    .ARM.Collect$$$$00000004  mc_p.l(entry5.o)
    0x1fff1848   0x1fff1848   0x00000000   Code   RO         1880    .ARM.Collect$$$$00000008  mc_p.l(entry7b.o)
    0x1fff1848   0x1fff1848   0x00000000   Code   RO         1882    .ARM.Collect$$$$0000000A  mc_p.l(entry8b.o)
    0x1fff1848   0x1fff1848   0x00000008   Code   RO         1883    .ARM.Collect$$$$0000000B  mc_p.l(entry9a.o)
    0x1fff1850   0x1fff1850   0x00000000   Code   RO         1885    .ARM.Collect$$$$0000000D  mc_p.l(entry10a.o)
    0x1fff1850   0x1fff1850   0x00000000   Code   RO         1887    .ARM.Collect$$$$0000000F  mc_p.l(entry11a.o)
    0x1fff1850   0x1fff1850   0x00000004   Code   RO         1876    .ARM.Collect$$$$00002712  mc_p.l(entry2.o)
    0x1fff1854   0x1fff1854   0x00000014   Code   RO          747    .text               startup_armcm0.o
    0x1fff1868   0x1fff1868   0x00000028   Code   RO         1845    .text               mc_p.l(strstr.o)
    0x1fff1890   0x1fff1890   0x00000024   Code   RO         1891    .text               mc_p.l(init.o)
    0x1fff18b4   0x1fff18b4   0x00000056   Code   RO         1901    .text               mc_p.l(__dczerorl2.o)
    0x1fff190a   COMPRESSED   0x00000002   PAD
    0x1fff190c   0x1fff190c   0x00000020   Code   RO          724    .text.RingProfile_AddService  ringprofile.o
    0x1fff192c   0x1fff192c   0x00000014   Code   RO          726    .text.RingProfile_RegisterAppCBs  ringprofile.o
    0x1fff1940   0x1fff1940   0x00000010   Code   RO          756    .text.SystemInit    system_armcm0.o
    0x1fff1950   0x1fff1950   0x000000c0   Code   RO          319    .text._spif_wait_nobusy_x  flash.o
    0x1fff1a10   0x1fff1a10   0x00000014   Code   RO          700    .text.app_main      findmy_main.o
    0x1fff1a24   0x1fff1a24   0x00000224   Code   RO          404    .text.fs_init       fs.o
    0x1fff1c48   0x1fff1c48   0x000001cc   Code   RO          392    .text.fs_search_items  fs.o
    0x1fff1e14   0x1fff1e14   0x00000020   Code   RO          142    .text.hal_TIMER5_IRQHandler  timer.o
    0x1fff1e34   0x1fff1e34   0x00000024   Code   RO          144    .text.hal_TIMER6_IRQHandler  timer.o
    0x1fff1e58   0x1fff1e58   0x0000003c   Code   RO           52    .text.hal_clk_gate_disable  clock.o
    0x1fff1e94   0x1fff1e94   0x00000040   Code   RO           50    .text.hal_clk_gate_enable  clock.o
    0x1fff1ed4   0x1fff1ed4   0x00000144   Code   RO          325    .text.hal_flash_read  flash.o
    0x1fff2018   0x1fff2018   0x00000160   Code   RO          327    .text.hal_flash_write  flash.o
    0x1fff2178   0x1fff2178   0x00000028   Code   RO          408    .text.hal_fs_init   fs.o
    0x1fff21a0   0x1fff21a0   0x00000184   Code   RO          317    .text.hal_get_flash_info  flash.o
    0x1fff2324   0x1fff2324   0x00000034   Code   RO          213    .text.hal_pwrmgr_LowCurrentLdo_enable  pwrmgr.o
    0x1fff2358   0x1fff2358   0x00000024   Code   RO          209    .text.hal_pwrmgr_RAM_retention  pwrmgr.o
    0x1fff237c   0x1fff237c   0x00000018   Code   RO          207    .text.hal_pwrmgr_RAM_retention_set  pwrmgr.o
    0x1fff2394   0x1fff2394   0x0000002c   Code   RO          189    .text.hal_pwrmgr_init  pwrmgr.o
    0x1fff23c0   0x1fff23c0   0x000000bc   Code   RO          195    .text.hal_pwrmgr_lock  pwrmgr.o
    0x1fff247c   0x1fff247c   0x000000d0   Code   RO          199    .text.hal_pwrmgr_register  pwrmgr.o
    0x1fff254c   0x1fff254c   0x000000c0   Code   RO          205    .text.hal_pwrmgr_sleep_process  pwrmgr.o
    0x1fff260c   0x1fff260c   0x00000130   Code   RO          197    .text.hal_pwrmgr_unlock  pwrmgr.o
    0x1fff273c   0x1fff273c   0x00000108   Code   RO          203    .text.hal_pwrmgr_wakeup_process  pwrmgr.o
    0x1fff2844   0x1fff2844   0x0000007c   Code   RO           60    .text.hal_rtc_clock_config  clock.o
    0x1fff28c0   0x1fff28c0   0x00000024   Code   RO          321    .text.hal_spif_cache_init  flash.o
    0x1fff28e4   0x1fff28e4   0x000002dc   Code   RO           36    .text.hal_uart_send_buff  uart.o
    0x1fff2bc0   0x1fff2bc0   0x0000004c   Code   RO          662    .text.hard_fault    jump_table.o
    0x1fff2c0c   0x1fff2c0c   0x00000120   Code   RO          323    .text.hw_spif_cache_config  flash.o
    0x1fff2d2c   0x1fff2d2c   0x00000288   Code   RO            2    .text.main          main.o
    0x1fff2fb4   0x1fff2fb4   0x0000005c   Code   RO          708    .text.osalInitTasks  osal_findmy.o
    0x1fff3010   0x1fff3010   0x00000026   Code   RO          720    .text.ringProfile_ReadAttrCB  ringprofile.o
    0x1fff3036   COMPRESSED   0x00000002   PAD
    0x1fff3038   0x1fff3038   0x000000bc   Code   RO          722    .text.ringProfile_WriteAttrCB  ringprofile.o
    0x1fff30f4   0x1fff30f4   0x0000000c   Ven    RO         1903    Veneer$$Code        anon$$obj.o
    0x1fff3100   0x1fff3100   0x0000000c   Ven    RO         1904    Veneer$$Code        anon$$obj.o
    0x1fff310c   0x1fff310c   0x0000000c   Ven    RO         1905    Veneer$$Code        anon$$obj.o
    0x1fff3118   0x1fff3118   0x0000000c   Ven    RO         1906    Veneer$$Code        anon$$obj.o
    0x1fff3124   0x1fff3124   0x0000000c   Ven    RO         1907    Veneer$$Code        anon$$obj.o
    0x1fff3130   0x1fff3130   0x0000000c   Ven    RO         1908    Veneer$$Code        anon$$obj.o
    0x1fff313c   0x1fff313c   0x0000000c   Ven    RO         1909    Veneer$$Code        anon$$obj.o
    0x1fff3148   0x1fff3148   0x0000000c   Ven    RO         1910    Veneer$$Code        anon$$obj.o
    0x1fff3154   0x1fff3154   0x0000000c   Ven    RO         1911    Veneer$$Code        anon$$obj.o
    0x1fff3160   0x1fff3160   0x0000000c   Ven    RO         1912    Veneer$$Code        anon$$obj.o
    0x1fff316c   0x1fff316c   0x0000000c   Ven    RO         1913    Veneer$$Code        anon$$obj.o
    0x1fff3178   0x1fff3178   0x0000000c   Ven    RO         1914    Veneer$$Code        anon$$obj.o
    0x1fff3184   0x1fff3184   0x0000000c   Ven    RO         1915    Veneer$$Code        anon$$obj.o
    0x1fff3190   0x1fff3190   0x0000000c   Ven    RO         1916    Veneer$$Code        anon$$obj.o
    0x1fff319c   0x1fff319c   0x0000000c   Ven    RO         1917    Veneer$$Code        anon$$obj.o
    0x1fff31a8   0x1fff31a8   0x0000000c   Ven    RO         1918    Veneer$$Code        anon$$obj.o
    0x1fff31b4   0x1fff31b4   0x0000000c   Ven    RO         1919    Veneer$$Code        anon$$obj.o
    0x1fff31c0   0x1fff31c0   0x0000000c   Ven    RO         1920    Veneer$$Code        anon$$obj.o
    0x1fff31cc   0x1fff31cc   0x0000000c   Ven    RO         1921    Veneer$$Code        anon$$obj.o
    0x1fff31d8   0x1fff31d8   0x0000000c   Ven    RO         1922    Veneer$$Code        anon$$obj.o
    0x1fff31e4   0x1fff31e4   0x0000000c   Ven    RO         1923    Veneer$$Code        anon$$obj.o
    0x1fff31f0   0x1fff31f0   0x0000000c   Ven    RO         1924    Veneer$$Code        anon$$obj.o
    0x1fff31fc   0x1fff31fc   0x0000000c   Ven    RO         1925    Veneer$$Code        anon$$obj.o
    0x1fff3208   0x1fff3208   0x0000000c   Ven    RO         1926    Veneer$$Code        anon$$obj.o
    0x1fff3214   0x1fff3214   0x0000000c   Ven    RO         1927    Veneer$$Code        anon$$obj.o
    0x1fff3220   0x1fff3220   0x0000000c   Ven    RO         1928    Veneer$$Code        anon$$obj.o
    0x1fff322c   0x1fff322c   0x0000000c   Ven    RO         1929    Veneer$$Code        anon$$obj.o
    0x1fff3238   0x1fff3238   0x0000000c   Ven    RO         1930    Veneer$$Code        anon$$obj.o
    0x1fff3244   0x1fff3244   0x0000000c   Ven    RO         1931    Veneer$$Code        anon$$obj.o
    0x1fff3250   0x1fff3250   0x0000000c   Ven    RO         1932    Veneer$$Code        anon$$obj.o
    0x1fff325c   0x1fff325c   0x0000000c   Ven    RO         1933    Veneer$$Code        anon$$obj.o
    0x1fff3268   0x1fff3268   0x0000000c   Ven    RO         1934    Veneer$$Code        anon$$obj.o
    0x1fff3274   0x1fff3274   0x0000000c   Ven    RO         1935    Veneer$$Code        anon$$obj.o
    0x1fff3280   0x1fff3280   0x0000000c   Ven    RO         1936    Veneer$$Code        anon$$obj.o
    0x1fff328c   0x1fff328c   0x0000000c   Ven    RO         1937    Veneer$$Code        anon$$obj.o
    0x1fff3298   0x1fff3298   0x0000000c   Ven    RO         1938    Veneer$$Code        anon$$obj.o
    0x1fff32a4   0x1fff32a4   0x0000000c   Ven    RO         1939    Veneer$$Code        anon$$obj.o
    0x1fff32b0   0x1fff32b0   0x0000000c   Ven    RO         1940    Veneer$$Code        anon$$obj.o
    0x1fff32bc   0x1fff32bc   0x0000000c   Ven    RO         1941    Veneer$$Code        anon$$obj.o
    0x1fff32c8   0x1fff32c8   0x0000000c   Ven    RO         1942    Veneer$$Code        anon$$obj.o
    0x1fff32d4   0x1fff32d4   0x0000000c   Ven    RO         1943    Veneer$$Code        anon$$obj.o
    0x1fff32e0   0x1fff32e0   0x0000000c   Ven    RO         1944    Veneer$$Code        anon$$obj.o
    0x1fff32ec   0x1fff32ec   0x0000000c   Ven    RO         1945    Veneer$$Code        anon$$obj.o
    0x1fff32f8   0x1fff32f8   0x0000000c   Ven    RO         1946    Veneer$$Code        anon$$obj.o
    0x1fff3304   0x1fff3304   0x0000000c   Ven    RO         1947    Veneer$$Code        anon$$obj.o
    0x1fff3310   0x1fff3310   0x0000000c   Ven    RO         1948    Veneer$$Code        anon$$obj.o
    0x1fff331c   0x1fff331c   0x0000000c   Ven    RO         1949    Veneer$$Code        anon$$obj.o
    0x1fff3328   0x1fff3328   0x0000000c   Ven    RO         1950    Veneer$$Code        anon$$obj.o
    0x1fff3334   0x1fff3334   0x0000000c   Ven    RO         1951    Veneer$$Code        anon$$obj.o
    0x1fff3340   0x1fff3340   0x0000000c   Ven    RO         1952    Veneer$$Code        anon$$obj.o
    0x1fff334c   0x1fff334c   0x0000000c   Ven    RO         1953    Veneer$$Code        anon$$obj.o
    0x1fff3358   0x1fff3358   0x0000000c   Ven    RO         1954    Veneer$$Code        anon$$obj.o
    0x1fff3364   0x1fff3364   0x0000000c   Ven    RO         1955    Veneer$$Code        anon$$obj.o
    0x1fff3370   0x1fff3370   0x0000000c   Ven    RO         1956    Veneer$$Code        anon$$obj.o
    0x1fff337c   0x1fff337c   0x0000000c   Ven    RO         1957    Veneer$$Code        anon$$obj.o
    0x1fff3388   0x1fff3388   0x0000000c   Ven    RO         1958    Veneer$$Code        anon$$obj.o
    0x1fff3394   0x1fff3394   0x0000000c   Ven    RO         1959    Veneer$$Code        anon$$obj.o
    0x1fff33a0   0x1fff33a0   0x0000000c   Ven    RO         1960    Veneer$$Code        anon$$obj.o
    0x1fff33ac   0x1fff33ac   0x0000000c   Ven    RO         1961    Veneer$$Code        anon$$obj.o
    0x1fff33b8   0x1fff33b8   0x0000000c   Ven    RO         1962    Veneer$$Code        anon$$obj.o
    0x1fff33c4   0x1fff33c4   0x0000000c   Ven    RO         1963    Veneer$$Code        anon$$obj.o
    0x1fff33d0   0x1fff33d0   0x0000000c   Ven    RO         1964    Veneer$$Code        anon$$obj.o
    0x1fff33dc   0x1fff33dc   0x0000000c   Ven    RO         1965    Veneer$$Code        anon$$obj.o
    0x1fff33e8   0x1fff33e8   0x0000000c   Ven    RO         1966    Veneer$$Code        anon$$obj.o
    0x1fff33f4   0x1fff33f4   0x0000000c   Ven    RO         1967    Veneer$$Code        anon$$obj.o
    0x1fff3400   0x1fff3400   0x0000000c   Ven    RO         1968    Veneer$$Code        anon$$obj.o
    0x1fff340c   0x1fff340c   0x0000000c   Ven    RO         1969    Veneer$$Code        anon$$obj.o
    0x1fff3418   0x1fff3418   0x0000000c   Ven    RO         1970    Veneer$$Code        anon$$obj.o
    0x1fff3424   0x1fff3424   0x0000000c   Ven    RO         1971    Veneer$$Code        anon$$obj.o
    0x1fff3430   0x1fff3430   0x0000000c   Ven    RO         1972    Veneer$$Code        anon$$obj.o
    0x1fff343c   0x1fff343c   0x0000000c   Ven    RO         1973    Veneer$$Code        anon$$obj.o
    0x1fff3448   0x1fff3448   0x0000000c   Ven    RO         1974    Veneer$$Code        anon$$obj.o
    0x1fff3454   0x1fff3454   0x0000000c   Ven    RO         1975    Veneer$$Code        anon$$obj.o
    0x1fff3460   0x1fff3460   0x0000000c   Ven    RO         1976    Veneer$$Code        anon$$obj.o
    0x1fff346c   0x1fff346c   0x0000000c   Ven    RO         1977    Veneer$$Code        anon$$obj.o
    0x1fff3478   0x1fff3478   0x0000000c   Ven    RO         1978    Veneer$$Code        anon$$obj.o
    0x1fff3484   0x1fff3484   0x0000000c   Ven    RO         1979    Veneer$$Code        anon$$obj.o
    0x1fff3490   0x1fff3490   0x0000000c   Ven    RO         1980    Veneer$$Code        anon$$obj.o
    0x1fff349c   0x1fff349c   0x0000000c   Ven    RO         1981    Veneer$$Code        anon$$obj.o
    0x1fff34a8   0x1fff34a8   0x0000000c   Ven    RO         1982    Veneer$$Code        anon$$obj.o
    0x1fff34b4   0x1fff34b4   0x0000000c   Ven    RO         1983    Veneer$$Code        anon$$obj.o
    0x1fff34c0   0x1fff34c0   0x0000000c   Ven    RO         1984    Veneer$$Code        anon$$obj.o
    0x1fff34cc   0x1fff34cc   0x0000000c   Ven    RO         1985    Veneer$$Code        anon$$obj.o
    0x1fff34d8   0x1fff34d8   0x0000000c   Ven    RO         1986    Veneer$$Code        anon$$obj.o
    0x1fff34e4   0x1fff34e4   0x0000000c   Ven    RO         1987    Veneer$$Code        anon$$obj.o
    0x1fff34f0   0x1fff34f0   0x0000000c   Ven    RO         1988    Veneer$$Code        anon$$obj.o
    0x1fff34fc   0x1fff34fc   0x0000000c   Ven    RO         1989    Veneer$$Code        anon$$obj.o
    0x1fff3508   0x1fff3508   0x0000000c   Ven    RO         1990    Veneer$$Code        anon$$obj.o
    0x1fff3514   0x1fff3514   0x0000000c   Ven    RO         1991    Veneer$$Code        anon$$obj.o
    0x1fff3520   0x1fff3520   0x0000000c   Ven    RO         1992    Veneer$$Code        anon$$obj.o
    0x1fff352c   0x1fff352c   0x0000000c   Ven    RO         1993    Veneer$$Code        anon$$obj.o
    0x1fff3538   0x1fff3538   0x0000000c   Ven    RO         1994    Veneer$$Code        anon$$obj.o
    0x1fff3544   0x1fff3544   0x0000000c   Ven    RO         1995    Veneer$$Code        anon$$obj.o
    0x1fff3550   0x1fff3550   0x0000000c   Ven    RO         1996    Veneer$$Code        anon$$obj.o
    0x1fff355c   0x1fff355c   0x0000000c   Ven    RO         1997    Veneer$$Code        anon$$obj.o
    0x1fff3568   0x1fff3568   0x0000000c   Ven    RO         1998    Veneer$$Code        anon$$obj.o
    0x1fff3574   0x1fff3574   0x0000000c   Ven    RO         1999    Veneer$$Code        anon$$obj.o
    0x1fff3580   0x1fff3580   0x0000000c   Ven    RO         2000    Veneer$$Code        anon$$obj.o
    0x1fff358c   0x1fff358c   0x0000000c   Ven    RO         2001    Veneer$$Code        anon$$obj.o
    0x1fff3598   0x1fff3598   0x0000000c   Ven    RO         2002    Veneer$$Code        anon$$obj.o
    0x1fff35a4   0x1fff35a4   0x0000000c   Ven    RO         2003    Veneer$$Code        anon$$obj.o
    0x1fff35b0   0x1fff35b0   0x0000000c   Ven    RO         2004    Veneer$$Code        anon$$obj.o
    0x1fff35bc   0x1fff35bc   0x0000000c   Ven    RO         2005    Veneer$$Code        anon$$obj.o
    0x1fff35c8   0x1fff35c8   0x0000000c   Ven    RO         2006    Veneer$$Code        anon$$obj.o
    0x1fff35d4   0x1fff35d4   0x0000000c   Ven    RO         2007    Veneer$$Code        anon$$obj.o
    0x1fff35e0   0x1fff35e0   0x0000000c   Ven    RO         2008    Veneer$$Code        anon$$obj.o
    0x1fff35ec   0x1fff35ec   0x0000000c   Ven    RO         2009    Veneer$$Code        anon$$obj.o
    0x1fff35f8   0x1fff35f8   0x0000000c   Ven    RO         2010    Veneer$$Code        anon$$obj.o
    0x1fff3604   0x1fff3604   0x0000000c   Ven    RO         2011    Veneer$$Code        anon$$obj.o
    0x1fff3610   0x1fff3610   0x0000027c   Code   RO           18    _section_sram_code_  uart.o
    0x1fff388c   0x1fff388c   0x0000028c   Code   RO           20    _section_sram_code_  uart.o
    0x1fff3b18   0x1fff3b18   0x00000050   Code   RO          187    _section_sram_code_  pwrmgr.o
    0x1fff3b68   0x1fff3b68   0x000000a8   Code   RO         1567    _section_sram_code_  ble_host.lib(l2cap_util.o)
    0x1fff3c10   0x1fff3c10   0x00000028   Code   RO          769    i.HCI_LE_LtkReqNegReplyCmd  rf.lib(patch.o)
    0x1fff3c38   0x1fff3c38   0x00000028   Code   RO          770    i.HCI_LE_LtkReqReplyCmd  rf.lib(patch.o)
    0x1fff3c60   0x1fff3c60   0x0000001a   Code   RO          774    i.LL_ENC_AES128_Encrypt1  rf.lib(patch.o)
    0x1fff3c7a   COMPRESSED   0x00000002   PAD
    0x1fff3c7c   0x1fff3c7c   0x00000178   Code   RO          775    i.LL_ENC_Decrypt1   rf.lib(patch.o)
    0x1fff3df4   0x1fff3df4   0x00000160   Code   RO          776    i.LL_ENC_Encrypt1   rf.lib(patch.o)
    0x1fff3f54   0x1fff3f54   0x0000004c   Code   RO          777    i.LL_EncLtkNegReply  rf.lib(patch.o)
    0x1fff3fa0   0x1fff3fa0   0x00000058   Code   RO          778    i.LL_EncLtkReply    rf.lib(patch.o)
    0x1fff3ff8   0x1fff3ff8   0x00000180   Code   RO          779    i.LL_IRQHandler1    rf.lib(patch.o)
    0x1fff4178   0x1fff4178   0x000001ec   Code   RO          784    i.LL_SetAdvControl1  rf.lib(patch.o)
    0x1fff4364   0x1fff4364   0x00000050   Code   RO          785    i.LL_SetAdvParam1   rf.lib(patch.o)
    0x1fff43b4   0x1fff43b4   0x00000030   Code   RO          786    i.LL_SetDataLengh1  rf.lib(patch.o)
    0x1fff43e4   0x1fff43e4   0x00000014   Code   RO          790    i.LL_set_default_conn_params1  rf.lib(patch.o)
    0x1fff43f8   0x1fff43f8   0x00000014   Code   RO          792    i.NVIC_EnableIRQ    rf.lib(patch.o)
    0x1fff440c   0x1fff440c   0x00000006   Code   RO          921    i.__psr             rf.lib(patch.o)
    0x1fff4412   0x1fff4412   0x0000000e   Code   RO         1895    i.__scatterload_copy  mc_p.l(handlers.o)
    0x1fff4420   0x1fff4420   0x00000002   Code   RO         1896    i.__scatterload_null  mc_p.l(handlers.o)
    0x1fff4422   0x1fff4422   0x0000000e   Code   RO         1897    i.__scatterload_zeroinit  mc_p.l(handlers.o)
    0x1fff4430   0x1fff4430   0x00000010   Code   RO          793    i.__wdt_init        rf.lib(patch.o)
    0x1fff4440   0x1fff4440   0x00000020   Code   RO         1544    i._efuse_chip_version_check  rf.lib(phy_sec_ext.o)
    0x1fff4460   0x1fff4460   0x0000001c   Code   RO         1545    i._rom_sec_boot_init  rf.lib(phy_sec_ext.o)
    0x1fff447c   0x1fff447c   0x00000154   Code   RO          794    i.check_16MXtal_by_rcTracking  rf.lib(patch.o)
    0x1fff45d0   0x1fff45d0   0x00000110   Code   RO          795    i.check_96MXtal_by_rcTracking  rf.lib(patch.o)
    0x1fff46e0   0x1fff46e0   0x00000090   Code   RO          797    i.config_RTC1       rf.lib(patch.o)
    0x1fff4770   0x1fff4770   0x00000018   Code   RO         1546    i.efuse_init        rf.lib(phy_sec_ext.o)
    0x1fff4788   0x1fff4788   0x0000002c   Code   RO          799    i.enterSleepProcess1  rf.lib(patch.o)
    0x1fff47b4   0x1fff47b4   0x0000008c   Code   RO         1547    i.finidv            rf.lib(phy_sec_ext.o)
    0x1fff4840   0x1fff4840   0x00000008   Code   RO          801    i.hal_rom_boot_init  rf.lib(patch.o)
    0x1fff4848   0x1fff4848   0x00000040   Code   RO          804    i.llCalcMaxScanTime1  rf.lib(patch.o)
    0x1fff4888   0x1fff4888   0x00000044   Code   RO          805    i.llConnTerminate1  rf.lib(patch.o)
    0x1fff48cc   0x1fff48cc   0x0000000c   Code   RO          809    i.llProcessTxData1  rf.lib(patch.o)
    0x1fff48d8   0x1fff48d8   0x00000050   Code   RO          810    i.llSecAdvAllow1    rf.lib(patch.o)
    0x1fff4928   0x1fff4928   0x0000002c   Code   RO          811    i.llSetupNextSlaveEvent1  rf.lib(patch.o)
    0x1fff4954   0x1fff4954   0x00000098   Code   RO          812    i.llSetupSecAdvEvt1  rf.lib(patch.o)
    0x1fff49ec   0x1fff49ec   0x000000bc   Code   RO          815    i.ll_adptive_adj_next_time1  rf.lib(patch.o)
    0x1fff4aa8   0x1fff4aa8   0x000001ac   Code   RO          816    i.ll_generateTxBuffer1  rf.lib(patch.o)
    0x1fff4c54   0x1fff4c54   0x0000019c   Code   RO          817    i.ll_hw_go1         rf.lib(patch.o)
    0x1fff4df0   0x1fff4df0   0x0000004c   Code   RO          821    i.ll_patch_slave    rf.lib(patch.o)
    0x1fff4e3c   0x1fff4e3c   0x00000018   Code   RO          822    i.ll_processBasicIRQ_SRX  rf.lib(patch.o)
    0x1fff4e54   0x1fff4e54   0x00000018   Code   RO          824    i.ll_processBasicIRQ_ScanTRX  rf.lib(patch.o)
    0x1fff4e6c   0x1fff4e6c   0x00000018   Code   RO          826    i.ll_processBasicIRQ_secondaryAdvTRX  rf.lib(patch.o)
    0x1fff4e84   0x1fff4e84   0x00000018   Code   RO          828    i.ll_processBasicIRQ_secondaryInitSRX  rf.lib(patch.o)
    0x1fff4e9c   0x1fff4e9c   0x00000018   Code   RO          830    i.ll_processBasicIRQ_secondaryScanSRX  rf.lib(patch.o)
    0x1fff4eb4   0x1fff4eb4   0x00000048   Code   RO          833    i.ll_scheduler2     rf.lib(patch.o)
    0x1fff4efc   0x1fff4efc   0x0000006c   Code   RO         1848    i.malloc            mc_p.l(malloc.o)
    0x1fff4f68   0x1fff4f68   0x00000074   Code   RO          929    i.rc32k_calibration  rf.lib(rf_phy_driver.o)
    0x1fff4fdc   0x1fff4fdc   0x00000058   Code   RO          836    i.rc32k_cap_cal     rf.lib(patch.o)
    0x1fff5034   0x1fff5034   0x0000002c   Code   RO          837    i.read_LL_remainder_time1  rf.lib(patch.o)
    0x1fff5060   0x1fff5060   0x00000030   Code   RO          930    i.rf_calibrate1     rf.lib(rf_phy_driver.o)
    0x1fff5090   0x1fff5090   0x00000118   Code   RO          931    i.rf_phy_ana_cfg    rf.lib(rf_phy_driver.o)
    0x1fff51a8   0x1fff51a8   0x000001a4   Code   RO          932    i.rf_phy_bb_cfg     rf.lib(rf_phy_driver.o)
    0x1fff534c   0x1fff534c   0x000000a8   Code   RO          933    i.rf_phy_change_cfg0  rf.lib(rf_phy_driver.o)
    0x1fff53f4   0x1fff53f4   0x0000003c   Code   RO          949    i.rf_phy_ini        rf.lib(rf_phy_driver.o)
    0x1fff5430   0x1fff5430   0x00000074   Code   RO          950    i.rf_phy_set_txPower  rf.lib(rf_phy_driver.o)
    0x1fff54a4   0x1fff54a4   0x00000120   Code   RO          951    i.rf_rxDcoc_cfg     rf.lib(rf_phy_driver.o)
    0x1fff55c4   0x1fff55c4   0x0000004c   Code   RO          954    i.rf_tpCal_gen_cap_arrary  rf.lib(rf_phy_driver.o)
    0x1fff5610   0x1fff5610   0x0000011c   Code   RO          955    i.rf_tp_cal         rf.lib(rf_phy_driver.o)
    0x1fff572c   0x1fff572c   0x000001dc   Code   RO          839    i.wakeupProcess1    rf.lib(patch.o)
    0x1fff5908   0x1fff5908   0x00000140   Code   RO          840    i.wakeup_init1      rf.lib(patch.o)
    0x1fff5a48   0x1fff5a48   0x00000011   Data   RO         1551    .conststring        rf.lib(phy_sec_ext.o)
    0x1fff5a59   COMPRESSED   0x00000003   PAD
    0x1fff5a5c   0x1fff5a5c   0x0000000c   Data   RO           41    .rodata..L__const.irq_tx_empty_handler.evt  uart.o
    0x1fff5a68   0x1fff5a68   0x00000002   Data   RO          729    .rodata.ringProfileBuzzerEnableUUID  ringprofile.o
    0x1fff5a6a   COMPRESSED   0x00000002   PAD
    0x1fff5a6c   0x1fff5a6c   0x0000000c   Data   RO          730    .rodata.ringProfileCBs  ringprofile.o
    0x1fff5a78   0x1fff5a78   0x00000008   Data   RO          732    .rodata.ringProfileService  ringprofile.o
    0x1fff5a80   0x1fff5a80   0x00000002   Data   RO          728    .rodata.ringProfileUUID  ringprofile.o
    0x1fff5a82   0x1fff5a82   0x00000054   Data   RO            5    .rodata.str1.1      main.o
    0x1fff5ad6   0x1fff5ad6   0x00000052   Data   RO          664    .rodata.str1.1      jump_table.o
    0x1fff5b28   0x1fff5b28   0x00000028   Data   RO          710    .rodata.tasksArr    osal_findmy.o
    0x1fff5b50   0x1fff5b50   0x00000001   Data   RO          711    .rodata.tasksCnt    osal_findmy.o
    0x1fff5b51   COMPRESSED   0x00000003   PAD
    0x1fff5b54   0x1fff5b54   0x00000050   Data   RO         1894    Region$$Table       anon$$obj.o
    0x1fff5ba4   COMPRESSED   0x00000004   PAD
    0x1fff5ba8   COMPRESSED   0x00000020   Data   RW          844    .data               rf.lib(patch.o)
    0x1fff5bc8   COMPRESSED   0x00000008   Data   RW         1080    .data               ble_host.lib(att_util.o)
    0x1fff5bd0   COMPRESSED   0x00000004   Data   RW         1081    .data               ble_host.lib(att_util.o)
    0x1fff5bd4   COMPRESSED   0x0000005a   Data   RW         1163    .data               ble_host.lib(gap_configmgr.o)
    0x1fff5c2e   COMPRESSED   0x00000002   PAD
    0x1fff5c30   COMPRESSED   0x00000008   Data   RW         1193    .data               ble_host.lib(gap_devmgr.o)
    0x1fff5c38   COMPRESSED   0x00000010   Data   RW         1225    .data               ble_host.lib(gap_linkmgr.o)
    0x1fff5c48   COMPRESSED   0x0000001c   Data   RW         1275    .data               ble_host.lib(gap_peridevmgr.o)
    0x1fff5c64   COMPRESSED   0x0000000c   Data   RW         1317    .data               ble_host.lib(gap_task.o)
    0x1fff5c70   COMPRESSED   0x00000010   Data   RW         1361    .data               ble_host.lib(gatt_server.o)
    0x1fff5c80   COMPRESSED   0x0000000c   Data   RW         1406    .data               ble_host.lib(gatt_task.o)
    0x1fff5c8c   COMPRESSED   0x00000001   Data   RW         1438    .data               ble_host.lib(l2cap_if.o)
    0x1fff5c8d   COMPRESSED   0x00000001   Data   RW         1459    .data               ble_host.lib(l2cap_task.o)
    0x1fff5c8e   COMPRESSED   0x00000002   PAD
    0x1fff5c90   COMPRESSED   0x0000000c   Data   RW         1511    .data               ble_host.lib(sm_rsppairing.o)
    0x1fff5c9c   COMPRESSED   0x00000001   Data   RW         1533    .data               ble_host.lib(sm_task.o)
    0x1fff5c9d   COMPRESSED   0x00000003   PAD
    0x1fff5ca0   COMPRESSED   0x00000004   Data   RW         1552    .data               rf.lib(phy_sec_ext.o)
    0x1fff5ca4   COMPRESSED   0x00000001   Data   RW         1553    .data               rf.lib(phy_sec_ext.o)
    0x1fff5ca5   COMPRESSED   0x00000001   PAD
    0x1fff5ca6   COMPRESSED   0x00000004   Data   RW         1602    .data               ble_host.lib(l2cap_util.o)
    0x1fff5caa   COMPRESSED   0x00000002   PAD
    0x1fff5cac   COMPRESSED   0x00000004   Data   RW         1668    .data               ble_host.lib(sm_mgr.o)
    0x1fff5cb0   COMPRESSED   0x0000000c   Data   RW         1726    .data               ble_host.lib(sm_pairing.o)
    0x1fff5cbc   COMPRESSED   0x00000004   Data   RW         1889    .data               mc_p.l(mvars.o)
    0x1fff5cc0   COMPRESSED   0x00000004   Data   RW         1890    .data               mc_p.l(mvars.o)
    0x1fff5cc4   COMPRESSED   0x00000008   Data   RW          224    .data..L_MergedGlobals  pwrmgr.o
    0x1fff5ccc   COMPRESSED   0x00000004   PAD
    0x1fff5cd0   COMPRESSED   0x00000078   Data   RW          508    .data..L_MergedGlobals  gapgattserver.o
    0x1fff5d48   COMPRESSED   0x0000002b   Data   RW          650    .data..L_MergedGlobals  peripheral.o
    0x1fff5d73   COMPRESSED   0x00000001   PAD
    0x1fff5d74   COMPRESSED   0x00000060   Data   RW          690    .data..L_MergedGlobals  findmy.o
    0x1fff5dd4   COMPRESSED   0x00000004   Data   RW          758    .data.SystemCoreClock  system_armcm0.o
    0x1fff5dd8   COMPRESSED   0x00000001   Data   RW          615    .data.appTaskID     gattservapp.o
    0x1fff5dd9   COMPRESSED   0x00000001   Data   RW          506    .data.appearanceCharProps  gapgattserver.o
    0x1fff5dda   COMPRESSED   0x00000001   Data   RW          505    .data.deviceNameCharProps  gapgattserver.o
    0x1fff5ddb   COMPRESSED   0x00000001   PAD
    0x1fff5ddc   COMPRESSED   0x00000040   Data   RW          617    .data.gattAttrTbl   gattservapp.o
    0x1fff5e1c   COMPRESSED   0x00000001   Data   RW          507    .data.periConnParamCharProps  gapgattserver.o
    0x1fff5e1d   COMPRESSED   0x00000003   PAD
    0x1fff5e20   COMPRESSED   0x0000000c   Data   RW          345    .data.phy_flash     flash.o
    0x1fff5e2c   COMPRESSED   0x00000006   Data   RW          291    .data.pwm_gpio_map  pwm.o
    0x1fff5e32   COMPRESSED   0x00000002   PAD
    0x1fff5e34   COMPRESSED   0x00000150   Data   RW          736    .data.ringProfileAttrTbl  ringprofile.o
    0x1fff5f84   COMPRESSED   0x0000001a   Data   RW          735    .data.ringProfileEnableBuzzerDesc  ringprofile.o
    0x1fff5f9e   COMPRESSED   0x00000001   Data   RW          733    .data.ringProfileEnableBuzzerProps  ringprofile.o
    0x1fff5f9f   COMPRESSED   0x00000001   PAD
    0x1fff5fa0   COMPRESSED   0x00000008   Data   RW          346    .data.s_xflashCtx   flash.o
    0x1fff5fa8   COMPRESSED   0x00000001   Data   RW          620    .data.serviceChangedCharProps  gattservapp.o
    0x1fff5fa9   COMPRESSED   0x00000001   Data   RW          222    _section_standby_var_  pwrmgr.o
    0x1fff5faa   COMPRESSED   0x00000006   PAD
    0x1fff5fb0        -       0x00000020   Zero   RW          841    .bss                rf.lib(patch.o)
    0x1fff5fd0        -       0x0000001c   Zero   RW         1162    .bss                ble_host.lib(gap_configmgr.o)
    0x1fff5fec        -       0x0000002e   Zero   RW         1458    .bss                ble_host.lib(l2cap_task.o)
    0x1fff601a   COMPRESSED   0x00000002   PAD
    0x1fff601c        -       0x0000003c   Zero   RW         1481    .bss                ble_host.lib(linkdb.o)
    0x1fff6058        -       0x0000000f   Zero   RW         1510    .bss                ble_host.lib(sm_rsppairing.o)
    0x1fff6067   COMPRESSED   0x00000001   PAD
    0x1fff6068        -       0x00000010   Zero   RW         1549    .bss                rf.lib(phy_sec_ext.o)
    0x1fff6078        -       0x000000a0   Zero   RW         1601    .bss                ble_host.lib(l2cap_util.o)
    0x1fff6118        -       0x0000000f   Zero   RW         1666    .bss                ble_host.lib(sm_mgr.o)
    0x1fff6127   COMPRESSED   0x00000001   PAD
    0x1fff6128        -       0x00000046   Zero   RW          292    .bss..L_MergedGlobals  pwm.o
    0x1fff616e   COMPRESSED   0x00000002   PAD
    0x1fff6170        -       0x0000001c   Zero   RW          412    .bss..L_MergedGlobals  fs.o
    0x1fff618c        -       0x0000001c   Zero   RW          623    .bss..L_MergedGlobals  gattservapp.o
    0x1fff61a8        -       0x0000000c   Zero   RW          225    .bss..L_MergedGlobals.1  pwrmgr.o
    0x1fff61b4        -       0x00000018   Zero   RW          509    .bss..L_MergedGlobals.1  gapgattserver.o
    0x1fff61cc        -       0x00000012   Zero   RW          691    .bss..L_MergedGlobals.12  findmy.o
    0x1fff61de   COMPRESSED   0x00000002   PAD
    0x1fff61e0        -       0x00000079   Zero   RW          651    .bss..L_MergedGlobals.4  peripheral.o
    0x1fff6259        -       0x000000f6   Zero   RW          622    .bss.attrValue      gattservapp.o
    0x1fff634f        -       0x00000001   Zero   RW            4    .bss.g_clk32K_config  main.o
    0x1fff6350        -       0x00001000   Zero   RW            8    .bss.g_largeHeap    main.o
    0x1fff7350        -       0x000001e0   Zero   RW            6    .bss.g_pConnectionBuffer  main.o
    0x1fff7530        -       0x00000004   Zero   RW          503    .bss.ggs_AppCBs     gapgattserver.o
    0x1fff7534        -       0x00000014   Zero   RW          256    .bss.key_state      key.o
    0x1fff7548        -       0x00000078   Zero   RW          221    .bss.mCtx           pwrmgr.o
    0x1fff75c0        -       0x0000012c   Zero   RW          133    .bss.m_gpioCtx      gpio.o
    0x1fff76ec        -       0x00000040   Zero   RW           40    .bss.m_uartCtx      uart.o
    0x1fff772c        -       0x00000284   Zero   RW            7    .bss.pConnContext   main.o
    0x1fff79b0        -       0x000000f8   Zero   RW          618    .bss.prepareQueue   gattservapp.o
    0x1fff7aa8        -       0x00000001   Zero   RW          734    .bss.ringProfileEnableBuzzer  ringprofile.o
    0x1fff7aa9   COMPRESSED   0x00000003   PAD
    0x1fff7aac        -       0x00000004   Zero   RW          731    .bss.ringProfile_AppCBs  ringprofile.o
    0x1fff7ab0        -       0x000000fa   Zero   RW          621    .bss.rsp            gattservapp.o
    0x1fff7baa   COMPRESSED   0x00000002   PAD
    0x1fff7bac        -       0x00000004   Zero   RW          161    .bss.s_ap_callback  timer.o
    0x1fff7bb0        -       0x00000004   Zero   RW          712    .bss.tasksEvents    osal_findmy.o
    0x1fff7bb4        -       0x00000004   Zero   RW          665    .bss.trap_c_callback  jump_table.o
    0x1fff7bb8        -       0x00000200   Zero   RW          745    HEAP                startup_armcm0.o
    0x1fff7db8        -       0x00000400   Zero   RW          744    STACK               startup_armcm0.o



  Load Region LR_ROM_JT_GC (Base: 0x1fff0000, Size: 0x00000800, Max: 0x00000800, ABSOLUTE, COMPRESSED[0x0000040c])

    Execution Region JUMP_TABLE (Exec base: 0x1fff0000, Load base: 0x1fff0000, Size: 0x00000400, Max: 0x00000400, ABSOLUTE)

    Exec Addr    Load Addr    Size         Type   Attr      Idx    E Section Name        Object

    0x1fff0000   0x1fff0000   0x00000400   Data   RO          666    jump_table_mem_area  jump_table.o


    Execution Region GOLBAL_CONFIG (Exec base: 0x1fff0400, Load base: 0x1fff0400, Size: 0x00000400, Max: 0x00000400, ABSOLUTE, COMPRESSED[0x0000000c])

    Exec Addr    Load Addr    Size         Type   Attr      Idx    E Section Name        Object

    0x1fff0400   COMPRESSED   0x00000400   Data   RW          667    global_config_area  jump_table.o



  Load Region LR_ROM_XIP (Base: 0x11020000, Size: 0x0000819c, Max: 0x00020000, ABSOLUTE)

    Execution Region ER_ROM_XIP (Exec base: 0x11020000, Load base: 0x11020000, Size: 0x0000819c, Max: 0x00020000, ABSOLUTE)

    Exec Addr    Load Addr    Size         Type   Attr      Idx    E Section Name        Object

    0x11020000   0x11020000   0x0000019c   Code   RO          680    .text.FindMy_Init   findmy.o
    0x1102019c   0x1102019c   0x000001c4   Code   RO          684    .text.FindMy_ProcessEvent  findmy.o
    0x11020360   0x11020360   0x00000048   Code   RO          644    .text.GAPRole_Init  peripheral.o
    0x110203a8   0x110203a8   0x000004a8   Code   RO          646    .text.GAPRole_ProcessEvent  peripheral.o
    0x11020850   0x11020850   0x000000a0   Code   RO          648    .text.GAPRole_SendUpdateParam  peripheral.o
    0x110208f0   0x110208f0   0x00000308   Code   RO          632    .text.GAPRole_SetParameter  peripheral.o
    0x11020bf8   0x11020bf8   0x00000044   Code   RO          638    .text.GAPRole_StartDevice  peripheral.o
    0x11020c3c   0x11020c3c   0x00000084   Code   RO          421    .text.GAP_DeviceInit  gap.o
    0x11020cc0   0x11020cc0   0x00000088   Code   RO          587    .text.GATTServApp_AddService  gattservapp.o
    0x11020d48   0x11020d48   0x00000048   Code   RO          569    .text.GATTServApp_Init  gattservapp.o
    0x11020d90   0x11020d90   0x0000008c   Code   RO          607    .text.GATTServApp_ProcessCCCWriteReq  gattservapp.o
    0x11020e1c   0x11020e1c   0x0000091c   Code   RO          575    .text.GATTServApp_ProcessEvent  gattservapp.o
    0x11021738   0x11021738   0x00000310   Code   RO          591    .text.GATTServApp_ReadAttr  gattservapp.o
    0x11021a48   0x11021a48   0x0000007c   Code   RO          577    .text.GATTServApp_RegisterService  gattservapp.o
    0x11021ac4   0x11021ac4   0x0000003c   Code   RO          609    .text.GATTServApp_SendCCCUpdatedEvent  gattservapp.o
    0x11021b00   0x11021b00   0x0000001c   Code   RO          496    .text.GGS_AddService  gapgattserver.o
    0x11021b1c   0x11021b1c   0x0000013c   Code   RO          488    .text.GGS_SetParameter  gapgattserver.o
    0x11021c58   0x11021c58   0x000004d4   Code   RO          234    .text.dbg_printf    my_printf.o
    0x1102212c   0x1102212c   0x00000064   Code   RO          634    .text.gapRole_startConnUpdate  peripheral.o
    0x11022190   0x11022190   0x000000a4   Code   RO          573    .text.gattServApp_HandleConnStatusCB  gattservapp.o
    0x11022234   0x11022234   0x000000dc   Code   RO          565    .text.gattServApp_WriteAttrCB  gattservapp.o
    0x11022310   0x11022310   0x000000cc   Code   RO          484    .text.ggs_ReadAttrCB  gapgattserver.o
    0x110223dc   0x110223dc   0x00000114   Code   RO          486    .text.ggs_WriteAttrCB  gapgattserver.o
    0x110224f0   0x110224f0   0x000000dc   Code   RO          254    .text.gpio_key_timer_handler  key.o
    0x110225cc   0x110225cc   0x000000ac   Code   RO          112    .text.hal_GPIO_IRQHandler  gpio.o
    0x11022678   0x11022678   0x0000001c   Code   RO           92    .text.hal_gpio_fmux  gpio.o
    0x11022694   0x11022694   0x00000038   Code   RO           94    .text.hal_gpio_fmux_set  gpio.o
    0x110226cc   0x110226cc   0x00000058   Code   RO          120    .text.hal_gpio_init  gpio.o
    0x11022724   0x11022724   0x00000038   Code   RO          108    .text.hal_gpio_pull_set  gpio.o
    0x1102275c   0x1102275c   0x00000018   Code   RO           90    .text.hal_gpio_read  gpio.o
    0x11022774   0x11022774   0x00000130   Code   RO          122    .text.hal_gpio_sleep_handler  gpio.o
    0x110228a4   0x110228a4   0x00000198   Code   RO          124    .text.hal_gpio_wakeup_handler  gpio.o
    0x11022a3c   0x11022a3c   0x000000e0   Code   RO          114    .text.hal_gpioin_enable  gpio.o
    0x11022b1c   0x11022b1c   0x00000118   Code   RO          118    .text.hal_gpioin_register  gpio.o
    0x11022c34   0x11022c34   0x0000014c   Code   RO          283    .text.hal_pwm_ch_start  pwm.o
    0x11022d80   0x11022d80   0x00000080   Code   RO          285    .text.hal_pwm_ch_stop  pwm.o
    0x11022e00   0x11022e00   0x00000220   Code   RO          279    .text.hal_pwm_module_init  pwm.o
    0x11023020   0x11023020   0x00000074   Code   RO          682    .text.keyPressEvt   findmy.o
    0x11023094   0x11023094   0x00000038   Code   RO          250    .text.key_init      key.o
    0x110230cc   0x110230cc   0x000002a4   Code   RO          240    .text.number        my_printf.o
    0x11023370   0x11023370   0x000000a0   Code   RO          686    .text.peripheralEventCB  findmy.o
    0x11023410   0x11023410   0x00000098   Code   RO          252    .text.pin_event_handler  key.o
    0x110234a8   0x110234a8   0x00000018   Code   RO          688    .text.ringProfileChangeCB  findmy.o
    0x110234c0   0x110234c0   0x0000000c   Ven    RO         2012    Veneer$$Code        anon$$obj.o
    0x110234cc   0x110234cc   0x0000000c   Ven    RO         2013    Veneer$$Code        anon$$obj.o
    0x110234d8   0x110234d8   0x0000000c   Ven    RO         2014    Veneer$$Code        anon$$obj.o
    0x110234e4   0x110234e4   0x0000000c   Ven    RO         2015    Veneer$$Code        anon$$obj.o
    0x110234f0   0x110234f0   0x0000000c   Ven    RO         2016    Veneer$$Code        anon$$obj.o
    0x110234fc   0x110234fc   0x0000000c   Ven    RO         2017    Veneer$$Code        anon$$obj.o
    0x11023508   0x11023508   0x0000000c   Ven    RO         2018    Veneer$$Code        anon$$obj.o
    0x11023514   0x11023514   0x0000000c   Ven    RO         2019    Veneer$$Code        anon$$obj.o
    0x11023520   0x11023520   0x0000000c   Ven    RO         2020    Veneer$$Code        anon$$obj.o
    0x1102352c   0x1102352c   0x0000000c   Ven    RO         2021    Veneer$$Code        anon$$obj.o
    0x11023538   0x11023538   0x0000000c   Ven    RO         2022    Veneer$$Code        anon$$obj.o
    0x11023544   0x11023544   0x0000000c   Ven    RO         2023    Veneer$$Code        anon$$obj.o
    0x11023550   0x11023550   0x0000000c   Ven    RO         2024    Veneer$$Code        anon$$obj.o
    0x1102355c   0x1102355c   0x0000000c   Ven    RO         2025    Veneer$$Code        anon$$obj.o
    0x11023568   0x11023568   0x0000000c   Ven    RO         2026    Veneer$$Code        anon$$obj.o
    0x11023574   0x11023574   0x0000000c   Ven    RO         2027    Veneer$$Code        anon$$obj.o
    0x11023580   0x11023580   0x0000000c   Ven    RO         2028    Veneer$$Code        anon$$obj.o
    0x1102358c   0x1102358c   0x0000000c   Ven    RO         2029    Veneer$$Code        anon$$obj.o
    0x11023598   0x11023598   0x0000000c   Ven    RO         2030    Veneer$$Code        anon$$obj.o
    0x110235a4   0x110235a4   0x0000000c   Ven    RO         2031    Veneer$$Code        anon$$obj.o
    0x110235b0   0x110235b0   0x0000000c   Ven    RO         2032    Veneer$$Code        anon$$obj.o
    0x110235bc   0x110235bc   0x0000000c   Ven    RO         2033    Veneer$$Code        anon$$obj.o
    0x110235c8   0x110235c8   0x0000000c   Ven    RO         2034    Veneer$$Code        anon$$obj.o
    0x110235d4   0x110235d4   0x0000000c   Ven    RO         2035    Veneer$$Code        anon$$obj.o
    0x110235e0   0x110235e0   0x0000000c   Ven    RO         2036    Veneer$$Code        anon$$obj.o
    0x110235ec   0x110235ec   0x0000000c   Ven    RO         2037    Veneer$$Code        anon$$obj.o
    0x110235f8   0x110235f8   0x0000000c   Ven    RO         2038    Veneer$$Code        anon$$obj.o
    0x11023604   0x11023604   0x0000000c   Ven    RO         2039    Veneer$$Code        anon$$obj.o
    0x11023610   0x11023610   0x0000000c   Ven    RO         2040    Veneer$$Code        anon$$obj.o
    0x1102361c   0x1102361c   0x0000000c   Ven    RO         2041    Veneer$$Code        anon$$obj.o
    0x11023628   0x11023628   0x0000000c   Ven    RO         2042    Veneer$$Code        anon$$obj.o
    0x11023634   0x11023634   0x0000000c   Ven    RO         2043    Veneer$$Code        anon$$obj.o
    0x11023640   0x11023640   0x0000000c   Ven    RO         2044    Veneer$$Code        anon$$obj.o
    0x1102364c   0x1102364c   0x0000000c   Ven    RO         2045    Veneer$$Code        anon$$obj.o
    0x11023658   0x11023658   0x0000000c   Ven    RO         2046    Veneer$$Code        anon$$obj.o
    0x11023664   0x11023664   0x0000000c   Ven    RO         2047    Veneer$$Code        anon$$obj.o
    0x11023670   0x11023670   0x0000000c   Ven    RO         2048    Veneer$$Code        anon$$obj.o
    0x1102367c   0x1102367c   0x0000000c   Ven    RO         2049    Veneer$$Code        anon$$obj.o
    0x11023688   0x11023688   0x0000000c   Ven    RO         2050    Veneer$$Code        anon$$obj.o
    0x11023694   0x11023694   0x0000000c   Ven    RO         2051    Veneer$$Code        anon$$obj.o
    0x110236a0   0x110236a0   0x0000000c   Ven    RO         2052    Veneer$$Code        anon$$obj.o
    0x110236ac   0x110236ac   0x0000000c   Ven    RO         2053    Veneer$$Code        anon$$obj.o
    0x110236b8   0x110236b8   0x0000000c   Ven    RO         2054    Veneer$$Code        anon$$obj.o
    0x110236c4   0x110236c4   0x0000000c   Ven    RO         2055    Veneer$$Code        anon$$obj.o
    0x110236d0   0x110236d0   0x0000000c   Ven    RO         2056    Veneer$$Code        anon$$obj.o
    0x110236dc   0x110236dc   0x0000000c   Ven    RO         2057    Veneer$$Code        anon$$obj.o
    0x110236e8   0x110236e8   0x0000000c   Ven    RO         2058    Veneer$$Code        anon$$obj.o
    0x110236f4   0x110236f4   0x0000000c   Ven    RO         2059    Veneer$$Code        anon$$obj.o
    0x11023700   0x11023700   0x0000000c   Ven    RO         2060    Veneer$$Code        anon$$obj.o
    0x1102370c   0x1102370c   0x0000000c   Ven    RO         2061    Veneer$$Code        anon$$obj.o
    0x11023718   0x11023718   0x0000000c   Ven    RO         2062    Veneer$$Code        anon$$obj.o
    0x11023724   0x11023724   0x0000000c   Ven    RO         2063    Veneer$$Code        anon$$obj.o
    0x11023730   0x11023730   0x0000000c   Ven    RO         2064    Veneer$$Code        anon$$obj.o
    0x1102373c   0x1102373c   0x0000000c   Ven    RO         2065    Veneer$$Code        anon$$obj.o
    0x11023748   0x11023748   0x0000000c   Ven    RO         2066    Veneer$$Code        anon$$obj.o
    0x11023754   0x11023754   0x0000000c   Ven    RO         2067    Veneer$$Code        anon$$obj.o
    0x11023760   0x11023760   0x0000000c   Ven    RO         2068    Veneer$$Code        anon$$obj.o
    0x1102376c   0x1102376c   0x0000000c   Ven    RO         2069    Veneer$$Code        anon$$obj.o
    0x11023778   0x11023778   0x0000000c   Ven    RO         2070    Veneer$$Code        anon$$obj.o
    0x11023784   0x11023784   0x0000000c   Ven    RO         2071    Veneer$$Code        anon$$obj.o
    0x11023790   0x11023790   0x0000000c   Ven    RO         2072    Veneer$$Code        anon$$obj.o
    0x1102379c   0x1102379c   0x0000000c   Ven    RO         2073    Veneer$$Code        anon$$obj.o
    0x110237a8   0x110237a8   0x0000000c   Ven    RO         2074    Veneer$$Code        anon$$obj.o
    0x110237b4   0x110237b4   0x0000000c   Ven    RO         2075    Veneer$$Code        anon$$obj.o
    0x110237c0   0x110237c0   0x000003f8   Code   RO          767    _section_xip_code_  rf.lib(patch.o)
    0x11023bb8   0x11023bb8   0x00000016   Code   RO         1023    i.ATT_BuildErrorRsp  ble_host.lib(att_util.o)
    0x11023bce   0x11023bce   0x0000000e   Code   RO         1025    i.ATT_BuildExchangeMTURsp  ble_host.lib(att_util.o)
    0x11023bdc   0x11023bdc   0x00000030   Code   RO         1028    i.ATT_BuildFindByTypeValueRsp  ble_host.lib(att_util.o)
    0x11023c0c   0x11023c0c   0x0000006c   Code   RO         1030    i.ATT_BuildFindInfoRsp  ble_host.lib(att_util.o)
    0x11023c78   0x11023c78   0x0000002a   Code   RO         1033    i.ATT_BuildPrepareWriteRsp  ble_host.lib(att_util.o)
    0x11023ca2   0x11023ca2   0x00000010   Code   RO         1035    i.ATT_BuildReadBlobRsp  ble_host.lib(att_util.o)
    0x11023cb2   0x11023cb2   0x0000001a   Code   RO         1036    i.ATT_BuildReadByGrpTypeRsp  ble_host.lib(att_util.o)
    0x11023ccc   0x11023ccc   0x0000001a   Code   RO         1038    i.ATT_BuildReadByTypeRsp  ble_host.lib(att_util.o)
    0x11023ce6   0x11023ce6   0x00000010   Code   RO         1040    i.ATT_BuildReadMultiRsp  ble_host.lib(att_util.o)
    0x11023cf6   0x11023cf6   0x00000010   Code   RO         1042    i.ATT_BuildReadRsp  ble_host.lib(att_util.o)
    0x11023d06   0x11023d06   0x0000004a   Code   RO         1044    i.ATT_CompareUUID   ble_host.lib(att_util.o)
    0x11023d50   0x11023d50   0x0000002c   Code   RO         1045    i.ATT_ConvertUUIDto128  ble_host.lib(att_util.o)
    0x11023d7c   0x11023d7c   0x00000014   Code   RO          991    i.ATT_ErrorRsp      ble_host.lib(att_server.o)
    0x11023d90   0x11023d90   0x00000040   Code   RO          992    i.ATT_ExchangeMTURsp  ble_host.lib(att_server.o)
    0x11023dd0   0x11023dd0   0x0000000e   Code   RO          993    i.ATT_ExecuteWriteRsp  ble_host.lib(att_server.o)
    0x11023dde   0x11023dde   0x00000002   PAD
    0x11023de0   0x11023de0   0x0000001c   Code   RO          994    i.ATT_FindByTypeValueRsp  ble_host.lib(att_server.o)
    0x11023dfc   0x11023dfc   0x00000028   Code   RO          995    i.ATT_FindInfoRsp   ble_host.lib(att_server.o)
    0x11023e24   0x11023e24   0x0000000c   Code   RO         1047    i.ATT_GetCurrentMTUSize  ble_host.lib(att_util.o)
    0x11023e30   0x11023e30   0x0000000c   Code   RO         1049    i.ATT_InitMtuSize   ble_host.lib(att_util.o)
    0x11023e3c   0x11023e3c   0x00000018   Code   RO         1051    i.ATT_ParseExchangeMTUReq  ble_host.lib(att_util.o)
    0x11023e54   0x11023e54   0x00000012   Code   RO         1053    i.ATT_ParseExecuteWriteReq  ble_host.lib(att_util.o)
    0x11023e66   0x11023e66   0x00000048   Code   RO         1055    i.ATT_ParseFindByTypeValueReq  ble_host.lib(att_util.o)
    0x11023eae   0x11023eae   0x00000022   Code   RO         1057    i.ATT_ParseFindInfoReq  ble_host.lib(att_util.o)
    0x11023ed0   0x11023ed0   0x0000005e   Code   RO         1061    i.ATT_ParsePacket   ble_host.lib(att_util.o)
    0x11023f2e   0x11023f2e   0x00000038   Code   RO         1062    i.ATT_ParsePrepareWriteReq  ble_host.lib(att_util.o)
    0x11023f66   0x11023f66   0x00000022   Code   RO         1064    i.ATT_ParseReadBlobReq  ble_host.lib(att_util.o)
    0x11023f88   0x11023f88   0x0000003c   Code   RO         1067    i.ATT_ParseReadByTypeReq  ble_host.lib(att_util.o)
    0x11023fc4   0x11023fc4   0x00000044   Code   RO         1069    i.ATT_ParseReadMultiReq  ble_host.lib(att_util.o)
    0x11024008   0x11024008   0x00000018   Code   RO         1071    i.ATT_ParseReadReq  ble_host.lib(att_util.o)
    0x11024020   0x11024020   0x00000042   Code   RO         1073    i.ATT_ParseWriteReq  ble_host.lib(att_util.o)
    0x11024062   0x11024062   0x00000002   PAD
    0x11024064   0x11024064   0x00000014   Code   RO          998    i.ATT_PrepareWriteRsp  ble_host.lib(att_server.o)
    0x11024078   0x11024078   0x00000014   Code   RO          999    i.ATT_ReadBlobRsp   ble_host.lib(att_server.o)
    0x1102408c   0x1102408c   0x0000001c   Code   RO         1000    i.ATT_ReadByGrpTypeRsp  ble_host.lib(att_server.o)
    0x110240a8   0x110240a8   0x0000001c   Code   RO         1001    i.ATT_ReadByTypeRsp  ble_host.lib(att_server.o)
    0x110240c4   0x110240c4   0x00000014   Code   RO         1002    i.ATT_ReadMultiRsp  ble_host.lib(att_server.o)
    0x110240d8   0x110240d8   0x00000014   Code   RO         1003    i.ATT_ReadRsp       ble_host.lib(att_server.o)
    0x110240ec   0x110240ec   0x00000018   Code   RO         1077    i.ATT_UpdateMtuSize  ble_host.lib(att_util.o)
    0x11024104   0x11024104   0x0000000e   Code   RO         1004    i.ATT_WriteRsp      ble_host.lib(att_server.o)
    0x11024112   0x11024112   0x00000002   PAD
    0x11024114   0x11024114   0x00000054   Code   RO         1252    i.GAP_EndDiscoverable  ble_host.lib(gap_peridevmgr.o)
    0x11024168   0x11024168   0x00000018   Code   RO         1143    i.GAP_GetParamValue  ble_host.lib(gap_configmgr.o)
    0x11024180   0x11024180   0x00000020   Code   RO         1309    i.GAP_Init          ble_host.lib(gap_task.o)
    0x110241a0   0x110241a0   0x000000c0   Code   RO         1254    i.GAP_MakeDiscoverable  ble_host.lib(gap_peridevmgr.o)
    0x11024260   0x11024260   0x00000008   Code   RO         1310    i.GAP_NumActiveConnections  ble_host.lib(gap_task.o)
    0x11024268   0x11024268   0x00000038   Code   RO         1144    i.GAP_ParamsInit    ble_host.lib(gap_configmgr.o)
    0x110242a0   0x110242a0   0x00000048   Code   RO         1255    i.GAP_PeriDevMgrInit  ble_host.lib(gap_peridevmgr.o)
    0x110242e8   0x110242e8   0x000000e0   Code   RO         1311    i.GAP_ProcessEvent  ble_host.lib(gap_task.o)
    0x110243c8   0x110243c8   0x0000000c   Code   RO         1312    i.GAP_RegisterForHCIMsgs  ble_host.lib(gap_task.o)
    0x110243d4   0x110243d4   0x00000040   Code   RO         1145    i.GAP_SecParamsInit  ble_host.lib(gap_configmgr.o)
    0x11024414   0x11024414   0x00000020   Code   RO         1146    i.GAP_SetParamValue  ble_host.lib(gap_configmgr.o)
    0x11024434   0x11024434   0x00000080   Code   RO         1209    i.GAP_TerminateLinkReq  ble_host.lib(gap_linkmgr.o)
    0x110244b4   0x110244b4   0x00000074   Code   RO         1259    i.GAP_UpdateAdvertisingData  ble_host.lib(gap_peridevmgr.o)
    0x11024528   0x11024528   0x0000002e   Code   RO         1396    i.GATT_AppCompletedMsg  ble_host.lib(gatt_task.o)
    0x11024556   0x11024556   0x00000002   PAD
    0x11024558   0x11024558   0x0000004c   Code   RO         1331    i.GATT_FindHandle   ble_host.lib(gatt_server.o)
    0x110245a4   0x110245a4   0x00000064   Code   RO         1332    i.GATT_FindHandleUUID  ble_host.lib(gatt_server.o)
    0x11024608   0x11024608   0x00000094   Code   RO         1333    i.GATT_FindNextAttr  ble_host.lib(gatt_server.o)
    0x1102469c   0x1102469c   0x0000001c   Code   RO         1397    i.GATT_Init         ble_host.lib(gatt_task.o)
    0x110246b8   0x110246b8   0x00000048   Code   RO         1335    i.GATT_InitServer   ble_host.lib(gatt_server.o)
    0x11024700   0x11024700   0x00000034   Code   RO         1398    i.GATT_ProcessEvent  ble_host.lib(gatt_task.o)
    0x11024734   0x11024734   0x0000000c   Code   RO         1337    i.GATT_RegisterForReq  ble_host.lib(gatt_server.o)
    0x11024740   0x11024740   0x000000a8   Code   RO         1338    i.GATT_RegisterService  ble_host.lib(gatt_server.o)
    0x110247e8   0x110247e8   0x00000020   Code   RO         1340    i.GATT_ServiceNumAttrs  ble_host.lib(gatt_server.o)
    0x11024808   0x11024808   0x00000026   Code   RO         1342    i.GATT_VerifyReadPermissions  ble_host.lib(gatt_server.o)
    0x1102482e   0x1102482e   0x00000042   Code   RO         1343    i.GATT_VerifyWritePermissions  ble_host.lib(gatt_server.o)
    0x11024870   0x11024870   0x00000042   Code   RO         1568    i.L2CAP_BuildCmdReject  ble_host.lib(l2cap_util.o)
    0x110248b2   0x110248b2   0x00000002   PAD
    0x110248b4   0x110248b4   0x00000018   Code   RO         1428    i.L2CAP_CmdReject   ble_host.lib(l2cap_if.o)
    0x110248cc   0x110248cc   0x00000018   Code   RO         1429    i.L2CAP_ConnParamUpdateReq  ble_host.lib(l2cap_if.o)
    0x110248e4   0x110248e4   0x00000008   Code   RO         1572    i.L2CAP_Fragment_bm_alloc  ble_host.lib(l2cap_util.o)
    0x110248ec   0x110248ec   0x00000018   Code   RO         1432    i.L2CAP_HostNumCompletedPkts  ble_host.lib(l2cap_if.o)
    0x11024904   0x11024904   0x00000048   Code   RO         1453    i.L2CAP_Init        ble_host.lib(l2cap_task.o)
    0x1102494c   0x1102494c   0x00000034   Code   RO         1574    i.L2CAP_ParseParamUpdateReq  ble_host.lib(l2cap_util.o)
    0x11024980   0x11024980   0x00000034   Code   RO         1454    i.L2CAP_ProcessEvent  ble_host.lib(l2cap_task.o)
    0x110249b4   0x110249b4   0x00000024   Code   RO         1575    i.L2CAP_ReassemblePkt_Reset  ble_host.lib(l2cap_util.o)
    0x110249d8   0x110249d8   0x0000002c   Code   RO         1434    i.L2CAP_RegisterApp  ble_host.lib(l2cap_if.o)
    0x11024a04   0x11024a04   0x00000044   Code   RO         1576    i.L2CAP_SegmentPkt_Reset  ble_host.lib(l2cap_util.o)
    0x11024a48   0x11024a48   0x00000034   Code   RO         1435    i.L2CAP_SendData    ble_host.lib(l2cap_if.o)
    0x11024a7c   0x11024a7c   0x00000018   Code   RO         1577    i.L2CAP_bm_alloc    ble_host.lib(l2cap_util.o)
    0x11024a94   0x11024a94   0x00000044   Code   RO         1641    i.SM_CalcRandomAddr  ble_host.lib(sm_mgr.o)
    0x11024ad8   0x11024ad8   0x0000009a   Code   RO         1643    i.SM_GenerateAuthenSig  ble_host.lib(sm_mgr.o)
    0x11024b72   0x11024b72   0x00000002   PAD
    0x11024b74   0x11024b74   0x00000024   Code   RO         1528    i.SM_Init           ble_host.lib(sm_task.o)
    0x11024b98   0x11024b98   0x00000048   Code   RO         1529    i.SM_ProcessEvent   ble_host.lib(sm_task.o)
    0x11024be0   0x11024be0   0x00000020   Code   RO         1498    i.SM_ResponderInit  ble_host.lib(sm_rsppairing.o)
    0x11024c00   0x11024c00   0x000000ce   Code   RO         1646    i.SM_VerifyAuthenSig  ble_host.lib(sm_mgr.o)
    0x11024cce   0x11024cce   0x00000002   PAD
    0x11024cd0   0x11024cd0   0x0000007c   Code   RO         1078    i.attSendMsg        ble_host.lib(att_util.o)
    0x11024d4c   0x11024d4c   0x0000001a   Code   RO         1210    i.disconnectNext    ble_host.lib(gap_linkmgr.o)
    0x11024d66   0x11024d66   0x00000032   Code   RO         1147    i.gapAddAddrAdj     ble_host.lib(gap_configmgr.o)
    0x11024d98   0x11024d98   0x00000054   Code   RO         1261    i.gapAllocAdvRecs   ble_host.lib(gap_peridevmgr.o)
    0x11024dec   0x11024dec   0x0000001e   Code   RO         1148    i.gapDetermineAddrType  ble_host.lib(gap_configmgr.o)
    0x11024e0a   0x11024e0a   0x00000048   Code   RO         1189    i.gapFindADType     ble_host.lib(gap_devmgr.o)
    0x11024e52   0x11024e52   0x00000002   PAD
    0x11024e54   0x11024e54   0x00000018   Code   RO         1266    i.gapFreeAdvertState  ble_host.lib(gap_peridevmgr.o)
    0x11024e6c   0x11024e6c   0x00000040   Code   RO         1211    i.gapFreeAuthLink   ble_host.lib(gap_linkmgr.o)
    0x11024eac   0x11024eac   0x00000018   Code   RO         1212    i.gapFreeEstLink    ble_host.lib(gap_linkmgr.o)
    0x11024ec4   0x11024ec4   0x0000001c   Code   RO         1149    i.gapGetDevAddress  ble_host.lib(gap_configmgr.o)
    0x11024ee0   0x11024ee0   0x0000000c   Code   RO         1150    i.gapGetDevAddressMode  ble_host.lib(gap_configmgr.o)
    0x11024eec   0x11024eec   0x0000000c   Code   RO         1151    i.gapGetIRK         ble_host.lib(gap_configmgr.o)
    0x11024ef8   0x11024ef8   0x0000000c   Code   RO         1152    i.gapGetSRK         ble_host.lib(gap_configmgr.o)
    0x11024f04   0x11024f04   0x0000000c   Code   RO         1153    i.gapGetSignCounter  ble_host.lib(gap_configmgr.o)
    0x11024f10   0x11024f10   0x00000028   Code   RO         1154    i.gapIncSignCounter  ble_host.lib(gap_configmgr.o)
    0x11024f38   0x11024f38   0x00000010   Code   RO         1190    i.gapIsAdvertising  ble_host.lib(gap_devmgr.o)
    0x11024f48   0x11024f48   0x0000012c   Code   RO         1213    i.gapPairingCompleteCB  ble_host.lib(gap_linkmgr.o)
    0x11025074   0x11025074   0x00000064   Code   RO         1214    i.gapPasskeyNeededCB  ble_host.lib(gap_linkmgr.o)
    0x110250d8   0x110250d8   0x00000090   Code   RO         1267    i.gapPeriProcessHCICmdCompleteEvt  ble_host.lib(gap_peridevmgr.o)
    0x11025168   0x11025168   0x00000080   Code   RO         1268    i.gapProcessAdvertisingEvt  ble_host.lib(gap_peridevmgr.o)
    0x110251e8   0x110251e8   0x00000014   Code   RO         1215    i.gapProcessConnUpdateCompleteEvt  ble_host.lib(gap_linkmgr.o)
    0x110251fc   0x110251fc   0x000000e0   Code   RO         1216    i.gapProcessConnectionCompleteEvt  ble_host.lib(gap_linkmgr.o)
    0x110252dc   0x110252dc   0x00000070   Code   RO         1217    i.gapProcessDisconnectCompleteEvt  ble_host.lib(gap_linkmgr.o)
    0x1102534c   0x1102534c   0x000000c0   Code   RO         1313    i.gapProcessHCICmdCompleteEvt  ble_host.lib(gap_task.o)
    0x1102540c   0x1102540c   0x0000002c   Code   RO         1155    i.gapProcessNewAddr  ble_host.lib(gap_configmgr.o)
    0x11025438   0x11025438   0x000000d4   Code   RO         1314    i.gapProcessOSALMsg  ble_host.lib(gap_task.o)
    0x1102550c   0x1102550c   0x0000006c   Code   RO         1156    i.gapProcessRandomAddrComplete  ble_host.lib(gap_configmgr.o)
    0x11025578   0x11025578   0x00000044   Code   RO         1157    i.gapReadBD_ADDRStatus  ble_host.lib(gap_configmgr.o)
    0x110255bc   0x110255bc   0x0000003c   Code   RO         1158    i.gapReadBufSizeCmdStatus  ble_host.lib(gap_configmgr.o)
    0x110255f8   0x110255f8   0x0000000c   Code   RO         1316    i.gapRegisterPeripheral  ble_host.lib(gap_task.o)
    0x11025604   0x11025604   0x00000044   Code   RO         1219    i.gapSendBondCompleteEvent  ble_host.lib(gap_linkmgr.o)
    0x11025648   0x11025648   0x00000048   Code   RO         1159    i.gapSendDeviceInitDoneEvent  ble_host.lib(gap_configmgr.o)
    0x11025690   0x11025690   0x00000048   Code   RO         1220    i.gapSendLinkUpdateEvent  ble_host.lib(gap_linkmgr.o)
    0x110256d8   0x110256d8   0x0000003c   Code   RO         1269    i.gapSendMakeDiscEvent  ble_host.lib(gap_peridevmgr.o)
    0x11025714   0x11025714   0x0000005c   Code   RO         1221    i.gapSendPairingReqEvent  ble_host.lib(gap_linkmgr.o)
    0x11025770   0x11025770   0x00000088   Code   RO         1270    i.gapSetAdvParams   ble_host.lib(gap_peridevmgr.o)
    0x110257f8   0x110257f8   0x0000002c   Code   RO         1271    i.gapSetAdvParamsStatus  ble_host.lib(gap_peridevmgr.o)
    0x11025824   0x11025824   0x00000052   Code   RO         1161    i.gapUpdateConnSignCounter  ble_host.lib(gap_configmgr.o)
    0x11025876   0x11025876   0x00000012   Code   RO         1192    i.gapValidADType    ble_host.lib(gap_devmgr.o)
    0x11025888   0x11025888   0x00000030   Code   RO         1272    i.gapWriteAdvDataStatus  ble_host.lib(gap_peridevmgr.o)
    0x110258b8   0x110258b8   0x000000b8   Code   RO         1273    i.gapWriteAdvEnableStatus  ble_host.lib(gap_peridevmgr.o)
    0x11025970   0x11025970   0x00000024   Code   RO         1344    i.gattFindServerInfo  ble_host.lib(gatt_server.o)
    0x11025994   0x11025994   0x00000052   Code   RO         1400    i.gattNotifyEvent   ble_host.lib(gatt_task.o)
    0x110259e6   0x110259e6   0x00000002   PAD
    0x110259e8   0x110259e8   0x0000001c   Code   RO         1346    i.gattProcessExchangeMTUReq  ble_host.lib(gatt_server.o)
    0x11025a04   0x11025a04   0x00000004   Code   RO         1347    i.gattProcessExecuteWriteReq  ble_host.lib(gatt_server.o)
    0x11025a08   0x11025a08   0x0000002c   Code   RO         1348    i.gattProcessFindByTypeValueReq  ble_host.lib(gatt_server.o)
    0x11025a34   0x11025a34   0x000000e8   Code   RO         1349    i.gattProcessFindInfoReq  ble_host.lib(gatt_server.o)
    0x11025b1c   0x11025b1c   0x00000048   Code   RO         1350    i.gattProcessReadByGrpTypeReq  ble_host.lib(gatt_server.o)
    0x11025b64   0x11025b64   0x0000002c   Code   RO         1351    i.gattProcessReadByTypeReq  ble_host.lib(gatt_server.o)
    0x11025b90   0x11025b90   0x00000048   Code   RO         1352    i.gattProcessReadMultiReq  ble_host.lib(gatt_server.o)
    0x11025bd8   0x11025bd8   0x0000001e   Code   RO         1353    i.gattProcessReadReq  ble_host.lib(gatt_server.o)
    0x11025bf6   0x11025bf6   0x00000002   PAD
    0x11025bf8   0x11025bf8   0x00000094   Code   RO         1401    i.gattProcessRxData  ble_host.lib(gatt_task.o)
    0x11025c8c   0x11025c8c   0x00000022   Code   RO         1354    i.gattProcessWriteReq  ble_host.lib(gatt_server.o)
    0x11025cae   0x11025cae   0x00000002   PAD
    0x11025cb0   0x11025cb0   0x0000000c   Code   RO         1403    i.gattRegisterServer  ble_host.lib(gatt_task.o)
    0x11025cbc   0x11025cbc   0x00000010   Code   RO         1355    i.gattResetServerInfo  ble_host.lib(gatt_server.o)
    0x11025ccc   0x11025ccc   0x00000080   Code   RO         1356    i.gattServerHandleConnStatusCB  ble_host.lib(gatt_server.o)
    0x11025d4c   0x11025d4c   0x000000d0   Code   RO         1358    i.gattServerProcessMsgCB  ble_host.lib(gatt_server.o)
    0x11025e1c   0x11025e1c   0x00000018   Code   RO         1359    i.gattServiceLastHandle  ble_host.lib(gatt_server.o)
    0x11025e34   0x11025e34   0x0000001a   Code   RO         1405    i.gattStopTimer     ble_host.lib(gatt_task.o)
    0x11025e4e   0x11025e4e   0x00000002   PAD
    0x11025e50   0x11025e50   0x00000098   Code   RO         1647    i.generate_subkey   ble_host.lib(sm_mgr.o)
    0x11025ee8   0x11025ee8   0x0000002c   Code   RO         1274    i.isLimitedDiscoverableMode  ble_host.lib(gap_peridevmgr.o)
    0x11025f14   0x11025f14   0x00000038   Code   RO         1578    i.l2capAllocChannel  ble_host.lib(l2cap_util.o)
    0x11025f4c   0x11025f4c   0x0000002c   Code   RO         1582    i.l2capBuildParamUpdateReq  ble_host.lib(l2cap_util.o)
    0x11025f78   0x11025f78   0x000000b0   Code   RO         1583    i.l2capEncapSendData  ble_host.lib(l2cap_util.o)
    0x11026028   0x11026028   0x00000030   Code   RO         1584    i.l2capFindLocalId  ble_host.lib(l2cap_util.o)
    0x11026058   0x11026058   0x00000008   Code   RO         1585    i.l2capFreeChannel  ble_host.lib(l2cap_util.o)
    0x11026060   0x11026060   0x00000002   Code   RO         1586    i.l2capHandleRxError  ble_host.lib(l2cap_util.o)
    0x11026062   0x11026062   0x00000028   Code   RO         1587    i.l2capHandleTimerCB  ble_host.lib(l2cap_util.o)
    0x1102608a   0x1102608a   0x00000046   Code   RO         1588    i.l2capNotifyData   ble_host.lib(l2cap_util.o)
    0x110260d0   0x110260d0   0x0000004e   Code   RO         1589    i.l2capNotifySignal  ble_host.lib(l2cap_util.o)
    0x1102611e   0x1102611e   0x00000042   Code   RO         1590    i.l2capParseCmdReject  ble_host.lib(l2cap_util.o)
    0x11026160   0x11026160   0x000001a0   Code   RO         1593    i.l2capParsePacket  ble_host.lib(l2cap_util.o)
    0x11026300   0x11026300   0x00000016   Code   RO         1594    i.l2capParseParamUpdateRsp  ble_host.lib(l2cap_util.o)
    0x11026316   0x11026316   0x00000014   Code   RO         1595    i.l2capParseSignalHdr  ble_host.lib(l2cap_util.o)
    0x1102632a   0x1102632a   0x00000002   PAD
    0x1102632c   0x1102632c   0x00000104   Code   RO         1596    i.l2capPktToSegmentBuff  ble_host.lib(l2cap_util.o)
    0x11026430   0x11026430   0x00000068   Code   RO         1455    i.l2capProcessRsp   ble_host.lib(l2cap_task.o)
    0x11026498   0x11026498   0x00000094   Code   RO         1456    i.l2capProcessRxData  ble_host.lib(l2cap_task.o)
    0x1102652c   0x1102652c   0x000000a8   Code   RO         1457    i.l2capProcessSignal  ble_host.lib(l2cap_task.o)
    0x110265d4   0x110265d4   0x00000058   Code   RO         1597    i.l2capSarBufReset  ble_host.lib(l2cap_util.o)
    0x1102662c   0x1102662c   0x00000060   Code   RO         1598    i.l2capSendCmd      ble_host.lib(l2cap_util.o)
    0x1102668c   0x1102668c   0x0000007c   Code   RO         1599    i.l2capSendReq      ble_host.lib(l2cap_util.o)
    0x11026708   0x11026708   0x00000010   Code   RO         1600    i.l2capStopTimer    ble_host.lib(l2cap_util.o)
    0x11026718   0x11026718   0x0000001c   Code   RO         1648    i.leftshift_onebit  ble_host.lib(sm_mgr.o)
    0x11026734   0x11026734   0x00000058   Code   RO         1469    i.linkDB_Add        ble_host.lib(linkdb.o)
    0x1102678c   0x1102678c   0x0000004c   Code   RO         1470    i.linkDB_Authen     ble_host.lib(linkdb.o)
    0x110267d8   0x110267d8   0x00000028   Code   RO         1471    i.linkDB_Find       ble_host.lib(linkdb.o)
    0x11026800   0x11026800   0x00000038   Code   RO         1472    i.linkDB_FindFirst  ble_host.lib(linkdb.o)
    0x11026838   0x11026838   0x0000003c   Code   RO         1473    i.linkDB_Init       ble_host.lib(linkdb.o)
    0x11026874   0x11026874   0x00000024   Code   RO         1474    i.linkDB_NumActive  ble_host.lib(linkdb.o)
    0x11026898   0x11026898   0x00000024   Code   RO         1476    i.linkDB_Register   ble_host.lib(linkdb.o)
    0x110268bc   0x110268bc   0x00000036   Code   RO         1477    i.linkDB_Remove     ble_host.lib(linkdb.o)
    0x110268f2   0x110268f2   0x00000002   PAD
    0x110268f4   0x110268f4   0x00000024   Code   RO         1478    i.linkDB_State      ble_host.lib(linkdb.o)
    0x11026918   0x11026918   0x00000028   Code   RO         1480    i.reportStatusChange  ble_host.lib(linkdb.o)
    0x11026940   0x11026940   0x000000ec   Code   RO         1222    i.sendAuthEvent     ble_host.lib(gap_linkmgr.o)
    0x11026a2c   0x11026a2c   0x0000005a   Code   RO         1223    i.sendEstLinkEvent  ble_host.lib(gap_linkmgr.o)
    0x11026a86   0x11026a86   0x0000002a   Code   RO         1224    i.sendTerminateEvent  ble_host.lib(gap_linkmgr.o)
    0x11026ab0   0x11026ab0   0x00000018   Code   RO         1649    i.smAuthReqToUint8  ble_host.lib(sm_mgr.o)
    0x11026ac8   0x11026ac8   0x0000002c   Code   RO         1700    i.smDetermineKeySize  ble_host.lib(sm_pairing.o)
    0x11026af4   0x11026af4   0x00000010   Code   RO         1650    i.smEncrypt         ble_host.lib(sm_mgr.o)
    0x11026b04   0x11026b04   0x00000008   Code   RO         1651    i.smEncryptLocal    ble_host.lib(sm_mgr.o)
    0x11026b0c   0x11026b0c   0x00000034   Code   RO         1701    i.smEndPairing      ble_host.lib(sm_pairing.o)
    0x11026b40   0x11026b40   0x0000005c   Code   RO         1702    i.smFreePairingParams  ble_host.lib(sm_pairing.o)
    0x11026b9c   0x11026b9c   0x0000002c   Code   RO         1703    i.smGenerateConfirm  ble_host.lib(sm_pairing.o)
    0x11026bc8   0x11026bc8   0x00000040   Code   RO         1704    i.smGeneratePairingReqRsp  ble_host.lib(sm_pairing.o)
    0x11026c08   0x11026c08   0x00000026   Code   RO         1652    i.smGenerateRandBuf  ble_host.lib(sm_mgr.o)
    0x11026c2e   0x11026c2e   0x00000002   PAD
    0x11026c30   0x11026c30   0x0000002c   Code   RO         1705    i.smGenerateRandMsg  ble_host.lib(sm_pairing.o)
    0x11026c5c   0x11026c5c   0x00000020   Code   RO         1706    i.smLinkCheck       ble_host.lib(sm_pairing.o)
    0x11026c7c   0x11026c7c   0x00000040   Code   RO         1707    i.smNextPairingState  ble_host.lib(sm_pairing.o)
    0x11026cbc   0x11026cbc   0x00000014   Code   RO         1708    i.smPairingSendEncInfo  ble_host.lib(sm_pairing.o)
    0x11026cd0   0x11026cd0   0x00000028   Code   RO         1709    i.smPairingSendIdentityAddrInfo  ble_host.lib(sm_pairing.o)
    0x11026cf8   0x11026cf8   0x00000014   Code   RO         1710    i.smPairingSendIdentityInfo  ble_host.lib(sm_pairing.o)
    0x11026d0c   0x11026d0c   0x0000002c   Code   RO         1711    i.smPairingSendMasterID  ble_host.lib(sm_pairing.o)
    0x11026d38   0x11026d38   0x00000014   Code   RO         1712    i.smPairingSendSingingInfo  ble_host.lib(sm_pairing.o)
    0x11026d4c   0x11026d4c   0x0000009c   Code   RO         1713    i.smProcessDataMsg  ble_host.lib(sm_pairing.o)
    0x11026de8   0x11026de8   0x000000b4   Code   RO         1714    i.smProcessEncryptChange  ble_host.lib(sm_pairing.o)
    0x11026e9c   0x11026e9c   0x00000094   Code   RO         1530    i.smProcessOSALMsg  ble_host.lib(sm_task.o)
    0x11026f30   0x11026f30   0x0000007c   Code   RO         1654    i.smProcessRandComplete  ble_host.lib(sm_mgr.o)
    0x11026fac   0x11026fac   0x0000000c   Code   RO         1717    i.smRegisterResponder  ble_host.lib(sm_pairing.o)
    0x11026fb8   0x11026fb8   0x000000e4   Code   RO         1499    i.smResponderProcessLTKReq  ble_host.lib(sm_rsppairing.o)
    0x1102709c   0x1102709c   0x000001b8   Code   RO         1500    i.smResponderSendNextKeyInfo  ble_host.lib(sm_rsppairing.o)
    0x11027254   0x11027254   0x0000016c   Code   RO         1718    i.smSavePairInfo    ble_host.lib(sm_pairing.o)
    0x110273c0   0x110273c0   0x00000024   Code   RO         1719    i.smSendFailAndEnd  ble_host.lib(sm_pairing.o)
    0x110273e4   0x110273e4   0x00000046   Code   RO         1758    i.smSendSMMsg       ble_host.lib(smp.o)
    0x1102742a   0x1102742a   0x00000002   PAD
    0x1102742c   0x1102742c   0x00000040   Code   RO         1720    i.smSetPairingReqRsp  ble_host.lib(sm_pairing.o)
    0x1102746c   0x1102746c   0x0000004c   Code   RO         1655    i.smStartRspTimer   ble_host.lib(sm_mgr.o)
    0x110274b8   0x110274b8   0x0000000a   Code   RO         1531    i.smState_timerCB   ble_host.lib(sm_task.o)
    0x110274c2   0x110274c2   0x00000002   PAD
    0x110274c4   0x110274c4   0x00000020   Code   RO         1656    i.smStopRspTimer    ble_host.lib(sm_mgr.o)
    0x110274e4   0x110274e4   0x0000000a   Code   RO         1722    i.smTimedOut        ble_host.lib(sm_pairing.o)
    0x110274ee   0x110274ee   0x0000000a   Code   RO         1532    i.smTo_timerCB      ble_host.lib(sm_task.o)
    0x110274f8   0x110274f8   0x0000002c   Code   RO         1657    i.smUint8ToAuthReq  ble_host.lib(sm_mgr.o)
    0x11027524   0x11027524   0x00000154   Code   RO         1658    i.sm_CMAC           ble_host.lib(sm_mgr.o)
    0x11027678   0x11027678   0x00000044   Code   RO         1659    i.sm_ah             ble_host.lib(sm_mgr.o)
    0x110276bc   0x110276bc   0x00000098   Code   RO         1723    i.sm_c1             ble_host.lib(sm_pairing.o)
    0x11027754   0x11027754   0x000000c2   Code   RO         1660    i.sm_c1new          ble_host.lib(sm_mgr.o)
    0x11027816   0x11027816   0x00000040   Code   RO         1663    i.sm_s1             ble_host.lib(sm_mgr.o)
    0x11027856   0x11027856   0x0000001a   Code   RO         1664    i.sm_xor            ble_host.lib(sm_mgr.o)
    0x11027870   0x11027870   0x00000022   Code   RO         1759    i.smpBuildEncInfo   ble_host.lib(smp.o)
    0x11027892   0x11027892   0x00000026   Code   RO         1760    i.smpBuildIdentityAddrInfo  ble_host.lib(smp.o)
    0x110278b8   0x110278b8   0x00000022   Code   RO         1761    i.smpBuildIdentityInfo  ble_host.lib(smp.o)
    0x110278da   0x110278da   0x0000002e   Code   RO         1762    i.smpBuildMasterID  ble_host.lib(smp.o)
    0x11027908   0x11027908   0x00000022   Code   RO         1763    i.smpBuildPairingConfirm  ble_host.lib(smp.o)
    0x1102792a   0x1102792a   0x00000018   Code   RO         1764    i.smpBuildPairingFailed  ble_host.lib(smp.o)
    0x11027942   0x11027942   0x00000022   Code   RO         1765    i.smpBuildPairingRandom  ble_host.lib(smp.o)
    0x11027964   0x11027964   0x0000000e   Code   RO         1766    i.smpBuildPairingReq  ble_host.lib(smp.o)
    0x11027972   0x11027972   0x00000084   Code   RO         1767    i.smpBuildPairingReqRsp  ble_host.lib(smp.o)
    0x110279f6   0x110279f6   0x0000000e   Code   RO         1768    i.smpBuildPairingRsp  ble_host.lib(smp.o)
    0x11027a04   0x11027a04   0x00000022   Code   RO         1770    i.smpBuildSigningInfo  ble_host.lib(smp.o)
    0x11027a26   0x11027a26   0x0000001e   Code   RO         1771    i.smpParseEncInfo   ble_host.lib(smp.o)
    0x11027a44   0x11027a44   0x00000022   Code   RO         1772    i.smpParseIdentityAddrInfo  ble_host.lib(smp.o)
    0x11027a66   0x11027a66   0x0000001e   Code   RO         1773    i.smpParseIdentityInfo  ble_host.lib(smp.o)
    0x11027a84   0x11027a84   0x00000028   Code   RO         1774    i.smpParseMasterID  ble_host.lib(smp.o)
    0x11027aac   0x11027aac   0x0000001e   Code   RO         1775    i.smpParsePairingConfirm  ble_host.lib(smp.o)
    0x11027aca   0x11027aca   0x00000020   Code   RO         1776    i.smpParsePairingFailed  ble_host.lib(smp.o)
    0x11027aea   0x11027aea   0x0000001e   Code   RO         1777    i.smpParsePairingRandom  ble_host.lib(smp.o)
    0x11027b08   0x11027b08   0x000000d4   Code   RO         1778    i.smpParsePairingReq  ble_host.lib(smp.o)
    0x11027bdc   0x11027bdc   0x0000001c   Code   RO         1779    i.smpParseSecurityReq  ble_host.lib(smp.o)
    0x11027bf8   0x11027bf8   0x0000001e   Code   RO         1780    i.smpParseSigningInfo  ble_host.lib(smp.o)
    0x11027c16   0x11027c16   0x00000002   PAD
    0x11027c18   0x11027c18   0x00000050   Code   RO         1724    i.smpProcessIncoming  ble_host.lib(sm_pairing.o)
    0x11027c68   0x11027c68   0x00000050   Code   RO         1501    i.smpResponderProcessEncryptionInformation  ble_host.lib(sm_rsppairing.o)
    0x11027cb8   0x11027cb8   0x00000048   Code   RO         1502    i.smpResponderProcessIdentityAddrInfo  ble_host.lib(sm_rsppairing.o)
    0x11027d00   0x11027d00   0x00000044   Code   RO         1503    i.smpResponderProcessIdentityInfo  ble_host.lib(sm_rsppairing.o)
    0x11027d44   0x11027d44   0x000000b4   Code   RO         1504    i.smpResponderProcessIncoming  ble_host.lib(sm_rsppairing.o)
    0x11027df8   0x11027df8   0x00000064   Code   RO         1505    i.smpResponderProcessMasterID  ble_host.lib(sm_rsppairing.o)
    0x11027e5c   0x11027e5c   0x0000004c   Code   RO         1506    i.smpResponderProcessPairingConfirm  ble_host.lib(sm_rsppairing.o)
    0x11027ea8   0x11027ea8   0x00000058   Code   RO         1507    i.smpResponderProcessPairingRandom  ble_host.lib(sm_rsppairing.o)
    0x11027f00   0x11027f00   0x000000b8   Code   RO         1508    i.smpResponderProcessPairingReq  ble_host.lib(sm_rsppairing.o)
    0x11027fb8   0x11027fb8   0x00000054   Code   RO         1509    i.smpResponderProcessSigningInfo  ble_host.lib(sm_rsppairing.o)
    0x1102800c   0x1102800c   0x00000016   Code   RO         1665    i.xor_128           ble_host.lib(sm_mgr.o)
    0x11028022   0x11028022   0x00000010   Data   RO         1079    .constdata          ble_host.lib(att_util.o)
    0x11028032   0x11028032   0x00000002   PAD
    0x11028034   0x11028034   0x00000060   Data   RO         1360    .constdata          ble_host.lib(gatt_server.o)
    0x11028094   0x11028094   0x0000002a   Data   RO         1422    .constdata          ble_host.lib(gatt_uuid.o)
    0x110280be   0x110280be   0x00000010   Data   RO         1667    .constdata          ble_host.lib(sm_mgr.o)
    0x110280ce   0x110280ce   0x00000019   Data   RO         1725    .constdata          ble_host.lib(sm_pairing.o)
    0x110280e7   0x110280e7   0x00000017   Data   RO          130    .rodata.c_gpio_index  gpio.o
    0x110280fe   0x110280fe   0x00000045   Data   RO          131    .rodata.c_gpio_pull  gpio.o
    0x11028143   0x11028143   0x00000001   PAD
    0x11028144   0x11028144   0x00000008   Data   RO          504    .rodata.gapService  gapgattserver.o
    0x1102814c   0x1102814c   0x0000000c   Data   RO          502    .rodata.gapServiceCBs  gapgattserver.o
    0x11028158   0x11028158   0x00000008   Data   RO          619    .rodata.gattService  gattservapp.o
    0x11028160   0x11028160   0x0000000c   Data   RO          616    .rodata.gattServiceCBs  gattservapp.o
    0x1102816c   0x1102816c   0x0000002e   Data   RO          132    .rodata.retention_reg  gpio.o


==============================================================================

Image component sizes


      Code (inc. data)   RO Data    RW Data    ZI Data      Debug   Object Name

       248         16          0          0          0       6805   clock.o
      1164        338          0         96         18       7845   findmy.o
        20          0          0          0          0        419   findmy_main.o
      1580        108          0         20          0      14050   flash.o
      1048         24          0          0         28      13599   fs.o
       132         64          0          0          0       1246   gap.o
       824         62         20        123         28       7300   gapgattserver.o
      4032        204         20         66        772      38792   gattservapp.o
      1640         96        138          0        300      20303   gpio.o
        76         28       1106       1024          4       1376   jump_table.o
       428         32          0          0         20       5303   key.o
       648        216         84          0       5221      11166   main.o
      1912        442          0          0          0      10365   my_printf.o
        92          4         41          0          4       1098   osal_findmy.o
      2368        210          0         43        121      15677   peripheral.o
      1004         56          0          6         70       8928   pwm.o
      1392         64          0          9        132      13829   pwrmgr.o
       278         32         24        363          5       4130   ringprofile.o
        20         10          8          0       1536        440   startup_armcm0.o
        16          8          0          4          0        671   system_armcm0.o
        68         12          0          0          4       6231   timer.o
      2020         68         12          0         64      17659   uart.o

    ----------------------------------------------------------------------
     23088       2786       1541       1772       8340     207232   Object Totals
      2076        692         80          0          0          0   (incl. Generated)
         2          0          8         18         13          0   (incl. Padding)

    ----------------------------------------------------------------------

      Code (inc. data)   RO Data    RW Data    ZI Data      Debug   Library Member Name

       316         58          0          0          0        820   att_server.o
      1174         32         16         12          0       1812   att_util.o
       806        110          0         90         28       1184   gap_configmgr.o
       106          4          0          8          0        200   gap_devmgr.o
      1598         54          0         16          0       1136   gap_linkmgr.o
      1360        168          0         28          0       1012   gap_peridevmgr.o
       692         74          0         12          0        472   gap_task.o
      1684        106         96         16          0       1620   gatt_server.o
       394         22          0         12          0        500   gatt_task.o
         0          0         42          0          0          0   gatt_uuid.o
       168         18          0          1          0        336   l2cap_if.o
       544         22          0          1         46        384   l2cap_task.o
      2052         74          0          4        160       1788   l2cap_util.o
       522         50          0          0         60        688   linkdb.o
      1684         30         16          4         15       1404   sm_mgr.o
      1634        138         25         12          0       1584   sm_pairing.o
      1632         88          0         12         15        908   sm_rsppairing.o
       276         32          0          1          0        348   sm_task.o
      1004          6          0          0          0       1496   smp.o
        86          0          0          0          0          0   __dczerorl2.o
         0          0          0          0          0          0   entry.o
         0          0          0          0          0          0   entry10a.o
         0          0          0          0          0          0   entry11a.o
         8          4          0          0          0          0   entry2.o
         4          0          0          0          0          0   entry5.o
         0          0          0          0          0          0   entry7b.o
         0          0          0          0          0          0   entry8b.o
         8          4          0          0          0          0   entry9a.o
        30          0          0          0          0          0   handlers.o
        36          8          0          0          0         68   init.o
       108         16          0          0          0         76   malloc.o
         0          0          0          8          0          0   mvars.o
        40          0          0          0          0         72   strstr.o
      6532        884          0         32         32       3012   patch.o
       224         36         17          5         16        276   phy_sec_ext.o
      1856        376          0          0          0        732   rf_phy_driver.o

    ----------------------------------------------------------------------
     26618       2414        217        284        376      21928   Library Totals
        40          0          5         10          4          0   (incl. Padding)

    ----------------------------------------------------------------------

      Code (inc. data)   RO Data    RW Data    ZI Data      Debug   Library Name

     17646       1086        195        229        324      17692   ble_host.lib
       320         32          0          8          0        216   mc_p.l
      8612       1296         17         37         48       4020   rf.lib

    ----------------------------------------------------------------------
     26618       2414        217        284        376      21928   Library Totals

    ----------------------------------------------------------------------

==============================================================================


      Code (inc. data)   RO Data    RW Data    ZI Data      Debug   

     49706       5200       1758       2056       8716     215652   Grand Totals
     49706       5200       1758        372       8716     215652   ELF Image Totals (compressed)
     49706       5200       1758        372          0          0   ROM Totals

==============================================================================

    Total RO  Size (Code + RO Data)                51464 (  50.26kB)
    Total RW  Size (RW Data + ZI Data)             10772 (  10.52kB)
    Total ROM Size (Code + RO Data + RW Data)      51836 (  50.62kB)

==============================================================================

