Component: Arm Compiler for Embedded 6.19 Tool: armlink [5e73cb00]

==============================================================================

Section Cross References

    main.o(.text.main) refers to watchdog.o(.text.watchdog_config) for watchdog_config
    main.o(.text.main) refers to patch.o(_section_xip_code_) for init_config
    main.o(.text.main) refers to patch.o(i.ll_patch_slave) for ll_patch_slave
    main.o(.text.main) refers to clock.o(.text.hal_rc32k_clk_tracking_init) for hal_rc32k_clk_tracking_init
    main.o(.text.main) refers to patch.o(i.hal_rom_boot_init) for hal_rom_boot_init
    main.o(.text.main) refers to gpio.o(.text.hal_gpio_pull_set) for hal_gpio_pull_set
    main.o(.text.main) refers to pwrmgr.o(.text.hal_pwrmgr_RAM_retention) for hal_pwrmgr_RAM_retention
    main.o(.text.main) refers to pwrmgr.o(.text.hal_pwrmgr_RAM_retention_set) for hal_pwrmgr_RAM_retention_set
    main.o(.text.main) refers to clock.o(.text.hal_rtc_clock_config) for hal_rtc_clock_config
    main.o(.text.main) refers to pwrmgr.o(.text.hal_pwrmgr_init) for hal_pwrmgr_init
    main.o(.text.main) refers to flash.o(.text.hal_spif_cache_init) for hal_spif_cache_init
    main.o(.text.main) refers to my_printf.o(.text.dbg_printf_init) for dbg_printf_init
    main.o(.text.main) refers to gpio.o(.text.hal_gpio_init) for hal_gpio_init
    main.o(.text.main) refers to pwm.o(.text.hal_pwm_module_init) for hal_pwm_module_init
    main.o(.text.main) refers to fs.o(.text.hal_fs_init) for hal_fs_init
    main.o(.text.main) refers to my_printf.o(.text.dbg_printf) for dbg_printf
    main.o(.text.main) refers to findmy_main.o(.text.app_main) for app_main
    main.o(.text.main) refers to main.o(.bss.g_clk32K_config) for g_clk32K_config
    main.o(.text.main) refers to main.o(.bss.g_largeHeap) for g_largeHeap
    main.o(.text.main) refers to main.o(.bss.pConnContext) for pConnContext
    main.o(.text.main) refers to main.o(.bss.g_pConnectionBuffer) for g_pConnectionBuffer
    main.o(.text.main) refers to main.o(.rodata.str1.1) for [Anonymous Symbol]
    main.o(.ARM.exidx.text.main) refers to main.o(.text.main) for [Anonymous Symbol]
    uart.o(_section_sram_code_) refers to pwrmgr.o(.text.hal_pwrmgr_unlock) for hal_pwrmgr_unlock
    uart.o(_section_sram_code_) refers to uart.o(.bss.m_uartCtx) for [Anonymous Symbol]
    uart.o(_section_sram_code_) refers to uart.o(.rodata..L__const.irq_tx_empty_handler.evt) for [Anonymous Symbol]
    uart.o(.ARM.exidx_section_sram_code_) refers to uart.o(_section_sram_code_) for [Anonymous Symbol]
    uart.o(_section_sram_code_) refers to pwrmgr.o(.text.hal_pwrmgr_unlock) for hal_pwrmgr_unlock
    uart.o(_section_sram_code_) refers to uart.o(.bss.m_uartCtx) for [Anonymous Symbol]
    uart.o(_section_sram_code_) refers to uart.o(.rodata..L__const.irq_tx_empty_handler.evt) for [Anonymous Symbol]
    uart.o(.ARM.exidx_section_sram_code_) refers to uart.o(_section_sram_code_) for [Anonymous Symbol]
    uart.o(.text.hal_uart_init) refers to uart.o(.text.uart_hw_init) for uart_hw_init
    uart.o(.text.hal_uart_init) refers to pwrmgr.o(.text.hal_pwrmgr_register) for hal_pwrmgr_register
    uart.o(.text.hal_uart_init) refers to uart.o(.bss.m_uartCtx) for [Anonymous Symbol]
    uart.o(.text.hal_uart_init) refers to uart.o(.text.uart_wakeup_process_1) for uart_wakeup_process_1
    uart.o(.text.hal_uart_init) refers to uart.o(.text.uart_wakeup_process_0) for uart_wakeup_process_0
    uart.o(.ARM.exidx.text.hal_uart_init) refers to uart.o(.text.hal_uart_init) for [Anonymous Symbol]
    uart.o(.text.uart_hw_init) refers to gpio.o(.text.hal_gpio_fmux) for hal_gpio_fmux
    uart.o(.text.uart_hw_init) refers to clock.o(.text.hal_clk_reset) for hal_clk_reset
    uart.o(.text.uart_hw_init) refers to clock.o(.text.hal_clk_gate_disable) for hal_clk_gate_disable
    uart.o(.text.uart_hw_init) refers to clock.o(.text.hal_clk_gate_enable) for hal_clk_gate_enable
    uart.o(.text.uart_hw_init) refers to gpio.o(.text.hal_gpio_pull_set) for hal_gpio_pull_set
    uart.o(.text.uart_hw_init) refers to gpio.o(.text.hal_gpio_fmux_set) for hal_gpio_fmux_set
    uart.o(.text.uart_hw_init) refers to uart.o(.bss.m_uartCtx) for [Anonymous Symbol]
    uart.o(.text.uart_hw_init) refers to uart.o(_section_sram_code_) for hal_UART1_IRQHandler
    uart.o(.text.uart_hw_init) refers to uart.o(_section_sram_code_) for hal_UART0_IRQHandler
    uart.o(.ARM.exidx.text.uart_hw_init) refers to uart.o(.text.uart_hw_init) for [Anonymous Symbol]
    uart.o(.text.uart_wakeup_process_0) refers to uart.o(.text.uart_hw_init) for uart_hw_init
    uart.o(.ARM.exidx.text.uart_wakeup_process_0) refers to uart.o(.text.uart_wakeup_process_0) for [Anonymous Symbol]
    uart.o(.text.uart_wakeup_process_1) refers to uart.o(.text.uart_hw_init) for uart_hw_init
    uart.o(.ARM.exidx.text.uart_wakeup_process_1) refers to uart.o(.text.uart_wakeup_process_1) for [Anonymous Symbol]
[...]
    connUpdateTimer                          0x1fff0a04   Data           0  bb_rom_sym_m0.txt ABSOLUTE
    sleep_flag                               0x1fff0a0c   Data           0  bb_rom_sym_m0.txt ABSOLUTE
    g_wakeup_rtc_tick                        0x1fff0a10   Data           0  bb_rom_sym_m0.txt ABSOLUTE
    g_counter_traking_avg                    0x1fff0a14   Data           0  bb_rom_sym_m0.txt ABSOLUTE
    g_TIM2_IRQ_TIM3_CurrCount                0x1fff0a18   Data           0  bb_rom_sym_m0.txt ABSOLUTE
    g_TIM2_IRQ_to_Sleep_DeltTick             0x1fff0a1c   Data           0  bb_rom_sym_m0.txt ABSOLUTE
    g_TIM2_IRQ_PendingTick                   0x1fff0a20   Data           0  bb_rom_sym_m0.txt ABSOLUTE
    g_osal_tick_trim                         0x1fff0a24   Data           0  bb_rom_sym_m0.txt ABSOLUTE
    g_osalTickTrim_mod                       0x1fff0a28   Data           0  bb_rom_sym_m0.txt ABSOLUTE
    rtc_mod_value                            0x1fff0a2c   Data           0  bb_rom_sym_m0.txt ABSOLUTE
    g_counter_traking_cnt                    0x1fff0a30   Data           0  bb_rom_sym_m0.txt ABSOLUTE
    sleep_tick                               0x1fff0a34   Data           0  bb_rom_sym_m0.txt ABSOLUTE
    counter_tracking                         0x1fff0a38   Data           0  bb_rom_sym_m0.txt ABSOLUTE
    forever_write                            0x1fff0a3c   Data           0  bb_rom_sym_m0.txt ABSOLUTE
    g_TIM2_wakeup_delay                      0x1fff0a40   Data           0  bb_rom_sym_m0.txt ABSOLUTE
    g_rfPhyTpCal0                            0x1fff0a44   Data           0  bb_rom_sym_m0.txt ABSOLUTE
    g_rfPhyTpCal1                            0x1fff0a45   Data           0  bb_rom_sym_m0.txt ABSOLUTE
    g_rfPhyTpCal0_2Mbps                      0x1fff0a46   Data           0  bb_rom_sym_m0.txt ABSOLUTE
    g_rfPhyTpCal1_2Mbps                      0x1fff0a47   Data           0  bb_rom_sym_m0.txt ABSOLUTE
    g_rfPhyTxPower                           0x1fff0a48   Data           0  bb_rom_sym_m0.txt ABSOLUTE
    g_rfPhyPktFmt                            0x1fff0a49   Data           0  bb_rom_sym_m0.txt ABSOLUTE
    g_system_clk                             0x1fff0a4a   Data           0  bb_rom_sym_m0.txt ABSOLUTE
    g_rfPhyClkSel                            0x1fff0a4b   Data           0  bb_rom_sym_m0.txt ABSOLUTE
    g_rxAdcClkSel                            0x1fff0a4c   Data           0  bb_rom_sym_m0.txt ABSOLUTE
    g_dtmModeType                            0x1fff0a4d   Data           0  bb_rom_sym_m0.txt ABSOLUTE
    g_dtmLength                              0x1fff0a4e   Data           0  bb_rom_sym_m0.txt ABSOLUTE
    g_dtmExtLen                              0x1fff0a4f   Data           0  bb_rom_sym_m0.txt ABSOLUTE
    g_dtmPKT                                 0x1fff0a50   Data           0  bb_rom_sym_m0.txt ABSOLUTE
    g_dtmTxPower                             0x1fff0a51   Data           0  bb_rom_sym_m0.txt ABSOLUTE
    g_dtmRssi                                0x1fff0a52   Data           0  bb_rom_sym_m0.txt ABSOLUTE
    g_dtmCarrSens                            0x1fff0a53   Data           0  bb_rom_sym_m0.txt ABSOLUTE
    g_dtmPktIntv                             0x1fff0a54   Data           0  bb_rom_sym_m0.txt ABSOLUTE
    g_dtmPktCount                            0x1fff0a56   Data           0  bb_rom_sym_m0.txt ABSOLUTE
    g_dtmRxCrcNum                            0x1fff0a58   Data           0  bb_rom_sym_m0.txt ABSOLUTE
    g_dtmRxTONum                             0x1fff0a5a   Data           0  bb_rom_sym_m0.txt ABSOLUTE
    g_dtmRsp                                 0x1fff0a5c   Data           0  bb_rom_sym_m0.txt ABSOLUTE
    g_dtmFoff                                0x1fff0a5e   Data           0  bb_rom_sym_m0.txt ABSOLUTE
    g_rfPhyRxDcIQ                            0x1fff0a60   Data           0  bb_rom_sym_m0.txt ABSOLUTE
    g_dtmTick                                0x1fff0a64   Data           0  bb_rom_sym_m0.txt ABSOLUTE
    g_rfPhyFreqOffSet                        0x1fff0a68   Data           0  bb_rom_sym_m0.txt ABSOLUTE
    g_rfPhyDtmCmd                            0x1fff0a69   Data           0  bb_rom_sym_m0.txt ABSOLUTE
    g_rfPhyDtmEvt                            0x1fff0a6b   Data           0  bb_rom_sym_m0.txt ABSOLUTE
    g_dtmCmd                                 0x1fff0a6d   Data           0  bb_rom_sym_m0.txt ABSOLUTE
    g_dtmFreq                                0x1fff0a6e   Data           0  bb_rom_sym_m0.txt ABSOLUTE
    g_dtmCtrl                                0x1fff0a6f   Data           0  bb_rom_sym_m0.txt ABSOLUTE
    g_dtmPara                                0x1fff0a70   Data           0  bb_rom_sym_m0.txt ABSOLUTE
    g_dtmEvt                                 0x1fff0a71   Data           0  bb_rom_sym_m0.txt ABSOLUTE
    g_dtmStatus                              0x1fff0a72   Data           0  bb_rom_sym_m0.txt ABSOLUTE
    g_dtmTpCalEnable                         0x1fff0a73   Data           0  bb_rom_sym_m0.txt ABSOLUTE
    g_dtmPerAutoIntv                         0x1fff0a74   Data           0  bb_rom_sym_m0.txt ABSOLUTE
    g_dtmAccessCode                          0x1fff0a78   Data           0  bb_rom_sym_m0.txt ABSOLUTE
    g_system_reset_cause                     0x1fff0a80   Data           0  bb_rom_sym_m0.txt ABSOLUTE
    cbTimers                                 0x1fff0afc   Data           0  bb_rom_sym_m0.txt ABSOLUTE
    g_llSleepContext                         0x1fff0b74   Data           0  bb_rom_sym_m0.txt ABSOLUTE
    syncInfo                                 0x1fff0b84   Data           0  bb_rom_sym_m0.txt ABSOLUTE
    scanSyncInfo                             0x1fff0b96   Data           0  bb_rom_sym_m0.txt ABSOLUTE
    adv_param                                0x1fff0ba6   Data           0  bb_rom_sym_m0.txt ABSOLUTE
    scanInfo                                 0x1fff0bbc   Data           0  bb_rom_sym_m0.txt ABSOLUTE
    initInfo                                 0x1fff0bd4   Data           0  bb_rom_sym_m0.txt ABSOLUTE
    extScanInfo                              0x1fff0be8   Data           0  bb_rom_sym_m0.txt ABSOLUTE
    extInitInfo                              0x1fff0c10   Data           0  bb_rom_sym_m0.txt ABSOLUTE
    g_llPeriodAdvSyncInfo                    0x1fff0c50   Data           0  bb_rom_sym_m0.txt ABSOLUTE
    g_ll_conn_ctx                            0x1fff0d30   Data           0  bb_rom_sym_m0.txt ABSOLUTE
    deviceFeatureSet                         0x1fff0e48   Data           0  bb_rom_sym_m0.txt ABSOLUTE
    g_llWhitelist                            0x1fff0e51   Data           0  bb_rom_sym_m0.txt ABSOLUTE
    g_llResolvinglist                        0x1fff0e89   Data           0  bb_rom_sym_m0.txt ABSOLUTE
    g_pmCounters                             0x1fff0ffc   Data           0  bb_rom_sym_m0.txt ABSOLUTE
    g_llPduLen                               0x1fff1084   Data           0  bb_rom_sym_m0.txt ABSOLUTE
    rfCounters                               0x1fff10e0   Data           0  bb_rom_sym_m0.txt ABSOLUTE
    ext_adv_hdr                              0x1fff10ec   Data           0  bb_rom_sym_m0.txt ABSOLUTE
    dataPkt                                  0x1fff1118   Data           0  bb_rom_sym_m0.txt ABSOLUTE
    cachedTRNGdata                           0x1fff1138   Data           0  bb_rom_sym_m0.txt ABSOLUTE
    whiten_seed                              0x1fff1144   Data           0  bb_rom_sym_m0.txt ABSOLUTE
    g_tx_adv_buf                             0x1fff116c   Data           0  bb_rom_sym_m0.txt ABSOLUTE
    g_tx_ext_adv_buf                         0x1fff1278   Data           0  bb_rom_sym_m0.txt ABSOLUTE
    tx_scanRsp_desc                          0x1fff1384   Data           0  bb_rom_sym_m0.txt ABSOLUTE
    g_rx_adv_buf                             0x1fff1490   Data           0  bb_rom_sym_m0.txt ABSOLUTE
    __Vectors                                0x1fff1838   Data           4  startup_armcm0.o(RESET)
    __Vectors_End                            0x1fff1840   Data           0  startup_armcm0.o(RESET)
    __main                                   0x1fff1841   Thumb Code     0  entry.o(.ARM.Collect$$$$00000000)
    _main_stk                                0x1fff1841   Thumb Code     0  entry2.o(.ARM.Collect$$$$00000001)
    _main_scatterload                        0x1fff1845   Thumb Code     0  entry5.o(.ARM.Collect$$$$00000004)
    __main_after_scatterload                 0x1fff1849   Thumb Code     0  entry5.o(.ARM.Collect$$$$00000004)
    _main_clock                              0x1fff1849   Thumb Code     0  entry7b.o(.ARM.Collect$$$$00000008)
    _main_cpp_init                           0x1fff1849   Thumb Code     0  entry8b.o(.ARM.Collect$$$$0000000A)
    _main_init                               0x1fff1849   Thumb Code     0  entry9a.o(.ARM.Collect$$$$0000000B)
    __rt_final_cpp                           0x1fff1851   Thumb Code     0  entry10a.o(.ARM.Collect$$$$0000000D)
    __rt_final_exit                          0x1fff1851   Thumb Code     0  entry11a.o(.ARM.Collect$$$$0000000F)
    Reset_Handler                            0x1fff1855   Thumb Code     8  startup_armcm0.o(.text)
    strstr                                   0x1fff1869   Thumb Code    40  strstr.o(.text)
    __scatterload                            0x1fff1891   Thumb Code    28  init.o(.text)
    __scatterload_rt2                        0x1fff1891   Thumb Code     0  init.o(.text)
    __decompress                             0x1fff18b5   Thumb Code     0  __dczerorl.o(.text)
    __decompress0                            0x1fff18b5   Thumb Code    58  __dczerorl.o(.text)
    SystemInit                               0x1fff18f1   Thumb Code     8  system_armcm0.o(.text.SystemInit)
    app_main                                 0x1fff19c1   Thumb Code    20  findmy_main.o(.text.app_main)
    gpio_key_timer_handler                   0x1fff1dc5   Thumb Code   204  key.o(.text.gpio_key_timer_handler)
    hal_TIMER5_IRQHandler                    0x1fff1ea1   Thumb Code    28  timer.o(.text.hal_TIMER5_IRQHandler)
    hal_TIMER6_IRQHandler                    0x1fff1ec1   Thumb Code    28  timer.o(.text.hal_TIMER6_IRQHandler)
    hal_clk_gate_disable                     0x1fff1ee5   Thumb Code    60  clock.o(.text.hal_clk_gate_disable)
    hal_clk_gate_enable                      0x1fff1f21   Thumb Code    60  clock.o(.text.hal_clk_gate_enable)
    hal_clk_reset                            0x1fff1f61   Thumb Code   106  clock.o(.text.hal_clk_reset)
    hal_flash_read                           0x1fff1fcd   Thumb Code   316  flash.o(.text.hal_flash_read)
    hal_flash_write                          0x1fff2111   Thumb Code   328  flash.o(.text.hal_flash_write)
    hal_fs_init                              0x1fff2271   Thumb Code    36  fs.o(.text.hal_fs_init)
    hal_get_flash_info                       0x1fff2299   Thumb Code   360  flash.o(.text.hal_get_flash_info)
    hal_pwrmgr_RAM_retention                 0x1fff241d   Thumb Code    36  pwrmgr.o(.text.hal_pwrmgr_RAM_retention)
    hal_pwrmgr_RAM_retention_set             0x1fff2441   Thumb Code    24  pwrmgr.o(.text.hal_pwrmgr_RAM_retention_set)
    hal_pwrmgr_init                          0x1fff2459   Thumb Code    32  pwrmgr.o(.text.hal_pwrmgr_init)
    hal_pwrmgr_lock                          0x1fff2485   Thumb Code   188  pwrmgr.o(.text.hal_pwrmgr_lock)
    hal_pwrmgr_register                      0x1fff2541   Thumb Code   208  pwrmgr.o(.text.hal_pwrmgr_register)
    hal_pwrmgr_sleep_process                 0x1fff2611   Thumb Code   184  pwrmgr.o(.text.hal_pwrmgr_sleep_process)
    hal_pwrmgr_unlock                        0x1fff26d1   Thumb Code   300  pwrmgr.o(.text.hal_pwrmgr_unlock)
    hal_pwrmgr_wakeup_process                0x1fff2801   Thumb Code   244  pwrmgr.o(.text.hal_pwrmgr_wakeup_process)
    hal_rc32k_clk_tracking_init              0x1fff2909   Thumb Code    20  clock.o(.text.hal_rc32k_clk_tracking_init)
    hal_rtc_clock_config                     0x1fff292d   Thumb Code   112  clock.o(.text.hal_rtc_clock_config)
    hal_spif_cache_init                      0x1fff29a9   Thumb Code    28  flash.o(.text.hal_spif_cache_init)
    hal_uart_init                            0x1fff29cd   Thumb Code   100  uart.o(.text.hal_uart_init)
    hal_uart_send_buff                       0x1fff2a39   Thumb Code   716  uart.o(.text.hal_uart_send_buff)
    hard_fault                               0x1fff2d15   Thumb Code    48  jump_table.o(.text.hard_fault)
    key_init                                 0x1fff2e81   Thumb Code    48  key.o(.text.key_init)
    main                                     0x1fff2eb5   Thumb Code   444  main.o(.text.main)
    osalInitTasks                            0x1fff3149   Thumb Code    64  osal_findmy.o(.text.osalInitTasks)
    watchdog_config                          0x1fff33e5   Thumb Code   136  watchdog.o(.text.watchdog_config)
    Long Thumb to Thumb Veneer to spif_cmd   0x1fff348d   Thumb Code    12  anon$$obj.o(Veneer$$Code)
    Long Thumb to Thumb Veneer to spif_rddata 0x1fff3499   Thumb Code    12  anon$$obj.o(Veneer$$Code)
    Long Thumb to Thumb Veneer to WaitRTCCount 0x1fff34a5   Thumb Code    12  anon$$obj.o(Veneer$$Code)
    Long Thumb to Thumb Veneer to osal_init_system 0x1fff34b1   Thumb Code    12  anon$$obj.o(Veneer$$Code)
    Long Thumb to Thumb Veneer to osal_pwrmgr_device 0x1fff34bd   Thumb Code    12  anon$$obj.o(Veneer$$Code)
    Long Thumb to Thumb Veneer to osal_start_system 0x1fff34c9   Thumb Code    12  anon$$obj.o(Veneer$$Code)
    Long Thumb to Thumb Veneer to osal_memset 0x1fff34d5   Thumb Code    12  anon$$obj.o(Veneer$$Code)
    Long Thumb to Thumb Veneer to __aeabi_uidivmod 0x1fff34e1   Thumb Code    12  anon$$obj.o(Veneer$$Code)
    Long Thumb to Thumb Veneer to hal_gpio_read 0x1fff34ed   Thumb Code    12  anon$$obj.o(Veneer$$Code)
    Long Thumb to Thumb Veneer to osal_stop_timerEx 0x1fff34f9   Thumb Code    12  anon$$obj.o(Veneer$$Code)
    Long Thumb to Thumb Veneer to getMcuPrecisionCount 0x1fff3505   Thumb Code    12  anon$$obj.o(Veneer$$Code)
    Long Thumb to Thumb Veneer to osal_start_timerEx 0x1fff3511   Thumb Code    12  anon$$obj.o(Veneer$$Code)
    Long Thumb to Thumb Veneer to drv_disable_irq 0x1fff351d   Thumb Code    12  anon$$obj.o(Veneer$$Code)
    Long Thumb to Thumb Veneer to drv_enable_irq 0x1fff3529   Thumb Code    12  anon$$obj.o(Veneer$$Code)
    Long Thumb to Thumb Veneer to spif_write 0x1fff3535   Thumb Code    12  anon$$obj.o(Veneer$$Code)
    Long Thumb to Thumb Veneer to __aeabi_memclr4 0x1fff3541   Thumb Code    12  anon$$obj.o(Veneer$$Code)
    Long Thumb to Thumb Veneer to enableSleep 0x1fff354d   Thumb Code    12  anon$$obj.o(Veneer$$Code)
    Long Thumb to Thumb Veneer to disableSleep 0x1fff3559   Thumb Code    12  anon$$obj.o(Veneer$$Code)
    Long Thumb to Thumb Veneer to hal_gpio_pull_set 0x1fff3565   Thumb Code    12  anon$$obj.o(Veneer$$Code)
    Long Thumb to Thumb Veneer to __aeabi_memcpy 0x1fff3571   Thumb Code    12  anon$$obj.o(Veneer$$Code)
    Long Thumb to Thumb Veneer to log_printf 0x1fff357d   Thumb Code    12  anon$$obj.o(Veneer$$Code)
    Long Thumb to Thumb Veneer to spif_config 0x1fff3589   Thumb Code    12  anon$$obj.o(Veneer$$Code)
    Long Thumb to Thumb Veneer to hal_gpioin_register 0x1fff3595   Thumb Code    12  anon$$obj.o(Veneer$$Code)
    Long Thumb to Thumb Veneer to drv_irq_init 0x1fff35a1   Thumb Code    12  anon$$obj.o(Veneer$$Code)
    Long Thumb to Thumb Veneer to init_config 0x1fff35ad   Thumb Code    12  anon$$obj.o(Veneer$$Code)
    Long Thumb to Thumb Veneer to osal_mem_set_heap 0x1fff35b9   Thumb Code    12  anon$$obj.o(Veneer$$Code)
    Long Thumb to Thumb Veneer to LL_InitConnectContext 0x1fff35c5   Thumb Code    12  anon$$obj.o(Veneer$$Code)
    Long Thumb to Thumb Veneer to clk_init   0x1fff35d1   Thumb Code    12  anon$$obj.o(Veneer$$Code)
    Long Thumb to Thumb Veneer to dbg_printf_init 0x1fff35dd   Thumb Code    12  anon$$obj.o(Veneer$$Code)
    Long Thumb to Thumb Veneer to hal_gpio_init 0x1fff35e9   Thumb Code    12  anon$$obj.o(Veneer$$Code)
    Long Thumb to Thumb Veneer to hal_pwm_module_init 0x1fff35f5   Thumb Code    12  anon$$obj.o(Veneer$$Code)
    Long Thumb to Thumb Veneer to dbg_printf 0x1fff3601   Thumb Code    12  anon$$obj.o(Veneer$$Code)
    Long Thumb to Thumb Veneer to osal_mem_alloc 0x1fff360d   Thumb Code    12  anon$$obj.o(Veneer$$Code)
    Long Thumb to Thumb Veneer to LL_Init    0x1fff3619   Thumb Code    12  anon$$obj.o(Veneer$$Code)
    Long Thumb to Thumb Veneer to HCI_Init   0x1fff3625   Thumb Code    12  anon$$obj.o(Veneer$$Code)
    Long Thumb to Thumb Veneer to osal_CbTimerInit 0x1fff3631   Thumb Code    12  anon$$obj.o(Veneer$$Code)
    Long Thumb to Thumb Veneer to GAP_Init   0x1fff363d   Thumb Code    12  anon$$obj.o(Veneer$$Code)
    Long Thumb to Thumb Veneer to GAPMultiRole_Init 0x1fff3649   Thumb Code    12  anon$$obj.o(Veneer$$Code)
    Long Thumb to Thumb Veneer to FindMy_Init 0x1fff3655   Thumb Code    12  anon$$obj.o(Veneer$$Code)
    Long Thumb to Thumb Veneer to clk_get_pclk 0x1fff3661   Thumb Code    12  anon$$obj.o(Veneer$$Code)
    Long Thumb to Thumb Veneer to hal_gpio_fmux 0x1fff366d   Thumb Code    12  anon$$obj.o(Veneer$$Code)
    Long Thumb to Thumb Veneer to hal_gpio_fmux_set 0x1fff3679   Thumb Code    12  anon$$obj.o(Veneer$$Code)
    Long Thumb to Thumb Veneer to __aeabi_uidiv 0x1fff3685   Thumb Code    12  anon$$obj.o(Veneer$$Code)
    Long Thumb to Thumb Veneer to osal_pwrmgr_powerconserve0 0x1fff3691   Thumb Code    12  anon$$obj.o(Veneer$$Code)
    Long Thumb to Thumb Veneer to config_RTC 0x1fff369d   Thumb Code    12  anon$$obj.o(Veneer$$Code)
    Long Thumb to Thumb Veneer to enter_sleep_off_mode 0x1fff36a9   Thumb Code    12  anon$$obj.o(Veneer$$Code)
    Long Thumb to Thumb Veneer to HCI_SendDataPkt 0x1fff36b5   Thumb Code    12  anon$$obj.o(Veneer$$Code)
    Long Thumb to Thumb Veneer to HCI_CommandStatusEvent 0x1fff36c1   Thumb Code    12  anon$$obj.o(Veneer$$Code)
    Long Thumb to Thumb Veneer to LL_ConnActive 0x1fff36cd   Thumb Code    12  anon$$obj.o(Veneer$$Code)
    Long Thumb to Thumb Veneer to llEnqueueCtrlPkt 0x1fff36d9   Thumb Code    12  anon$$obj.o(Veneer$$Code)
    Long Thumb to Thumb Veneer to LL_ENC_AES128_Encrypt0 0x1fff36e5   Thumb Code    12  anon$$obj.o(Veneer$$Code)
    Long Thumb to Thumb Veneer to LL_ENC_LoadKey 0x1fff36f1   Thumb Code    12  anon$$obj.o(Veneer$$Code)
    Long Thumb to Thumb Veneer to LL_ENC_GenerateNonce 0x1fff36fd   Thumb Code    12  anon$$obj.o(Veneer$$Code)
    Long Thumb to Thumb Veneer to __aeabi_uread4 0x1fff3709   Thumb Code    12  anon$$obj.o(Veneer$$Code)
    Long Thumb to Thumb Veneer to read_current_fine_time 0x1fff3715   Thumb Code    12  anon$$obj.o(Veneer$$Code)
    Long Thumb to Thumb Veneer to ll_debug_output 0x1fff3721   Thumb Code    12  anon$$obj.o(Veneer$$Code)
    Long Thumb to Thumb Veneer to ll_hw_get_irq_status 0x1fff372d   Thumb Code    12  anon$$obj.o(Veneer$$Code)
    Long Thumb to Thumb Veneer to ll_hw_get_tr_mode 0x1fff3739   Thumb Code    12  anon$$obj.o(Veneer$$Code)
    Long Thumb to Thumb Veneer to ll_hw_clr_irq 0x1fff3745   Thumb Code    12  anon$$obj.o(Veneer$$Code)
    Long Thumb to Thumb Veneer to ll_processExtAdvIRQ 0x1fff3751   Thumb Code    12  anon$$obj.o(Veneer$$Code)
    Long Thumb to Thumb Veneer to ll_processExtScanIRQ 0x1fff375d   Thumb Code    12  anon$$obj.o(Veneer$$Code)
    Long Thumb to Thumb Veneer to ll_processExtInitIRQ 0x1fff3769   Thumb Code    12  anon$$obj.o(Veneer$$Code)
    Long Thumb to Thumb Veneer to ll_processPrdAdvIRQ 0x1fff3775   Thumb Code    12  anon$$obj.o(Veneer$$Code)
    Long Thumb to Thumb Veneer to ll_processPrdScanIRQ 0x1fff3781   Thumb Code    12  anon$$obj.o(Veneer$$Code)
    Long Thumb to Thumb Veneer to ll_processBasicIRQ 0x1fff378d   Thumb Code    12  anon$$obj.o(Veneer$$Code)
    Long Thumb to Thumb Veneer to ll_schedule_next_event 0x1fff3799   Thumb Code    12  anon$$obj.o(Veneer$$Code)
    Long Thumb to Thumb Veneer to llSecAdvAllow 0x1fff37a5   Thumb Code    12  anon$$obj.o(Veneer$$Code)
    Long Thumb to Thumb Veneer to llSetupSecAdvEvt 0x1fff37b1   Thumb Code    12  anon$$obj.o(Veneer$$Code)
    Long Thumb to Thumb Veneer to ll_hw_set_rx_timeout 0x1fff37bd   Thumb Code    12  anon$$obj.o(Veneer$$Code)
    Long Thumb to Thumb Veneer to llSetupSecScan 0x1fff37c9   Thumb Code    12  anon$$obj.o(Veneer$$Code)
    Long Thumb to Thumb Veneer to llSetupSecInit 0x1fff37d5   Thumb Code    12  anon$$obj.o(Veneer$$Code)
    Long Thumb to Thumb Veneer to __ARM_common_switch8 0x1fff37e1   Thumb Code    12  anon$$obj.o(Veneer$$Code)
    Long Thumb to Thumb Veneer to llSetupAdv 0x1fff37ed   Thumb Code    12  anon$$obj.o(Veneer$$Code)
    Long Thumb to Thumb Veneer to osal_set_event 0x1fff37f9   Thumb Code    12  anon$$obj.o(Veneer$$Code)
    Long Thumb to Thumb Veneer to clear_timer 0x1fff3805   Thumb Code    12  anon$$obj.o(Veneer$$Code)
    Long Thumb to Thumb Veneer to LL_SetAdvParam0 0x1fff3811   Thumb Code    12  anon$$obj.o(Veneer$$Code)
    Long Thumb to Thumb Veneer to LL_SetDataLengh0 0x1fff381d   Thumb Code    12  anon$$obj.o(Veneer$$Code)
    Long Thumb to Thumb Veneer to LL_set_default_conn_params0 0x1fff3829   Thumb Code    12  anon$$obj.o(Veneer$$Code)
    Long Thumb to Thumb Veneer to efuse_read 0x1fff3835   Thumb Code    12  anon$$obj.o(Veneer$$Code)
    Long Thumb to Thumb Veneer to rtc_get_counter 0x1fff3841   Thumb Code    12  anon$$obj.o(Veneer$$Code)
    Long Thumb to Thumb Veneer to set_sleep_flag 0x1fff384d   Thumb Code    12  anon$$obj.o(Veneer$$Code)
    Long Thumb to Thumb Veneer to read_LL_remainder_time 0x1fff3859   Thumb Code    12  anon$$obj.o(Veneer$$Code)
    Long Thumb to Thumb Veneer to enterSleepProcess0 0x1fff3865   Thumb Code    12  anon$$obj.o(Veneer$$Code)
    Long Thumb to Thumb Veneer to osal_memcmp 0x1fff3871   Thumb Code    12  anon$$obj.o(Veneer$$Code)
    Long Thumb to Thumb Veneer to llConnTerminate0 0x1fff387d   Thumb Code    12  anon$$obj.o(Veneer$$Code)
    Long Thumb to Thumb Veneer to llProcessChanMap 0x1fff3889   Thumb Code    12  anon$$obj.o(Veneer$$Code)
    Long Thumb to Thumb Veneer to llProcessTxData0 0x1fff3895   Thumb Code    12  anon$$obj.o(Veneer$$Code)
    Long Thumb to Thumb Veneer to llSetupNextSlaveEvent0 0x1fff38a1   Thumb Code    12  anon$$obj.o(Veneer$$Code)
    Long Thumb to Thumb Veneer to llSetupSecConnectableAdvEvt 0x1fff38ad   Thumb Code    12  anon$$obj.o(Veneer$$Code)
    Long Thumb to Thumb Veneer to llSetupSecNonConnectableAdvEvt 0x1fff38b9   Thumb Code    12  anon$$obj.o(Veneer$$Code)
    Long Thumb to Thumb Veneer to llSetupSecScannableAdvEvt 0x1fff38c5   Thumb Code    12  anon$$obj.o(Veneer$$Code)
    Long Thumb to Thumb Veneer to ll_hw_get_loop_cycle 0x1fff38d1   Thumb Code    12  anon$$obj.o(Veneer$$Code)
    Long Thumb to Thumb Veneer to ll_hw_get_anchor 0x1fff38dd   Thumb Code    12  anon$$obj.o(Veneer$$Code)
    Long Thumb to Thumb Veneer to ll_hw_write_tfifo 0x1fff38e9   Thumb Code    12  anon$$obj.o(Veneer$$Code)
    Long Thumb to Thumb Veneer to ll_hw_get_tfifo_wrptr 0x1fff38f5   Thumb Code    12  anon$$obj.o(Veneer$$Code)
    Long Thumb to Thumb Veneer to getTxBufferSize 0x1fff3901   Thumb Code    12  anon$$obj.o(Veneer$$Code)
    Long Thumb to Thumb Veneer to get_tx_read_ptr 0x1fff390d   Thumb Code    12  anon$$obj.o(Veneer$$Code)
    Long Thumb to Thumb Veneer to update_tx_read_ptr 0x1fff3919   Thumb Code    12  anon$$obj.o(Veneer$$Code)
    Long Thumb to Thumb Veneer to osal_memcpy 0x1fff3925   Thumb Code    12  anon$$obj.o(Veneer$$Code)
    Long Thumb to Thumb Veneer to set_max_length 0x1fff3931   Thumb Code    12  anon$$obj.o(Veneer$$Code)
    Long Thumb to Thumb Veneer to ll_scheduler0 0x1fff393d   Thumb Code    12  anon$$obj.o(Veneer$$Code)
    Long Thumb to Thumb Veneer to ll_hw_set_crc_fmt 0x1fff3949   Thumb Code    12  anon$$obj.o(Veneer$$Code)
    Long Thumb to Thumb Veneer to ll_hw_tx2rx_timing_config 0x1fff3955   Thumb Code    12  anon$$obj.o(Veneer$$Code)
    Long Thumb to Thumb Veneer to osalTimeUpdate 0x1fff3961   Thumb Code    12  anon$$obj.o(Veneer$$Code)
    Long Thumb to Thumb Veneer to set_timer  0x1fff396d   Thumb Code    12  anon$$obj.o(Veneer$$Code)
    Long Thumb to Thumb Veneer to app_wakeup_process 0x1fff3979   Thumb Code    12  anon$$obj.o(Veneer$$Code)
    Long Thumb to Thumb Veneer to ll_hw_set_empty_head 0x1fff3985   Thumb Code    12  anon$$obj.o(Veneer$$Code)
    Long Thumb to Thumb Veneer to ll_hw_set_rx_timeout_1st 0x1fff3991   Thumb Code    12  anon$$obj.o(Veneer$$Code)
    Long Thumb to Thumb Veneer to ll_hw_set_loop_timeout 0x1fff399d   Thumb Code    12  anon$$obj.o(Veneer$$Code)
    Long Thumb to Thumb Veneer to ll_hw_set_timing 0x1fff39a9   Thumb Code    12  anon$$obj.o(Veneer$$Code)
    Long Thumb to Thumb Veneer to ll_hw_ign_rfifo 0x1fff39b5   Thumb Code    12  anon$$obj.o(Veneer$$Code)
    hal_UART0_IRQHandler                     0x1fff39c1   Thumb Code   624  uart.o(_section_sram_code_)
    hal_UART1_IRQHandler                     0x1fff3c3d   Thumb Code   636  uart.o(_section_sram_code_)
    hal_watchdog_init                        0x1fff3ec9   Thumb Code   120  watchdog.o(_section_sram_code_)
    osal_idle_task                           0x1fff3f59   Thumb Code    16  pwrmgr.o(_section_sram_code_)
    hal_pwrmgr_enter_sleep_rtc_reset         0x1fff3f6d   Thumb Code    52  pwrmgr.o(_section_sram_code_)
    L2CAP_Fragment_SendDataPkt               0x1fff3fa9   Thumb Code    38  l2cap_util.o(_section_sram_code_)
    l2capSegmentBuffToLinkLayer              0x1fff3fcf   Thumb Code    90  l2cap_util.o(_section_sram_code_)
    l2capPocessFragmentTxData                0x1fff4029   Thumb Code    34  l2cap_util.o(_section_sram_code_)
    HCI_LE_ConnUpdateCmd                     0x1fff4051   Thumb Code    24  patch.o(i.HCI_LE_ConnUpdateCmd)
    LL_ConnUpdate1                           0x1fff406d   Thumb Code   218  patch.o(i.LL_ConnUpdate1)
    LL_ENC_AES128_Encrypt1                   0x1fff415d   Thumb Code    26  patch.o(i.LL_ENC_AES128_Encrypt1)
    LL_ENC_Decrypt1                          0x1fff4179   Thumb Code   364  patch.o(i.LL_ENC_Decrypt1)
    LL_ENC_Encrypt1                          0x1fff42f1   Thumb Code   342  patch.o(i.LL_ENC_Encrypt1)
    LL_IRQHandler1                           0x1fff4451   Thumb Code   350  patch.o(i.LL_IRQHandler1)
    LL_SetAdvControl1                        0x1fff45d1   Thumb Code   446  patch.o(i.LL_SetAdvControl1)
    LL_SetAdvParam1                          0x1fff47bd   Thumb Code    66  patch.o(i.LL_SetAdvParam1)
    LL_SetDataLengh1                         0x1fff480d   Thumb Code    40  patch.o(i.LL_SetDataLengh1)
    LL_set_default_conn_params1              0x1fff483d   Thumb Code    14  patch.o(i.LL_set_default_conn_params1)
    __psr                                    0x1fff4865   Thumb Code     6  patch.o(i.__psr)
    __scatterload_copy                       0x1fff486b   Thumb Code    14  handlers.o(i.__scatterload_copy)
    __scatterload_null                       0x1fff4879   Thumb Code     2  handlers.o(i.__scatterload_null)
    __scatterload_zeroinit                   0x1fff487b   Thumb Code    14  handlers.o(i.__scatterload_zeroinit)
    __wdt_init                               0x1fff4889   Thumb Code    12  patch.o(i.__wdt_init)
    _efuse_chip_version_check                0x1fff4899   Thumb Code    26  phy_sec_ext.o(i._efuse_chip_version_check)
    _rom_sec_boot_init                       0x1fff48b9   Thumb Code    22  phy_sec_ext.o(i._rom_sec_boot_init)
    config_RTC1                              0x1fff4b39   Thumb Code   110  patch.o(i.config_RTC1)
    efuse_init                               0x1fff4bc9   Thumb Code    14  phy_sec_ext.o(i.efuse_init)
    enterSleepProcess1                       0x1fff4be1   Thumb Code    34  patch.o(i.enterSleepProcess1)
    finidv                                   0x1fff4c0d   Thumb Code   126  phy_sec_ext.o(i.finidv)
    hal_rom_boot_init                        0x1fff4c99   Thumb Code     8  patch.o(i.hal_rom_boot_init)
    llCalcMaxScanTime1                       0x1fff4ca1   Thumb Code    54  patch.o(i.llCalcMaxScanTime1)
    llConnTerminate1                         0x1fff4ce1   Thumb Code    64  patch.o(i.llConnTerminate1)
    llProcessTxData1                         0x1fff4d25   Thumb Code    12  patch.o(i.llProcessTxData1)
    llSecAdvAllow1                           0x1fff4d31   Thumb Code    62  patch.o(i.llSecAdvAllow1)
    llSetupNextSlaveEvent1                   0x1fff4d81   Thumb Code    30  patch.o(i.llSetupNextSlaveEvent1)
    llSetupSecAdvEvt1                        0x1fff4dad   Thumb Code   128  patch.o(i.llSetupSecAdvEvt1)
    ll_adptive_adj_next_time1                0x1fff4e45   Thumb Code   154  patch.o(i.ll_adptive_adj_next_time1)
    ll_generateTxBuffer1                     0x1fff4f01   Thumb Code   410  patch.o(i.ll_generateTxBuffer1)
    ll_hw_go1                                0x1fff50ad   Thumb Code   314  patch.o(i.ll_hw_go1)
    ll_patch_slave                           0x1fff5249   Thumb Code    38  patch.o(i.ll_patch_slave)
    ll_processBasicIRQ_SRX                   0x1fff5295   Thumb Code    20  patch.o(i.ll_processBasicIRQ_SRX)
    ll_processBasicIRQ_ScanTRX               0x1fff52ad   Thumb Code    20  patch.o(i.ll_processBasicIRQ_ScanTRX)
    ll_processBasicIRQ_secondaryAdvTRX       0x1fff52c5   Thumb Code    20  patch.o(i.ll_processBasicIRQ_secondaryAdvTRX)
    ll_processBasicIRQ_secondaryInitSRX      0x1fff52dd   Thumb Code    20  patch.o(i.ll_processBasicIRQ_secondaryInitSRX)
    ll_processBasicIRQ_secondaryScanSRX      0x1fff52f5   Thumb Code    20  patch.o(i.ll_processBasicIRQ_secondaryScanSRX)
    ll_scheduler2                            0x1fff530d   Thumb Code    56  patch.o(i.ll_scheduler2)
    rc32k_calibration                        0x1fff5355   Thumb Code   112  rf_phy_driver.o(i.rc32k_calibration)
    rc32k_cap_cal                            0x1fff53c9   Thumb Code    74  patch.o(i.rc32k_cap_cal)
    rf_calibrate1                            0x1fff544d   Thumb Code    32  rf_phy_driver.o(i.rf_calibrate1)
    rf_phy_ana_cfg                           0x1fff547d   Thumb Code   228  rf_phy_driver.o(i.rf_phy_ana_cfg)
    rf_phy_bb_cfg                            0x1fff5595   Thumb Code   304  rf_phy_driver.o(i.rf_phy_bb_cfg)
    rf_phy_change_cfg0                       0x1fff5739   Thumb Code   138  rf_phy_driver.o(i.rf_phy_change_cfg0)
    rf_phy_ini                               0x1fff57e1   Thumb Code    42  rf_phy_driver.o(i.rf_phy_ini)
    rf_phy_set_txPower                       0x1fff581d   Thumb Code   108  rf_phy_driver.o(i.rf_phy_set_txPower)
    rf_rxDcoc_cfg                            0x1fff5891   Thumb Code   236  rf_phy_driver.o(i.rf_rxDcoc_cfg)
    rf_tpCal_gen_cap_arrary                  0x1fff59b1   Thumb Code    60  rf_phy_driver.o(i.rf_tpCal_gen_cap_arrary)
    rf_tp_cal                                0x1fff59fd   Thumb Code   236  rf_phy_driver.o(i.rf_tp_cal)
    wakeupProcess1                           0x1fff5b19   Thumb Code   392  patch.o(i.wakeupProcess1)
    wakeup_init1                             0x1fff5cf5   Thumb Code   270  patch.o(i.wakeup_init1)
    tasksArr                                 0x1fff5efc   Data          24  osal_findmy.o(.rodata.tasksArr)
    tasksCnt                                 0x1fff5f14   Data           1  osal_findmy.o(.rodata.tasksCnt)
    Region$$Table$$Base                      0x1fff5f18   Number         0  anon$$obj.o(Region$$Table)
    CreateConn_Flag                          0x1fff5f68   Data           1  patch.o(.data)
    Region$$Table$$Limit                     0x1fff5f68   Number         0  anon$$obj.o(Region$$Table)
    g_lastSlaveLatency                       0x1fff5f6a   Data           2  patch.o(.data)
    pGlobal_config                           0x1fff5f6c   Data           4  patch.o(.data)
    g_t_llhwgo                               0x1fff5f70   Data           4  patch.o(.data)
    g_xtal16M_tmp                            0x1fff5f74   Data           4  patch.o(.data)
    g_xtal96M_temp                           0x1fff5f78   Data           4  patch.o(.data)
    DLL_enable_num                           0x1fff5f7c   Data           4  patch.o(.data)
    tracking_cnt                             0x1fff5f80   Data           4  patch.o(.data)
    sleep_total                              0x1fff5f84   Data           4  patch.o(.data)
    gapAppTaskID                             0x1fff5fa0   Data           1  gap_configmgr.o(.data)
    gapProfileRole                           0x1fff5fa1   Data           1  gap_configmgr.o(.data)
    gapDeviceAddrMode                        0x1fff5fa2   Data           1  gap_configmgr.o(.data)
    gapAutoAdvPrivateAddrChange              0x1fff5fa3   Data           1  gap_configmgr.o(.data)
    gapPrivateAddrChangeTimeout              0x1fff5fa4   Data           2  gap_configmgr.o(.data)
    gapUnwantedTaskID                        0x1fff6018   Data           1  gap_task.o(.data)
    gapTaskID                                0x1fff6019   Data           1  gap_task.o(.data)
    pfnPeripheralCBs                         0x1fff601c   Data           4  gap_task.o(.data)
    s_company_id                             0x1fff6024   Data           4  phy_sec_ext.o(.data)
    g_ota_sec_key_valid                      0x1fff6028   Data           1  phy_sec_ext.o(.data)
    pGapDiscReq                              0x1fff602c   Data           4  gap_devmgr.o(.data)
    pGapAdvertState                          0x1fff6030   Data           4  gap_devmgr.o(.data)
    pEstLink                                 0x1fff6038   Data           4  gap_linkmgr.o(.data)
    pAuthLink                                0x1fff603c   Data           4  gap_linkmgr.o(.data)
    pfnCentralConnCBs                        0x1fff6040   Data           4  gap_linkmgr.o(.data)
    g_ATT_MTU_SIZE_MAX                       0x1fff6044   Data           2  att_util.o(.data)
    g_ATT_MAX_NUM_HANDLES_INFO               0x1fff6046   Data           2  att_util.o(.data)
    g_ATT_MAX_NUM_HANDLES                    0x1fff6048   Data           2  att_util.o(.data)
    gAttMtuSize                              0x1fff604a   Data           2  att_util.o(.data)
    l2capTaskID                              0x1fff604c   Data           1  l2cap_task.o(.data)
    s_config_swClk1                          0x1fff6050   Data           4  pwrmgr.o(.data..L_MergedGlobals)
    beepCount                                0x1fff6058   Data           4  findmy.o(.data..L_MergedGlobals)
    SystemCoreClock                          0x1fff60c4   Data           4  system_armcm0.o(.data.SystemCoreClock)
    g_wdt_cycle                              0x1fff60c8   Data           1  watchdog.o(.data.g_wdt_cycle)
    phy_flash                                0x1fff60cc   Data          12  flash.o(.data.phy_flash)
    pwroff_register_number                   0x1fff60e8   Data           1  pwrmgr.o(_section_standby_var_)
    g_ota_sec_key                            0x1fff612c   Data          16  phy_sec_ext.o(.bss)
    l2capFixedChannels                       0x1fff6178   Data          16  l2cap_task.o(.bss)
    l2capChannels                            0x1fff6188   Data          30  l2cap_task.o(.bss)
    l2capReassemblePkt                       0x1fff61a8   Data          16  l2cap_util.o(.bss)
    l2capSegmentPkt                          0x1fff61b8   Data          92  l2cap_util.o(.bss)
    g_sarDbgCnt                              0x1fff6214   Data          52  l2cap_util.o(.bss)
    s_gpio_wakeup_src_group1                 0x1fff62ac   Data           4  pwrmgr.o(.bss..L_MergedGlobals.1)
    s_gpio_wakeup_src_group2                 0x1fff62b0   Data           4  pwrmgr.o(.bss..L_MergedGlobals.1)
    findMy_TaskID                            0x1fff62b8   Data           1  findmy.o(.bss..L_MergedGlobals.18)
    devMacData                               0x1fff62b9   Data           6  findmy.o(.bss..L_MergedGlobals.18)
    pwmCh                                    0x1fff62c0   Data          10  findmy.o(.bss..L_MergedGlobals.18)
    g_clk32K_config                          0x1fff6321   Data           1  main.o(.bss.g_clk32K_config)
    g_largeHeap                              0x1fff6324   Data        4096  main.o(.bss.g_largeHeap)
    g_pConnectionBuffer                      0x1fff7324   Data         480  main.o(.bss.g_pConnectionBuffer)
    g_perStatsByChanTest                     0x1fff7504   Data         444  findmy.o(.bss.g_perStatsByChanTest)
    key_state                                0x1fff76c0   Data          20  key.o(.bss.key_state)
    pConnContext                             0x1fff78b8   Data         644  main.o(.bss.pConnContext)
    tasksEvents                              0x1fff7b40   Data           4  osal_findmy.o(.bss.tasksEvents)
    trap_c_callback                          0x1fff7b44   Data           4  jump_table.o(.bss.trap_c_callback)
    __initial_sp                             0x1fff7f48   Data           0  startup_armcm0.o(STACK)



==============================================================================

Memory Map of the image

  Image Entry point : 0x1fff1841

  Load Region LR_IROM1 (Base: 0x1fff1838, Size: 0x000048b8, Max: 0x0000e7c8, ABSOLUTE, COMPRESSED[0x00004800])

    Execution Region ER_IROM1 (Exec base: 0x1fff1838, Load base: 0x1fff1838, Size: 0x00006710, Max: 0x0000e7c8, ABSOLUTE, COMPRESSED[0x000000d0])

    Exec Addr    Load Addr    Size         Type   Attr      Idx    E Section Name        Object

    0x1fff1838   0x1fff1838   0x00000008   Data   RO          547    RESET               startup_armcm0.o
    0x1fff1840   0x1fff1840   0x00000000   Code   RO         1530  * .ARM.Collect$$$$00000000  mc_p.l(entry.o)
    0x1fff1840   0x1fff1840   0x00000004   Code   RO         1535    .ARM.Collect$$$$00000001  mc_p.l(entry2.o)
    0x1fff1844   0x1fff1844   0x00000004   Code   RO         1538    .ARM.Collect$$$$00000004  mc_p.l(entry5.o)
    0x1fff1848   0x1fff1848   0x00000000   Code   RO         1540    .ARM.Collect$$$$00000008  mc_p.l(entry7b.o)
    0x1fff1848   0x1fff1848   0x00000000   Code   RO         1542    .ARM.Collect$$$$0000000A  mc_p.l(entry8b.o)
    0x1fff1848   0x1fff1848   0x00000008   Code   RO         1543    .ARM.Collect$$$$0000000B  mc_p.l(entry9a.o)
    0x1fff1850   0x1fff1850   0x00000000   Code   RO         1545    .ARM.Collect$$$$0000000D  mc_p.l(entry10a.o)
    0x1fff1850   0x1fff1850   0x00000000   Code   RO         1547    .ARM.Collect$$$$0000000F  mc_p.l(entry11a.o)
    0x1fff1850   0x1fff1850   0x00000004   Code   RO         1536    .ARM.Collect$$$$00002712  mc_p.l(entry2.o)
    0x1fff1854   0x1fff1854   0x00000014   Code   RO          548    .text               startup_armcm0.o
    0x1fff1868   0x1fff1868   0x00000028   Code   RO         1533    .text               mc_p.l(strstr.o)
    0x1fff1890   0x1fff1890   0x00000024   Code   RO         1549    .text               mc_p.l(init.o)
    0x1fff18b4   0x1fff18b4   0x0000003a   Code   RO         1559    .text               mc_p.l(__dczerorl.o)
    0x1fff18ee   COMPRESSED   0x00000002   PAD
    0x1fff18f0   0x1fff18f0   0x00000010   Code   RO          557    .text.SystemInit    system_armcm0.o
    0x1fff1900   0x1fff1900   0x000000c0   Code   RO          319    .text._spif_wait_nobusy_x  flash.o
    0x1fff19c0   0x1fff19c0   0x00000014   Code   RO          475    .text.app_main      findmy_main.o
    0x1fff19d4   0x1fff19d4   0x00000224   Code   RO          404    .text.fs_init       fs.o
    0x1fff1bf8   0x1fff1bf8   0x000001cc   Code   RO          392    .text.fs_search_items  fs.o
    0x1fff1dc4   0x1fff1dc4   0x000000dc   Code   RO          254    .text.gpio_key_timer_handler  key.o
    0x1fff1ea0   0x1fff1ea0   0x00000020   Code   RO          142    .text.hal_TIMER5_IRQHandler  timer.o
    0x1fff1ec0   0x1fff1ec0   0x00000024   Code   RO          144    .text.hal_TIMER6_IRQHandler  timer.o
    0x1fff1ee4   0x1fff1ee4   0x0000003c   Code   RO           52    .text.hal_clk_gate_disable  clock.o
    0x1fff1f20   0x1fff1f20   0x00000040   Code   RO           50    .text.hal_clk_gate_enable  clock.o
    0x1fff1f60   0x1fff1f60   0x0000006a   Code   RO           58    .text.hal_clk_reset  clock.o
    0x1fff1fca   COMPRESSED   0x00000002   PAD
    0x1fff1fcc   0x1fff1fcc   0x00000144   Code   RO          325    .text.hal_flash_read  flash.o
    0x1fff2110   0x1fff2110   0x00000160   Code   RO          327    .text.hal_flash_write  flash.o
    0x1fff2270   0x1fff2270   0x00000028   Code   RO          408    .text.hal_fs_init   fs.o
    0x1fff2298   0x1fff2298   0x00000184   Code   RO          317    .text.hal_get_flash_info  flash.o
    0x1fff241c   0x1fff241c   0x00000024   Code   RO          209    .text.hal_pwrmgr_RAM_retention  pwrmgr.o
    0x1fff2440   0x1fff2440   0x00000018   Code   RO          207    .text.hal_pwrmgr_RAM_retention_set  pwrmgr.o
    0x1fff2458   0x1fff2458   0x0000002c   Code   RO          189    .text.hal_pwrmgr_init  pwrmgr.o
    0x1fff2484   0x1fff2484   0x000000bc   Code   RO          195    .text.hal_pwrmgr_lock  pwrmgr.o
    0x1fff2540   0x1fff2540   0x000000d0   Code   RO          199    .text.hal_pwrmgr_register  pwrmgr.o
    0x1fff2610   0x1fff2610   0x000000c0   Code   RO          205    .text.hal_pwrmgr_sleep_process  pwrmgr.o
    0x1fff26d0   0x1fff26d0   0x00000130   Code   RO          197    .text.hal_pwrmgr_unlock  pwrmgr.o
    0x1fff2800   0x1fff2800   0x00000108   Code   RO          203    .text.hal_pwrmgr_wakeup_process  pwrmgr.o
    0x1fff2908   0x1fff2908   0x00000024   Code   RO           72    .text.hal_rc32k_clk_tracking_init  clock.o
    0x1fff292c   0x1fff292c   0x0000007c   Code   RO           60    .text.hal_rtc_clock_config  clock.o
    0x1fff29a8   0x1fff29a8   0x00000024   Code   RO          321    .text.hal_spif_cache_init  flash.o
    0x1fff29cc   0x1fff29cc   0x0000006c   Code   RO           22    .text.hal_uart_init  uart.o
    0x1fff2a38   0x1fff2a38   0x000002dc   Code   RO           36    .text.hal_uart_send_buff  uart.o
    0x1fff2d14   0x1fff2d14   0x0000004c   Code   RO          432    .text.hard_fault    jump_table.o
    0x1fff2d60   0x1fff2d60   0x00000120   Code   RO          323    .text.hw_spif_cache_config  flash.o
    0x1fff2e80   0x1fff2e80   0x00000034   Code   RO          250    .text.key_init      key.o
    0x1fff2eb4   0x1fff2eb4   0x00000294   Code   RO            2    .text.main          main.o
    0x1fff3148   0x1fff3148   0x00000044   Code   RO          483    .text.osalInitTasks  osal_findmy.o
    0x1fff318c   0x1fff318c   0x00000098   Code   RO          252    .text.pin_event_handler  key.o
    0x1fff3224   0x1fff3224   0x000001ac   Code   RO           24    .text.uart_hw_init  uart.o
    0x1fff33d0   0x1fff33d0   0x0000000a   Code   RO           26    .text.uart_wakeup_process_0  uart.o
    0x1fff33da   0x1fff33da   0x0000000a   Code   RO           28    .text.uart_wakeup_process_1  uart.o
    0x1fff33e4   0x1fff33e4   0x000000a8   Code   RO          176    .text.watchdog_config  watchdog.o
    0x1fff348c   0x1fff348c   0x0000000c   Ven    RO         1561    Veneer$$Code        anon$$obj.o
    0x1fff3498   0x1fff3498   0x0000000c   Ven    RO         1562    Veneer$$Code        anon$$obj.o
    0x1fff34a4   0x1fff34a4   0x0000000c   Ven    RO         1563    Veneer$$Code        anon$$obj.o
    0x1fff34b0   0x1fff34b0   0x0000000c   Ven    RO         1564    Veneer$$Code        anon$$obj.o
    0x1fff34bc   0x1fff34bc   0x0000000c   Ven    RO         1565    Veneer$$Code        anon$$obj.o
    0x1fff34c8   0x1fff34c8   0x0000000c   Ven    RO         1566    Veneer$$Code        anon$$obj.o
    0x1fff34d4   0x1fff34d4   0x0000000c   Ven    RO         1567    Veneer$$Code        anon$$obj.o
    0x1fff34e0   0x1fff34e0   0x0000000c   Ven    RO         1568    Veneer$$Code        anon$$obj.o
    0x1fff34ec   0x1fff34ec   0x0000000c   Ven    RO         1569    Veneer$$Code        anon$$obj.o
    0x1fff34f8   0x1fff34f8   0x0000000c   Ven    RO         1570    Veneer$$Code        anon$$obj.o
    0x1fff3504   0x1fff3504   0x0000000c   Ven    RO         1571    Veneer$$Code        anon$$obj.o
    0x1fff3510   0x1fff3510   0x0000000c   Ven    RO         1572    Veneer$$Code        anon$$obj.o
    0x1fff351c   0x1fff351c   0x0000000c   Ven    RO         1573    Veneer$$Code        anon$$obj.o
    0x1fff3528   0x1fff3528   0x0000000c   Ven    RO         1574    Veneer$$Code        anon$$obj.o
    0x1fff3534   0x1fff3534   0x0000000c   Ven    RO         1575    Veneer$$Code        anon$$obj.o
    0x1fff3540   0x1fff3540   0x0000000c   Ven    RO         1576    Veneer$$Code        anon$$obj.o
    0x1fff354c   0x1fff354c   0x0000000c   Ven    RO         1577    Veneer$$Code        anon$$obj.o
    0x1fff3558   0x1fff3558   0x0000000c   Ven    RO         1578    Veneer$$Code        anon$$obj.o
    0x1fff3564   0x1fff3564   0x0000000c   Ven    RO         1579    Veneer$$Code        anon$$obj.o
    0x1fff3570   0x1fff3570   0x0000000c   Ven    RO         1580    Veneer$$Code        anon$$obj.o
    0x1fff357c   0x1fff357c   0x0000000c   Ven    RO         1581    Veneer$$Code        anon$$obj.o
    0x1fff3588   0x1fff3588   0x0000000c   Ven    RO         1582    Veneer$$Code        anon$$obj.o
    0x1fff3594   0x1fff3594   0x0000000c   Ven    RO         1583    Veneer$$Code        anon$$obj.o
    0x1fff35a0   0x1fff35a0   0x0000000c   Ven    RO         1584    Veneer$$Code        anon$$obj.o
    0x1fff35ac   0x1fff35ac   0x0000000c   Ven    RO         1585    Veneer$$Code        anon$$obj.o
    0x1fff35b8   0x1fff35b8   0x0000000c   Ven    RO         1586    Veneer$$Code        anon$$obj.o
    0x1fff35c4   0x1fff35c4   0x0000000c   Ven    RO         1587    Veneer$$Code        anon$$obj.o
    0x1fff35d0   0x1fff35d0   0x0000000c   Ven    RO         1588    Veneer$$Code        anon$$obj.o
    0x1fff35dc   0x1fff35dc   0x0000000c   Ven    RO         1589    Veneer$$Code        anon$$obj.o
    0x1fff35e8   0x1fff35e8   0x0000000c   Ven    RO         1590    Veneer$$Code        anon$$obj.o
    0x1fff35f4   0x1fff35f4   0x0000000c   Ven    RO         1591    Veneer$$Code        anon$$obj.o
    0x1fff3600   0x1fff3600   0x0000000c   Ven    RO         1592    Veneer$$Code        anon$$obj.o
    0x1fff360c   0x1fff360c   0x0000000c   Ven    RO         1593    Veneer$$Code        anon$$obj.o
    0x1fff3618   0x1fff3618   0x0000000c   Ven    RO         1594    Veneer$$Code        anon$$obj.o
    0x1fff3624   0x1fff3624   0x0000000c   Ven    RO         1595    Veneer$$Code        anon$$obj.o
    0x1fff3630   0x1fff3630   0x0000000c   Ven    RO         1596    Veneer$$Code        anon$$obj.o
    0x1fff363c   0x1fff363c   0x0000000c   Ven    RO         1597    Veneer$$Code        anon$$obj.o
    0x1fff3648   0x1fff3648   0x0000000c   Ven    RO         1598    Veneer$$Code        anon$$obj.o
    0x1fff3654   0x1fff3654   0x0000000c   Ven    RO         1599    Veneer$$Code        anon$$obj.o
    0x1fff3660   0x1fff3660   0x0000000c   Ven    RO         1600    Veneer$$Code        anon$$obj.o
    0x1fff366c   0x1fff366c   0x0000000c   Ven    RO         1601    Veneer$$Code        anon$$obj.o
    0x1fff3678   0x1fff3678   0x0000000c   Ven    RO         1602    Veneer$$Code        anon$$obj.o
    0x1fff3684   0x1fff3684   0x0000000c   Ven    RO         1603    Veneer$$Code        anon$$obj.o
    0x1fff3690   0x1fff3690   0x0000000c   Ven    RO         1604    Veneer$$Code        anon$$obj.o
    0x1fff369c   0x1fff369c   0x0000000c   Ven    RO         1605    Veneer$$Code        anon$$obj.o
    0x1fff36a8   0x1fff36a8   0x0000000c   Ven    RO         1606    Veneer$$Code        anon$$obj.o
    0x1fff36b4   0x1fff36b4   0x0000000c   Ven    RO         1607    Veneer$$Code        anon$$obj.o
    0x1fff36c0   0x1fff36c0   0x0000000c   Ven    RO         1608    Veneer$$Code        anon$$obj.o
    0x1fff36cc   0x1fff36cc   0x0000000c   Ven    RO         1609    Veneer$$Code        anon$$obj.o
    0x1fff36d8   0x1fff36d8   0x0000000c   Ven    RO         1610    Veneer$$Code        anon$$obj.o
    0x1fff36e4   0x1fff36e4   0x0000000c   Ven    RO         1611    Veneer$$Code        anon$$obj.o
    0x1fff36f0   0x1fff36f0   0x0000000c   Ven    RO         1612    Veneer$$Code        anon$$obj.o
    0x1fff36fc   0x1fff36fc   0x0000000c   Ven    RO         1613    Veneer$$Code        anon$$obj.o
    0x1fff3708   0x1fff3708   0x0000000c   Ven    RO         1614    Veneer$$Code        anon$$obj.o
    0x1fff3714   0x1fff3714   0x0000000c   Ven    RO         1615    Veneer$$Code        anon$$obj.o
    0x1fff3720   0x1fff3720   0x0000000c   Ven    RO         1616    Veneer$$Code        anon$$obj.o
    0x1fff372c   0x1fff372c   0x0000000c   Ven    RO         1617    Veneer$$Code        anon$$obj.o
    0x1fff3738   0x1fff3738   0x0000000c   Ven    RO         1618    Veneer$$Code        anon$$obj.o
    0x1fff3744   0x1fff3744   0x0000000c   Ven    RO         1619    Veneer$$Code        anon$$obj.o
    0x1fff3750   0x1fff3750   0x0000000c   Ven    RO         1620    Veneer$$Code        anon$$obj.o
    0x1fff375c   0x1fff375c   0x0000000c   Ven    RO         1621    Veneer$$Code        anon$$obj.o
    0x1fff3768   0x1fff3768   0x0000000c   Ven    RO         1622    Veneer$$Code        anon$$obj.o
    0x1fff3774   0x1fff3774   0x0000000c   Ven    RO         1623    Veneer$$Code        anon$$obj.o
    0x1fff3780   0x1fff3780   0x0000000c   Ven    RO         1624    Veneer$$Code        anon$$obj.o
    0x1fff378c   0x1fff378c   0x0000000c   Ven    RO         1625    Veneer$$Code        anon$$obj.o
    0x1fff3798   0x1fff3798   0x0000000c   Ven    RO         1626    Veneer$$Code        anon$$obj.o
    0x1fff37a4   0x1fff37a4   0x0000000c   Ven    RO         1627    Veneer$$Code        anon$$obj.o
    0x1fff37b0   0x1fff37b0   0x0000000c   Ven    RO         1628    Veneer$$Code        anon$$obj.o
    0x1fff37bc   0x1fff37bc   0x0000000c   Ven    RO         1629    Veneer$$Code        anon$$obj.o
    0x1fff37c8   0x1fff37c8   0x0000000c   Ven    RO         1630    Veneer$$Code        anon$$obj.o
    0x1fff37d4   0x1fff37d4   0x0000000c   Ven    RO         1631    Veneer$$Code        anon$$obj.o
    0x1fff37e0   0x1fff37e0   0x0000000c   Ven    RO         1632    Veneer$$Code        anon$$obj.o
    0x1fff37ec   0x1fff37ec   0x0000000c   Ven    RO         1633    Veneer$$Code        anon$$obj.o
    0x1fff37f8   0x1fff37f8   0x0000000c   Ven    RO         1634    Veneer$$Code        anon$$obj.o
    0x1fff3804   0x1fff3804   0x0000000c   Ven    RO         1635    Veneer$$Code        anon$$obj.o
    0x1fff3810   0x1fff3810   0x0000000c   Ven    RO         1636    Veneer$$Code        anon$$obj.o
    0x1fff381c   0x1fff381c   0x0000000c   Ven    RO         1637    Veneer$$Code        anon$$obj.o
    0x1fff3828   0x1fff3828   0x0000000c   Ven    RO         1638    Veneer$$Code        anon$$obj.o
    0x1fff3834   0x1fff3834   0x0000000c   Ven    RO         1639    Veneer$$Code        anon$$obj.o
    0x1fff3840   0x1fff3840   0x0000000c   Ven    RO         1640    Veneer$$Code        anon$$obj.o
    0x1fff384c   0x1fff384c   0x0000000c   Ven    RO         1641    Veneer$$Code        anon$$obj.o
    0x1fff3858   0x1fff3858   0x0000000c   Ven    RO         1642    Veneer$$Code        anon$$obj.o
    0x1fff3864   0x1fff3864   0x0000000c   Ven    RO         1643    Veneer$$Code        anon$$obj.o
    0x1fff3870   0x1fff3870   0x0000000c   Ven    RO         1644    Veneer$$Code        anon$$obj.o
    0x1fff387c   0x1fff387c   0x0000000c   Ven    RO         1645    Veneer$$Code        anon$$obj.o
    0x1fff3888   0x1fff3888   0x0000000c   Ven    RO         1646    Veneer$$Code        anon$$obj.o
    0x1fff3894   0x1fff3894   0x0000000c   Ven    RO         1647    Veneer$$Code        anon$$obj.o
    0x1fff38a0   0x1fff38a0   0x0000000c   Ven    RO         1648    Veneer$$Code        anon$$obj.o
    0x1fff38ac   0x1fff38ac   0x0000000c   Ven    RO         1649    Veneer$$Code        anon$$obj.o
    0x1fff38b8   0x1fff38b8   0x0000000c   Ven    RO         1650    Veneer$$Code        anon$$obj.o
    0x1fff38c4   0x1fff38c4   0x0000000c   Ven    RO         1651    Veneer$$Code        anon$$obj.o
    0x1fff38d0   0x1fff38d0   0x0000000c   Ven    RO         1652    Veneer$$Code        anon$$obj.o
    0x1fff38dc   0x1fff38dc   0x0000000c   Ven    RO         1653    Veneer$$Code        anon$$obj.o
    0x1fff38e8   0x1fff38e8   0x0000000c   Ven    RO         1654    Veneer$$Code        anon$$obj.o
    0x1fff38f4   0x1fff38f4   0x0000000c   Ven    RO         1655    Veneer$$Code        anon$$obj.o
    0x1fff3900   0x1fff3900   0x0000000c   Ven    RO         1656    Veneer$$Code        anon$$obj.o
    0x1fff390c   0x1fff390c   0x0000000c   Ven    RO         1657    Veneer$$Code        anon$$obj.o
    0x1fff3918   0x1fff3918   0x0000000c   Ven    RO         1658    Veneer$$Code        anon$$obj.o
    0x1fff3924   0x1fff3924   0x0000000c   Ven    RO         1659    Veneer$$Code        anon$$obj.o
    0x1fff3930   0x1fff3930   0x0000000c   Ven    RO         1660    Veneer$$Code        anon$$obj.o
    0x1fff393c   0x1fff393c   0x0000000c   Ven    RO         1661    Veneer$$Code        anon$$obj.o
    0x1fff3948   0x1fff3948   0x0000000c   Ven    RO         1662    Veneer$$Code        anon$$obj.o
    0x1fff3954   0x1fff3954   0x0000000c   Ven    RO         1663    Veneer$$Code        anon$$obj.o
    0x1fff3960   0x1fff3960   0x0000000c   Ven    RO         1664    Veneer$$Code        anon$$obj.o
    0x1fff396c   0x1fff396c   0x0000000c   Ven    RO         1665    Veneer$$Code        anon$$obj.o
    0x1fff3978   0x1fff3978   0x0000000c   Ven    RO         1666    Veneer$$Code        anon$$obj.o
    0x1fff3984   0x1fff3984   0x0000000c   Ven    RO         1667    Veneer$$Code        anon$$obj.o
    0x1fff3990   0x1fff3990   0x0000000c   Ven    RO         1668    Veneer$$Code        anon$$obj.o
    0x1fff399c   0x1fff399c   0x0000000c   Ven    RO         1669    Veneer$$Code        anon$$obj.o
    0x1fff39a8   0x1fff39a8   0x0000000c   Ven    RO         1670    Veneer$$Code        anon$$obj.o
    0x1fff39b4   0x1fff39b4   0x0000000c   Ven    RO         1671    Veneer$$Code        anon$$obj.o
    0x1fff39c0   0x1fff39c0   0x0000027c   Code   RO           18    _section_sram_code_  uart.o
    0x1fff3c3c   0x1fff3c3c   0x0000028c   Code   RO           20    _section_sram_code_  uart.o
    0x1fff3ec8   0x1fff3ec8   0x00000090   Code   RO          172    _section_sram_code_  watchdog.o
    0x1fff3f58   0x1fff3f58   0x00000050   Code   RO          187    _section_sram_code_  pwrmgr.o
    0x1fff3fa8   0x1fff3fa8   0x000000a8   Code   RO         1333    _section_sram_code_  ble_host.lib(l2cap_util.o)
    0x1fff4050   0x1fff4050   0x0000001c   Code   RO          569    i.HCI_LE_ConnUpdateCmd  rf.lib(patch.o)
    0x1fff406c   0x1fff406c   0x000000f0   Code   RO          573    i.LL_ConnUpdate1    rf.lib(patch.o)
    0x1fff415c   0x1fff415c   0x0000001a   Code   RO          575    i.LL_ENC_AES128_Encrypt1  rf.lib(patch.o)
    0x1fff4176   COMPRESSED   0x00000002   PAD
    0x1fff4178   0x1fff4178   0x00000178   Code   RO          576    i.LL_ENC_Decrypt1   rf.lib(patch.o)
    0x1fff42f0   0x1fff42f0   0x00000160   Code   RO          577    i.LL_ENC_Encrypt1   rf.lib(patch.o)
    0x1fff4450   0x1fff4450   0x00000180   Code   RO          580    i.LL_IRQHandler1    rf.lib(patch.o)
    0x1fff45d0   0x1fff45d0   0x000001ec   Code   RO          585    i.LL_SetAdvControl1  rf.lib(patch.o)
    0x1fff47bc   0x1fff47bc   0x00000050   Code   RO          586    i.LL_SetAdvParam1   rf.lib(patch.o)
    0x1fff480c   0x1fff480c   0x00000030   Code   RO          587    i.LL_SetDataLengh1  rf.lib(patch.o)
    0x1fff483c   0x1fff483c   0x00000014   Code   RO          591    i.LL_set_default_conn_params1  rf.lib(patch.o)
    0x1fff4850   0x1fff4850   0x00000014   Code   RO          593    i.NVIC_EnableIRQ    rf.lib(patch.o)
    0x1fff4864   0x1fff4864   0x00000006   Code   RO          722    i.__psr             rf.lib(patch.o)
    0x1fff486a   0x1fff486a   0x0000000e   Code   RO         1553    i.__scatterload_copy  mc_p.l(handlers.o)
    0x1fff4878   0x1fff4878   0x00000002   Code   RO         1554    i.__scatterload_null  mc_p.l(handlers.o)
    0x1fff487a   0x1fff487a   0x0000000e   Code   RO         1555    i.__scatterload_zeroinit  mc_p.l(handlers.o)
    0x1fff4888   0x1fff4888   0x00000010   Code   RO          594    i.__wdt_init        rf.lib(patch.o)
    0x1fff4898   0x1fff4898   0x00000020   Code   RO          946    i._efuse_chip_version_check  rf.lib(phy_sec_ext.o)
    0x1fff48b8   0x1fff48b8   0x0000001c   Code   RO          947    i._rom_sec_boot_init  rf.lib(phy_sec_ext.o)
    0x1fff48d4   0x1fff48d4   0x00000154   Code   RO          595    i.check_16MXtal_by_rcTracking  rf.lib(patch.o)
    0x1fff4a28   0x1fff4a28   0x00000110   Code   RO          596    i.check_96MXtal_by_rcTracking  rf.lib(patch.o)
    0x1fff4b38   0x1fff4b38   0x00000090   Code   RO          598    i.config_RTC1       rf.lib(patch.o)
    0x1fff4bc8   0x1fff4bc8   0x00000018   Code   RO          948    i.efuse_init        rf.lib(phy_sec_ext.o)
    0x1fff4be0   0x1fff4be0   0x0000002c   Code   RO          600    i.enterSleepProcess1  rf.lib(patch.o)
    0x1fff4c0c   0x1fff4c0c   0x0000008c   Code   RO          949    i.finidv            rf.lib(phy_sec_ext.o)
    0x1fff4c98   0x1fff4c98   0x00000008   Code   RO          602    i.hal_rom_boot_init  rf.lib(patch.o)
    0x1fff4ca0   0x1fff4ca0   0x00000040   Code   RO          605    i.llCalcMaxScanTime1  rf.lib(patch.o)
    0x1fff4ce0   0x1fff4ce0   0x00000044   Code   RO          606    i.llConnTerminate1  rf.lib(patch.o)
    0x1fff4d24   0x1fff4d24   0x0000000c   Code   RO          610    i.llProcessTxData1  rf.lib(patch.o)
    0x1fff4d30   0x1fff4d30   0x00000050   Code   RO          611    i.llSecAdvAllow1    rf.lib(patch.o)
    0x1fff4d80   0x1fff4d80   0x0000002c   Code   RO          612    i.llSetupNextSlaveEvent1  rf.lib(patch.o)
    0x1fff4dac   0x1fff4dac   0x00000098   Code   RO          613    i.llSetupSecAdvEvt1  rf.lib(patch.o)
    0x1fff4e44   0x1fff4e44   0x000000bc   Code   RO          616    i.ll_adptive_adj_next_time1  rf.lib(patch.o)
    0x1fff4f00   0x1fff4f00   0x000001ac   Code   RO          617    i.ll_generateTxBuffer1  rf.lib(patch.o)
    0x1fff50ac   0x1fff50ac   0x0000019c   Code   RO          618    i.ll_hw_go1         rf.lib(patch.o)
    0x1fff5248   0x1fff5248   0x0000004c   Code   RO          622    i.ll_patch_slave    rf.lib(patch.o)
    0x1fff5294   0x1fff5294   0x00000018   Code   RO          623    i.ll_processBasicIRQ_SRX  rf.lib(patch.o)
    0x1fff52ac   0x1fff52ac   0x00000018   Code   RO          625    i.ll_processBasicIRQ_ScanTRX  rf.lib(patch.o)
    0x1fff52c4   0x1fff52c4   0x00000018   Code   RO          627    i.ll_processBasicIRQ_secondaryAdvTRX  rf.lib(patch.o)
    0x1fff52dc   0x1fff52dc   0x00000018   Code   RO          629    i.ll_processBasicIRQ_secondaryInitSRX  rf.lib(patch.o)
    0x1fff52f4   0x1fff52f4   0x00000018   Code   RO          631    i.ll_processBasicIRQ_secondaryScanSRX  rf.lib(patch.o)
    0x1fff530c   0x1fff530c   0x00000048   Code   RO          634    i.ll_scheduler2     rf.lib(patch.o)
    0x1fff5354   0x1fff5354   0x00000074   Code   RO          730    i.rc32k_calibration  rf.lib(rf_phy_driver.o)
    0x1fff53c8   0x1fff53c8   0x00000058   Code   RO          637    i.rc32k_cap_cal     rf.lib(patch.o)
    0x1fff5420   0x1fff5420   0x0000002c   Code   RO          638    i.read_LL_remainder_time1  rf.lib(patch.o)
    0x1fff544c   0x1fff544c   0x00000030   Code   RO          731    i.rf_calibrate1     rf.lib(rf_phy_driver.o)
    0x1fff547c   0x1fff547c   0x00000118   Code   RO          732    i.rf_phy_ana_cfg    rf.lib(rf_phy_driver.o)
    0x1fff5594   0x1fff5594   0x000001a4   Code   RO          733    i.rf_phy_bb_cfg     rf.lib(rf_phy_driver.o)
    0x1fff5738   0x1fff5738   0x000000a8   Code   RO          734    i.rf_phy_change_cfg0  rf.lib(rf_phy_driver.o)
    0x1fff57e0   0x1fff57e0   0x0000003c   Code   RO          750    i.rf_phy_ini        rf.lib(rf_phy_driver.o)
    0x1fff581c   0x1fff581c   0x00000074   Code   RO          751    i.rf_phy_set_txPower  rf.lib(rf_phy_driver.o)
    0x1fff5890   0x1fff5890   0x00000120   Code   RO          752    i.rf_rxDcoc_cfg     rf.lib(rf_phy_driver.o)
    0x1fff59b0   0x1fff59b0   0x0000004c   Code   RO          755    i.rf_tpCal_gen_cap_arrary  rf.lib(rf_phy_driver.o)
    0x1fff59fc   0x1fff59fc   0x0000011c   Code   RO          756    i.rf_tp_cal         rf.lib(rf_phy_driver.o)
    0x1fff5b18   0x1fff5b18   0x000001dc   Code   RO          640    i.wakeupProcess1    rf.lib(patch.o)
    0x1fff5cf4   0x1fff5cf4   0x00000140   Code   RO          641    i.wakeup_init1      rf.lib(patch.o)
    0x1fff5e34   0x1fff5e34   0x00000011   Data   RO          953    .conststring        rf.lib(phy_sec_ext.o)
    0x1fff5e45   COMPRESSED   0x00000003   PAD
    0x1fff5e48   0x1fff5e48   0x0000000c   Data   RO           41    .rodata..L__const.irq_tx_empty_handler.evt  uart.o
    0x1fff5e54   0x1fff5e54   0x00000054   Data   RO            5    .rodata.str1.1      main.o
    0x1fff5ea8   0x1fff5ea8   0x00000052   Data   RO          434    .rodata.str1.1      jump_table.o
    0x1fff5efa   COMPRESSED   0x00000002   PAD
    0x1fff5efc   0x1fff5efc   0x00000018   Data   RO          485    .rodata.tasksArr    osal_findmy.o
    0x1fff5f14   0x1fff5f14   0x00000001   Data   RO          486    .rodata.tasksCnt    osal_findmy.o
    0x1fff5f15   COMPRESSED   0x00000003   PAD
    0x1fff5f18   0x1fff5f18   0x00000050   Data   RO         1552    Region$$Table       anon$$obj.o
    0x1fff5f68   COMPRESSED   0x00000020   Data   RW          645    .data               rf.lib(patch.o)
    0x1fff5f88   COMPRESSED   0x00000018   Data   RW          807    .data               ble_host.lib(gap_centdevmgr.o)
    0x1fff5fa0   COMPRESSED   0x0000005a   Data   RW          848    .data               ble_host.lib(gap_configmgr.o)
    0x1fff5ffa   COMPRESSED   0x00000002   PAD
    0x1fff5ffc   COMPRESSED   0x0000001c   Data   RW          896    .data               ble_host.lib(gap_peridevmgr.o)
    0x1fff6018   COMPRESSED   0x0000000c   Data   RW          932    .data               ble_host.lib(gap_task.o)
    0x1fff6024   COMPRESSED   0x00000004   Data   RW          954    .data               rf.lib(phy_sec_ext.o)
    0x1fff6028   COMPRESSED   0x00000001   Data   RW          955    .data               rf.lib(phy_sec_ext.o)
    0x1fff6029   COMPRESSED   0x00000003   PAD
    0x1fff602c   COMPRESSED   0x00000008   Data   RW          992    .data               ble_host.lib(gap_devmgr.o)
    0x1fff6034   COMPRESSED   0x00000010   Data   RW         1024    .data               ble_host.lib(gap_linkmgr.o)
    0x1fff6044   COMPRESSED   0x00000008   Data   RW         1255    .data               ble_host.lib(att_util.o)
    0x1fff604c   COMPRESSED   0x00000001   Data   RW         1323    .data               ble_host.lib(l2cap_task.o)
    0x1fff604d   COMPRESSED   0x00000003   PAD
    0x1fff6050   COMPRESSED   0x00000008   Data   RW          224    .data..L_MergedGlobals  pwrmgr.o
    0x1fff6058   COMPRESSED   0x00000047   Data   RW          465    .data..L_MergedGlobals  findmy.o
    0x1fff609f   COMPRESSED   0x00000001   PAD
    0x1fff60a0   COMPRESSED   0x00000023   Data   RW          536    .data..L_MergedGlobals  multi.o
    0x1fff60c3   COMPRESSED   0x00000001   PAD
    0x1fff60c4   COMPRESSED   0x00000004   Data   RW          559    .data.SystemCoreClock  system_armcm0.o
    0x1fff60c8   COMPRESSED   0x00000001   Data   RW          178    .data.g_wdt_cycle   watchdog.o
    0x1fff60c9   COMPRESSED   0x00000003   PAD
    0x1fff60cc   COMPRESSED   0x0000000c   Data   RW          345    .data.phy_flash     flash.o
    0x1fff60d8   COMPRESSED   0x00000006   Data   RW          291    .data.pwm_gpio_map  pwm.o
    0x1fff60de   COMPRESSED   0x00000002   PAD
    0x1fff60e0   COMPRESSED   0x00000008   Data   RW          346    .data.s_xflashCtx   flash.o
    0x1fff60e8   COMPRESSED   0x00000001   Data   RW          222    _section_standby_var_  pwrmgr.o
    0x1fff60e9   COMPRESSED   0x00000007   PAD
    0x1fff60f0        -       0x00000020   Zero   RW          642    .bss                rf.lib(patch.o)
    0x1fff6110        -       0x0000001c   Zero   RW          847    .bss                ble_host.lib(gap_configmgr.o)
    0x1fff612c        -       0x00000010   Zero   RW          951    .bss                rf.lib(phy_sec_ext.o)
    0x1fff613c        -       0x0000003c   Zero   RW         1088    .bss                ble_host.lib(linkdb.o)
    0x1fff6178        -       0x0000002e   Zero   RW         1322    .bss                ble_host.lib(l2cap_task.o)
    0x1fff61a6   COMPRESSED   0x00000002   PAD
    0x1fff61a8        -       0x000000a0   Zero   RW         1367    .bss                ble_host.lib(l2cap_util.o)
    0x1fff6248        -       0x00000046   Zero   RW          292    .bss..L_MergedGlobals  pwm.o
    0x1fff628e   COMPRESSED   0x00000002   PAD
    0x1fff6290        -       0x0000001c   Zero   RW          412    .bss..L_MergedGlobals  fs.o
    0x1fff62ac        -       0x0000000c   Zero   RW          225    .bss..L_MergedGlobals.1  pwrmgr.o
    0x1fff62b8        -       0x00000022   Zero   RW          466    .bss..L_MergedGlobals.18  findmy.o
    0x1fff62da   COMPRESSED   0x00000002   PAD
    0x1fff62dc        -       0x00000045   Zero   RW          537    .bss..L_MergedGlobals.3  multi.o
    0x1fff6321        -       0x00000001   Zero   RW            4    .bss.g_clk32K_config  main.o
    0x1fff6322   COMPRESSED   0x00000002   PAD
    0x1fff6324        -       0x00001000   Zero   RW            8    .bss.g_largeHeap    main.o
    0x1fff7324        -       0x000001e0   Zero   RW            6    .bss.g_pConnectionBuffer  main.o
    0x1fff7504        -       0x000001bc   Zero   RW          462    .bss.g_perStatsByChanTest  findmy.o
    0x1fff76c0        -       0x00000014   Zero   RW          256    .bss.key_state      key.o
    0x1fff76d4        -       0x00000078   Zero   RW          221    .bss.mCtx           pwrmgr.o
    0x1fff774c        -       0x0000012c   Zero   RW          133    .bss.m_gpioCtx      gpio.o
    0x1fff7878        -       0x00000040   Zero   RW           40    .bss.m_uartCtx      uart.o
    0x1fff78b8        -       0x00000284   Zero   RW            7    .bss.pConnContext   main.o
    0x1fff7b3c        -       0x00000004   Zero   RW          161    .bss.s_ap_callback  timer.o
    0x1fff7b40        -       0x00000004   Zero   RW          487    .bss.tasksEvents    osal_findmy.o
    0x1fff7b44        -       0x00000004   Zero   RW          435    .bss.trap_c_callback  jump_table.o
    0x1fff7b48        -       0x00000400   Zero   RW          545    STACK               startup_armcm0.o



  Load Region LR_ROM_JT_GC (Base: 0x1fff0000, Size: 0x00000800, Max: 0x00000800, ABSOLUTE, COMPRESSED[0x0000040c])

    Execution Region JUMP_TABLE (Exec base: 0x1fff0000, Load base: 0x1fff0000, Size: 0x00000400, Max: 0x00000400, ABSOLUTE)

    Exec Addr    Load Addr    Size         Type   Attr      Idx    E Section Name        Object

    0x1fff0000   0x1fff0000   0x00000400   Data   RO          436    jump_table_mem_area  jump_table.o


    Execution Region GOLBAL_CONFIG (Exec base: 0x1fff0400, Load base: 0x1fff0400, Size: 0x00000400, Max: 0x00000400, ABSOLUTE, COMPRESSED[0x0000000c])

    Exec Addr    Load Addr    Size         Type   Attr      Idx    E Section Name        Object

    0x1fff0400   COMPRESSED   0x00000400   Data   RW          437    global_config_area  jump_table.o



  Load Region LR_ROM_XIP (Base: 0x11020000, Size: 0x00003d54, Max: 0x00020000, ABSOLUTE)

    Execution Region ER_ROM_XIP (Exec base: 0x11020000, Load base: 0x11020000, Size: 0x00003d54, Max: 0x00020000, ABSOLUTE)

    Exec Addr    Load Addr    Size         Type   Attr      Idx    E Section Name        Object

    0x11020000   0x11020000   0x0000017c   Code   RO          450    .text.FindMy_Init   findmy.o
    0x1102017c   0x1102017c   0x000001d0   Code   RO          454    .text.FindMy_ProcessEvent  findmy.o
    0x1102034c   0x1102034c   0x0000000c   Code   RO          527    .text.GAPMultiRole_CancelDiscovery  multi.o
    0x11020358   0x11020358   0x00000028   Code   RO          529    .text.GAPMultiRole_Init  multi.o
    0x11020380   0x11020380   0x000000c0   Code   RO          531    .text.GAPMultiRole_ProcessEvent  multi.o
    0x11020440   0x11020440   0x00000054   Code   RO          521    .text.GAPMultiRole_SetParameter  multi.o
    0x11020494   0x11020494   0x00000020   Code   RO          519    .text.GAPMultiRole_StartDevice  multi.o
    0x110204b4   0x110204b4   0x0000001c   Code   RO          525    .text.GAPMultiRole_StartDiscovery  multi.o
    0x110204d0   0x110204d0   0x0000019c   Code   RO          495    .text.GAPRole_SetParameter  multi.o
    0x1102066c   0x1102066c   0x00000078   Code   RO          421    .text.GAP_DeviceInit  gap.o
    0x110206e4   0x110206e4   0x000004d4   Code   RO          234    .text.dbg_printf    my_printf.o
    0x11020bb8   0x11020bb8   0x0000001c   Code   RO          236    .text.dbg_printf_init  my_printf.o
    0x11020bd4   0x11020bd4   0x000000a8   Code   RO          458    .text.findMy_broadcasterEventCB  findmy.o
    0x11020c7c   0x11020c7c   0x00000064   Code   RO          452    .text.findMy_keyPressEvt  findmy.o
    0x11020ce0   0x11020ce0   0x0000018c   Code   RO          460    .text.findMy_observerEventCB  findmy.o
    0x11020e6c   0x11020e6c   0x000000c8   Code   RO          533    .text.gapRole_ProcessGAPMsg  multi.o
    0x11020f34   0x11020f34   0x000000ac   Code   RO          112    .text.hal_GPIO_IRQHandler  gpio.o
    0x11020fe0   0x11020fe0   0x0000001c   Code   RO           92    .text.hal_gpio_fmux  gpio.o
    0x11020ffc   0x11020ffc   0x00000038   Code   RO           94    .text.hal_gpio_fmux_set  gpio.o
    0x11021034   0x11021034   0x00000058   Code   RO          120    .text.hal_gpio_init  gpio.o
    0x1102108c   0x1102108c   0x00000038   Code   RO          108    .text.hal_gpio_pull_set  gpio.o
    0x110210c4   0x110210c4   0x00000018   Code   RO           90    .text.hal_gpio_read  gpio.o
    0x110210dc   0x110210dc   0x00000130   Code   RO          122    .text.hal_gpio_sleep_handler  gpio.o
    0x1102120c   0x1102120c   0x00000198   Code   RO          124    .text.hal_gpio_wakeup_handler  gpio.o
    0x110213a4   0x110213a4   0x000000e0   Code   RO          114    .text.hal_gpioin_enable  gpio.o
    0x11021484   0x11021484   0x00000118   Code   RO          118    .text.hal_gpioin_register  gpio.o
    0x1102159c   0x1102159c   0x0000014c   Code   RO          283    .text.hal_pwm_ch_start  pwm.o
    0x110216e8   0x110216e8   0x00000080   Code   RO          285    .text.hal_pwm_ch_stop  pwm.o
    0x11021768   0x11021768   0x00000220   Code   RO          279    .text.hal_pwm_module_init  pwm.o
    0x11021988   0x11021988   0x000002a4   Code   RO          240    .text.number        my_printf.o
    0x11021c2c   0x11021c2c   0x0000000c   Ven    RO         1672    Veneer$$Code        anon$$obj.o
    0x11021c38   0x11021c38   0x0000000c   Ven    RO         1673    Veneer$$Code        anon$$obj.o
    0x11021c44   0x11021c44   0x0000000c   Ven    RO         1674    Veneer$$Code        anon$$obj.o
    0x11021c50   0x11021c50   0x0000000c   Ven    RO         1675    Veneer$$Code        anon$$obj.o
    0x11021c5c   0x11021c5c   0x0000000c   Ven    RO         1676    Veneer$$Code        anon$$obj.o
    0x11021c68   0x11021c68   0x0000000c   Ven    RO         1677    Veneer$$Code        anon$$obj.o
    0x11021c74   0x11021c74   0x0000000c   Ven    RO         1678    Veneer$$Code        anon$$obj.o
    0x11021c80   0x11021c80   0x0000000c   Ven    RO         1679    Veneer$$Code        anon$$obj.o
    0x11021c8c   0x11021c8c   0x0000000c   Ven    RO         1680    Veneer$$Code        anon$$obj.o
    0x11021c98   0x11021c98   0x0000000c   Ven    RO         1681    Veneer$$Code        anon$$obj.o
    0x11021ca4   0x11021ca4   0x0000000c   Ven    RO         1682    Veneer$$Code        anon$$obj.o
    0x11021cb0   0x11021cb0   0x0000000c   Ven    RO         1683    Veneer$$Code        anon$$obj.o
    0x11021cbc   0x11021cbc   0x0000000c   Ven    RO         1684    Veneer$$Code        anon$$obj.o
    0x11021cc8   0x11021cc8   0x0000000c   Ven    RO         1685    Veneer$$Code        anon$$obj.o
    0x11021cd4   0x11021cd4   0x0000000c   Ven    RO         1686    Veneer$$Code        anon$$obj.o
    0x11021ce0   0x11021ce0   0x0000000c   Ven    RO         1687    Veneer$$Code        anon$$obj.o
    0x11021cec   0x11021cec   0x0000000c   Ven    RO         1688    Veneer$$Code        anon$$obj.o
    0x11021cf8   0x11021cf8   0x0000000c   Ven    RO         1689    Veneer$$Code        anon$$obj.o
    0x11021d04   0x11021d04   0x0000000c   Ven    RO         1690    Veneer$$Code        anon$$obj.o
    0x11021d10   0x11021d10   0x0000000c   Ven    RO         1691    Veneer$$Code        anon$$obj.o
    0x11021d1c   0x11021d1c   0x0000000c   Ven    RO         1692    Veneer$$Code        anon$$obj.o
    0x11021d28   0x11021d28   0x0000000c   Ven    RO         1693    Veneer$$Code        anon$$obj.o
    0x11021d34   0x11021d34   0x0000000c   Ven    RO         1694    Veneer$$Code        anon$$obj.o
    0x11021d40   0x11021d40   0x0000000c   Ven    RO         1695    Veneer$$Code        anon$$obj.o
    0x11021d4c   0x11021d4c   0x0000000c   Ven    RO         1696    Veneer$$Code        anon$$obj.o
    0x11021d58   0x11021d58   0x0000000c   Ven    RO         1697    Veneer$$Code        anon$$obj.o
    0x11021d64   0x11021d64   0x0000000c   Ven    RO         1698    Veneer$$Code        anon$$obj.o
    0x11021d70   0x11021d70   0x0000000c   Ven    RO         1699    Veneer$$Code        anon$$obj.o
    0x11021d7c   0x11021d7c   0x0000000c   Ven    RO         1700    Veneer$$Code        anon$$obj.o
    0x11021d88   0x11021d88   0x0000000c   Ven    RO         1701    Veneer$$Code        anon$$obj.o
    0x11021d94   0x11021d94   0x0000000c   Ven    RO         1702    Veneer$$Code        anon$$obj.o
    0x11021da0   0x11021da0   0x0000000c   Ven    RO         1703    Veneer$$Code        anon$$obj.o
    0x11021dac   0x11021dac   0x0000000c   Ven    RO         1704    Veneer$$Code        anon$$obj.o
    0x11021db8   0x11021db8   0x0000000c   Ven    RO         1705    Veneer$$Code        anon$$obj.o
    0x11021dc4   0x11021dc4   0x0000000c   Ven    RO         1706    Veneer$$Code        anon$$obj.o
    0x11021dd0   0x11021dd0   0x0000000c   Ven    RO         1707    Veneer$$Code        anon$$obj.o
    0x11021ddc   0x11021ddc   0x0000000c   Ven    RO         1708    Veneer$$Code        anon$$obj.o
    0x11021de8   0x11021de8   0x0000000c   Ven    RO         1709    Veneer$$Code        anon$$obj.o
    0x11021df4   0x11021df4   0x0000000c   Ven    RO         1710    Veneer$$Code        anon$$obj.o
    0x11021e00   0x11021e00   0x0000000c   Ven    RO         1711    Veneer$$Code        anon$$obj.o
    0x11021e0c   0x11021e0c   0x0000000c   Ven    RO         1712    Veneer$$Code        anon$$obj.o
    0x11021e18   0x11021e18   0x0000000c   Ven    RO         1713    Veneer$$Code        anon$$obj.o
    0x11021e24   0x11021e24   0x0000000c   Ven    RO         1714    Veneer$$Code        anon$$obj.o
    0x11021e30   0x11021e30   0x0000000c   Ven    RO         1715    Veneer$$Code        anon$$obj.o
    0x11021e3c   0x11021e3c   0x0000000c   Ven    RO         1716    Veneer$$Code        anon$$obj.o
    0x11021e48   0x11021e48   0x0000000c   Ven    RO         1717    Veneer$$Code        anon$$obj.o
    0x11021e54   0x11021e54   0x0000000c   Ven    RO         1718    Veneer$$Code        anon$$obj.o
    0x11021e60   0x11021e60   0x0000000c   Ven    RO         1719    Veneer$$Code        anon$$obj.o
    0x11021e6c   0x11021e6c   0x0000000c   Ven    RO         1720    Veneer$$Code        anon$$obj.o
    0x11021e78   0x11021e78   0x0000000c   Ven    RO         1721    Veneer$$Code        anon$$obj.o
    0x11021e84   0x11021e84   0x0000000c   Ven    RO         1722    Veneer$$Code        anon$$obj.o
    0x11021e90   0x11021e90   0x0000000c   Ven    RO         1723    Veneer$$Code        anon$$obj.o
    0x11021e9c   0x11021e9c   0x0000000c   Ven    RO         1724    Veneer$$Code        anon$$obj.o
    0x11021ea8   0x11021ea8   0x0000000c   Ven    RO         1725    Veneer$$Code        anon$$obj.o
    0x11021eb4   0x11021eb4   0x0000000c   Ven    RO         1726    Veneer$$Code        anon$$obj.o
    0x11021ec0   0x11021ec0   0x0000000c   Ven    RO         1727    Veneer$$Code        anon$$obj.o
    0x11021ecc   0x11021ecc   0x0000000c   Ven    RO         1728    Veneer$$Code        anon$$obj.o
    0x11021ed8   0x11021ed8   0x000003f8   Code   RO          568    _section_xip_code_  rf.lib(patch.o)
    0x110222d0   0x110222d0   0x0000000c   Code   RO         1222    i.ATT_GetCurrentMTUSize  ble_host.lib(att_util.o)
    0x110222dc   0x110222dc   0x00000018   Code   RO         1252    i.ATT_UpdateMtuSize  ble_host.lib(att_util.o)
    0x110222f4   0x110222f4   0x0000003c   Code   RO          793    i.GAP_CentDevMgrInit  ble_host.lib(gap_centdevmgr.o)
    0x11022330   0x11022330   0x00000038   Code   RO          794    i.GAP_DeviceDiscoveryCancel  ble_host.lib(gap_centdevmgr.o)
    0x11022368   0x11022368   0x0000009c   Code   RO          795    i.GAP_DeviceDiscoveryRequest  ble_host.lib(gap_centdevmgr.o)
    0x11022404   0x11022404   0x00000054   Code   RO          873    i.GAP_EndDiscoverable  ble_host.lib(gap_peridevmgr.o)
    0x11022458   0x11022458   0x00000018   Code   RO          828    i.GAP_GetParamValue  ble_host.lib(gap_configmgr.o)
    0x11022470   0x11022470   0x00000020   Code   RO          924    i.GAP_Init          ble_host.lib(gap_task.o)
    0x11022490   0x11022490   0x000000c0   Code   RO          875    i.GAP_MakeDiscoverable  ble_host.lib(gap_peridevmgr.o)
    0x11022550   0x11022550   0x00000008   Code   RO          925    i.GAP_NumActiveConnections  ble_host.lib(gap_task.o)
    0x11022558   0x11022558   0x00000038   Code   RO          829    i.GAP_ParamsInit    ble_host.lib(gap_configmgr.o)
    0x11022590   0x11022590   0x00000048   Code   RO          876    i.GAP_PeriDevMgrInit  ble_host.lib(gap_peridevmgr.o)
    0x110225d8   0x110225d8   0x000000e0   Code   RO          926    i.GAP_ProcessEvent  ble_host.lib(gap_task.o)
    0x110226b8   0x110226b8   0x0000000c   Code   RO          927    i.GAP_RegisterForHCIMsgs  ble_host.lib(gap_task.o)
    0x110226c4   0x110226c4   0x00000020   Code   RO          831    i.GAP_SetParamValue  ble_host.lib(gap_configmgr.o)
    0x110226e4   0x110226e4   0x00000074   Code   RO          880    i.GAP_UpdateAdvertisingData  ble_host.lib(gap_peridevmgr.o)
    0x11022758   0x11022758   0x00000042   Code   RO         1334    i.L2CAP_BuildCmdReject  ble_host.lib(l2cap_util.o)
    0x1102279a   0x1102279a   0x0000000e   Code   RO         1336    i.L2CAP_BuildParamUpdateRsp  ble_host.lib(l2cap_util.o)
    0x110227a8   0x110227a8   0x00000018   Code   RO         1051    i.L2CAP_CmdReject   ble_host.lib(l2cap_if.o)
    0x110227c0   0x110227c0   0x00000018   Code   RO         1053    i.L2CAP_ConnParamUpdateRsp  ble_host.lib(l2cap_if.o)
    0x110227d8   0x110227d8   0x00000008   Code   RO         1338    i.L2CAP_Fragment_bm_alloc  ble_host.lib(l2cap_util.o)
    0x110227e0   0x110227e0   0x00000024   Code   RO         1341    i.L2CAP_ReassemblePkt_Reset  ble_host.lib(l2cap_util.o)
    0x11022804   0x11022804   0x0000002c   Code   RO         1057    i.L2CAP_RegisterApp  ble_host.lib(l2cap_if.o)
    0x11022830   0x11022830   0x00000044   Code   RO         1342    i.L2CAP_SegmentPkt_Reset  ble_host.lib(l2cap_util.o)
    0x11022874   0x11022874   0x00000018   Code   RO         1343    i.L2CAP_bm_alloc    ble_host.lib(l2cap_util.o)
    0x1102288c   0x1102288c   0x00000044   Code   RO         1105    i.SM_CalcRandomAddr  ble_host.lib(sm_mgr.o)
    0x110228d0   0x110228d0   0x0000001a   Code   RO         1009    i.disconnectNext    ble_host.lib(gap_linkmgr.o)
    0x110228ea   0x110228ea   0x00000032   Code   RO          832    i.gapAddAddrAdj     ble_host.lib(gap_configmgr.o)
    0x1102291c   0x1102291c   0x00000054   Code   RO          882    i.gapAllocAdvRecs   ble_host.lib(gap_peridevmgr.o)
    0x11022970   0x11022970   0x00000048   Code   RO          796    i.gapAllocScanRecs  ble_host.lib(gap_centdevmgr.o)
    0x110229b8   0x110229b8   0x0000003c   Code   RO          971    i.gapCancelLinkReq  ble_host.lib(gap_centlinkmgr.o)
    0x110229f4   0x110229f4   0x0000002c   Code   RO          797    i.gapCentProcessHCICmdEvt  ble_host.lib(gap_centdevmgr.o)
    0x11022a20   0x11022a20   0x0000001e   Code   RO          833    i.gapDetermineAddrType  ble_host.lib(gap_configmgr.o)
    0x11022a3e   0x11022a3e   0x00000048   Code   RO          988    i.gapFindADType     ble_host.lib(gap_devmgr.o)
    0x11022a86   0x11022a86   0x00000002   PAD
    0x11022a88   0x11022a88   0x0000004c   Code   RO          798    i.gapFindScanRec    ble_host.lib(gap_centdevmgr.o)
    0x11022ad4   0x11022ad4   0x00000018   Code   RO          887    i.gapFreeAdvertState  ble_host.lib(gap_peridevmgr.o)
    0x11022aec   0x11022aec   0x00000040   Code   RO         1010    i.gapFreeAuthLink   ble_host.lib(gap_linkmgr.o)
    0x11022b2c   0x11022b2c   0x00000018   Code   RO         1011    i.gapFreeEstLink    ble_host.lib(gap_linkmgr.o)
    0x11022b44   0x11022b44   0x00000084   Code   RO          799    i.gapFreeScanRecs   ble_host.lib(gap_centdevmgr.o)
    0x11022bc8   0x11022bc8   0x0000000c   Code   RO          836    i.gapGetIRK         ble_host.lib(gap_configmgr.o)
    0x11022bd4   0x11022bd4   0x00000010   Code   RO          989    i.gapIsAdvertising  ble_host.lib(gap_devmgr.o)
    0x11022be4   0x11022be4   0x00000090   Code   RO          888    i.gapPeriProcessHCICmdCompleteEvt  ble_host.lib(gap_peridevmgr.o)
    0x11022c74   0x11022c74   0x0000013c   Code   RO          800    i.gapProcessAdvertDevInfo  ble_host.lib(gap_centdevmgr.o)
    0x11022db0   0x11022db0   0x00000080   Code   RO          889    i.gapProcessAdvertisingEvt  ble_host.lib(gap_peridevmgr.o)
    0x11022e30   0x11022e30   0x00000044   Code   RO          801    i.gapProcessConnEvt  ble_host.lib(gap_centdevmgr.o)
    0x11022e74   0x11022e74   0x00000014   Code   RO          972    i.gapProcessConnUpdateCmdStatus  ble_host.lib(gap_centlinkmgr.o)
    0x11022e88   0x11022e88   0x00000014   Code   RO         1014    i.gapProcessConnUpdateCompleteEvt  ble_host.lib(gap_linkmgr.o)
    0x11022e9c   0x11022e9c   0x000000e0   Code   RO         1015    i.gapProcessConnectionCompleteEvt  ble_host.lib(gap_linkmgr.o)
    0x11022f7c   0x11022f7c   0x00000034   Code   RO          973    i.gapProcessCreateLLConnCmdStatus  ble_host.lib(gap_centlinkmgr.o)
    0x11022fb0   0x11022fb0   0x00000070   Code   RO         1016    i.gapProcessDisconnectCompleteEvt  ble_host.lib(gap_linkmgr.o)
    0x11023020   0x11023020   0x000000c0   Code   RO          928    i.gapProcessHCICmdCompleteEvt  ble_host.lib(gap_task.o)
    0x110230e0   0x110230e0   0x0000005e   Code   RO          974    i.gapProcessL2CAPSignalEvt  ble_host.lib(gap_centlinkmgr.o)
    0x1102313e   0x1102313e   0x00000002   PAD
    0x11023140   0x11023140   0x0000002c   Code   RO          840    i.gapProcessNewAddr  ble_host.lib(gap_configmgr.o)
    0x1102316c   0x1102316c   0x000000d4   Code   RO          929    i.gapProcessOSALMsg  ble_host.lib(gap_task.o)
    0x11023240   0x11023240   0x0000006c   Code   RO          841    i.gapProcessRandomAddrComplete  ble_host.lib(gap_configmgr.o)
    0x110232ac   0x110232ac   0x00000060   Code   RO          802    i.gapProcessScanningEvt  ble_host.lib(gap_centdevmgr.o)
    0x1102330c   0x1102330c   0x00000044   Code   RO          842    i.gapReadBD_ADDRStatus  ble_host.lib(gap_configmgr.o)
    0x11023350   0x11023350   0x0000003c   Code   RO          843    i.gapReadBufSizeCmdStatus  ble_host.lib(gap_configmgr.o)
    0x1102338c   0x1102338c   0x0000000c   Code   RO          930    i.gapRegisterCentral  ble_host.lib(gap_task.o)
    0x11023398   0x11023398   0x0000000c   Code   RO          931    i.gapRegisterPeripheral  ble_host.lib(gap_task.o)
    0x110233a4   0x110233a4   0x000000d0   Code   RO          803    i.gapSendDevDiscEvent  ble_host.lib(gap_centdevmgr.o)
    0x11023474   0x11023474   0x00000068   Code   RO          804    i.gapSendDeviceInfoEvent  ble_host.lib(gap_centdevmgr.o)
    0x110234dc   0x110234dc   0x00000048   Code   RO          844    i.gapSendDeviceInitDoneEvent  ble_host.lib(gap_configmgr.o)
    0x11023524   0x11023524   0x00000048   Code   RO         1019    i.gapSendLinkUpdateEvent  ble_host.lib(gap_linkmgr.o)
    0x1102356c   0x1102356c   0x0000003c   Code   RO          890    i.gapSendMakeDiscEvent  ble_host.lib(gap_peridevmgr.o)
    0x110235a8   0x110235a8   0x0000001c   Code   RO          805    i.gapSendScanEnable  ble_host.lib(gap_centdevmgr.o)
    0x110235c4   0x110235c4   0x00000088   Code   RO          891    i.gapSetAdvParams   ble_host.lib(gap_peridevmgr.o)
    0x1102364c   0x1102364c   0x0000002c   Code   RO          892    i.gapSetAdvParamsStatus  ble_host.lib(gap_peridevmgr.o)
    0x11023678   0x11023678   0x00000050   Code   RO          806    i.gapSetScanParamStatus  ble_host.lib(gap_centdevmgr.o)
    0x110236c8   0x110236c8   0x00000008   Code   RO          975    i.gapTerminateConnComplete  ble_host.lib(gap_centlinkmgr.o)
    0x110236d0   0x110236d0   0x00000012   Code   RO          991    i.gapValidADType    ble_host.lib(gap_devmgr.o)
    0x110236e2   0x110236e2   0x00000002   PAD
    0x110236e4   0x110236e4   0x00000030   Code   RO          893    i.gapWriteAdvDataStatus  ble_host.lib(gap_peridevmgr.o)
    0x11023714   0x11023714   0x000000b8   Code   RO          894    i.gapWriteAdvEnableStatus  ble_host.lib(gap_peridevmgr.o)
    0x110237cc   0x110237cc   0x0000002c   Code   RO          895    i.isLimitedDiscoverableMode  ble_host.lib(gap_peridevmgr.o)
    0x110237f8   0x110237f8   0x000000b0   Code   RO         1349    i.l2capEncapSendData  ble_host.lib(l2cap_util.o)
    0x110238a8   0x110238a8   0x00000104   Code   RO         1362    i.l2capPktToSegmentBuff  ble_host.lib(l2cap_util.o)
    0x110239ac   0x110239ac   0x00000060   Code   RO         1364    i.l2capSendCmd      ble_host.lib(l2cap_util.o)
    0x11023a0c   0x11023a0c   0x00000058   Code   RO         1076    i.linkDB_Add        ble_host.lib(linkdb.o)
    0x11023a64   0x11023a64   0x00000028   Code   RO         1078    i.linkDB_Find       ble_host.lib(linkdb.o)
    0x11023a8c   0x11023a8c   0x00000038   Code   RO         1079    i.linkDB_FindFirst  ble_host.lib(linkdb.o)
    0x11023ac4   0x11023ac4   0x0000003c   Code   RO         1080    i.linkDB_Init       ble_host.lib(linkdb.o)
    0x11023b00   0x11023b00   0x00000024   Code   RO         1081    i.linkDB_NumActive  ble_host.lib(linkdb.o)
    0x11023b24   0x11023b24   0x00000036   Code   RO         1084    i.linkDB_Remove     ble_host.lib(linkdb.o)
    0x11023b5a   0x11023b5a   0x00000002   PAD
    0x11023b5c   0x11023b5c   0x00000028   Code   RO         1087    i.reportStatusChange  ble_host.lib(linkdb.o)
    0x11023b84   0x11023b84   0x0000005a   Code   RO         1022    i.sendEstLinkEvent  ble_host.lib(gap_linkmgr.o)
    0x11023bde   0x11023bde   0x0000002a   Code   RO         1023    i.sendTerminateEvent  ble_host.lib(gap_linkmgr.o)
    0x11023c08   0x11023c08   0x00000010   Code   RO         1114    i.smEncrypt         ble_host.lib(sm_mgr.o)
    0x11023c18   0x11023c18   0x00000026   Code   RO         1116    i.smGenerateRandBuf  ble_host.lib(sm_mgr.o)
    0x11023c3e   0x11023c3e   0x00000044   Code   RO         1123    i.sm_ah             ble_host.lib(sm_mgr.o)
    0x11023c82   0x11023c82   0x00000017   Data   RO          130    .rodata.c_gpio_index  gpio.o
    0x11023c99   0x11023c99   0x00000045   Data   RO          131    .rodata.c_gpio_pull  gpio.o
    0x11023cde   0x11023cde   0x00000002   PAD
    0x11023ce0   0x11023ce0   0x00000008   Data   RO          463    .rodata.findMy_ObserverCBs  findmy.o
    0x11023ce8   0x11023ce8   0x0000002e   Data   RO          132    .rodata.retention_reg  gpio.o
    0x11023d16   0x11023d16   0x0000002a   Data   RO          464    .rodata.str1.1      findmy.o
    0x11023d40   0x11023d40   0x00000012   Data   RO          535    .rodata.str1.1      multi.o


==============================================================================

Image component sizes


      Code (inc. data)   RO Data    RW Data    ZI Data      Debug   Object Name

       390         32          0          0          0       6800   clock.o
      1508        418         50         71        478      10383   findmy.o
        20          0          0          0          0        414   findmy_main.o
      1580        108          0         20          0      14045   flash.o
      1048         24          0          0         28      13594   fs.o
       120         64          0          0          0       1231   gap.o
      1640         96        138          0        300      20298   gpio.o
        76         28       1106       1024          4       1371   jump_table.o
       424         28          0          0         20       5298   key.o
       660        216         84          0       5221      11180   main.o
      1000         72         18         35         69      13026   multi.o
      1940        446          0          0          0      10360   my_printf.o
        68          4         25          0          4       1001   osal_findmy.o
      1004         56          0          6         70       8923   pwm.o
      1340         56          0          9        132      13824   pwrmgr.o
        20         10          8          0       1024        436   startup_armcm0.o
        16          8          0          4          0        666   system_armcm0.o
        68         12          0          0          4       6226   timer.o
      2576        112         12          0         64      17654   uart.o
       312         56          0          1          0       3721   watchdog.o

    ----------------------------------------------------------------------
     17828       2518       1530       1180       7428     160451   Object Totals
      2016        672         80          0          0          0   (incl. Generated)
         2          0          9         10         10          0   (incl. Padding)

    ----------------------------------------------------------------------

      Code (inc. data)   RO Data    RW Data    ZI Data      Debug   Library Member Name

        36         10          0          8          0        120   att_util.o
      1496        100          0         24          0       1016   gap_centdevmgr.o
       234         16          0          0          0        348   gap_centlinkmgr.o
       556         70          0         90         28        728   gap_configmgr.o
       106          4          0          8          0        200   gap_devmgr.o
       674         36          0         16          0        668   gap_linkmgr.o
      1360        168          0         28          0       1012   gap_peridevmgr.o
       704         80          0         12          0        532   gap_task.o
        92         16          0          0          0        196   l2cap_if.o
         0          0          0          1         46          0   l2cap_task.o
       916         38          0          0        160        764   l2cap_util.o
       374         38          0          0         60        488   linkdb.o
       190          0          0          0          0        292   sm_mgr.o
        58          0          0          0          0          0   __dczerorl.o
         0          0          0          0          0          0   entry.o
         0          0          0          0          0          0   entry10a.o
         0          0          0          0          0          0   entry11a.o
         8          4          0          0          0          0   entry2.o
         4          0          0          0          0          0   entry5.o
         0          0          0          0          0          0   entry7b.o
         0          0          0          0          0          0   entry8b.o
         8          4          0          0          0          0   entry9a.o
        30          0          0          0          0          0   handlers.o
        36          8          0          0          0         68   init.o
        40          0          0          0          0         72   strstr.o
      6556        890          0         32         32       2888   patch.o
       224         36         17          5         16        276   phy_sec_ext.o
      1856        376          0          0          0        732   rf_phy_driver.o

    ----------------------------------------------------------------------
     15570       1894         20        232        344      10400   Library Totals
        12          0          3          8          2          0   (incl. Padding)

    ----------------------------------------------------------------------

      Code (inc. data)   RO Data    RW Data    ZI Data      Debug   Library Name

      6738        576          0        187        294       6364   ble_host.lib
       184         16          0          0          0        140   mc_p.l
      8636       1302         17         37         48       3896   rf.lib

    ----------------------------------------------------------------------
     15570       1894         20        232        344      10400   Library Totals

    ----------------------------------------------------------------------

==============================================================================


      Code (inc. data)   RO Data    RW Data    ZI Data      Debug   

     33398       4412       1550       1412       7772     164599   Grand Totals
     33398       4412       1550        220       7772     164599   ELF Image Totals (compressed)
     33398       4412       1550        220          0          0   ROM Totals

==============================================================================

    Total RO  Size (Code + RO Data)                34948 (  34.13kB)
    Total RW  Size (RW Data + ZI Data)              9184 (   8.97kB)
    Total ROM Size (Code + RO Data + RW Data)      35168 (  34.34kB)

==============================================================================

